ooxi@ooxi:~/code/java/jOOQ$ mvn clean package
[INFO] Scanning for projects...
Downloading: http://repo.maven.apache.org/maven2/org/sonatype/oss/oss-parent/7/oss-parent-7.pom
Downloaded: http://repo.maven.apache.org/maven2/org/sonatype/oss/oss-parent/7/oss-parent-7.pom (5 KB at 21.4 KB/sec)
Downloading: http://repo.maven.apache.org/maven2/org/apache/felix/maven-bundle-plugin/2.1.0/maven-bundle-plugin-2.1.0.pom
Downloaded: http://repo.maven.apache.org/maven2/org/apache/felix/maven-bundle-plugin/2.1.0/maven-bundle-plugin-2.1.0.pom (5 KB at 63.0 KB/sec)
Downloading: http://repo.maven.apache.org/maven2/org/apache/felix/felix-parent/1.2.1/felix-parent-1.2.1.pom
Downloaded: http://repo.maven.apache.org/maven2/org/apache/felix/felix-parent/1.2.1/felix-parent-1.2.1.pom (14 KB at 144.0 KB/sec)
Downloading: http://repo.maven.apache.org/maven2/org/apache/apache/5/apache-5.pom
Downloaded: http://repo.maven.apache.org/maven2/org/apache/apache/5/apache-5.pom (5 KB at 58.8 KB/sec)
Downloading: http://repo.maven.apache.org/maven2/biz/aQute/bndlib/0.0.357/bndlib-0.0.357.pom
Downloaded: http://repo.maven.apache.org/maven2/biz/aQute/bndlib/0.0.357/bndlib-0.0.357.pom (864 B at 13.2 KB/sec)
Downloading: http://repo.maven.apache.org/maven2/net/sf/kxml/kxml2/2.2.2/kxml2-2.2.2.pom
Downloaded: http://repo.maven.apache.org/maven2/net/sf/kxml/kxml2/2.2.2/kxml2-2.2.2.pom (2 KB at 30.3 KB/sec)
Downloading: http://repo.maven.apache.org/maven2/xmlpull/xmlpull/1.1.3.1/xmlpull-1.1.3.1.pom
Downloaded: http://repo.maven.apache.org/maven2/xmlpull/xmlpull/1.1.3.1/xmlpull-1.1.3.1.pom (386 B at 5.3 KB/sec)
Downloading: http://repo.maven.apache.org/maven2/org/apache/felix/org.apache.felix.bundlerepository/1.6.2/org.apache.felix.bundlerepository-1.6.2.pom
Downloaded: http://repo.maven.apache.org/maven2/org/apache/felix/org.apache.felix.bundlerepository/1.6.2/org.apache.felix.bundlerepository-1.6.2.pom (6 KB at 87.2 KB/sec)
Downloading: http://repo.maven.apache.org/maven2/org/osgi/org.osgi.core/4.1.0/org.osgi.core-4.1.0.pom
Downloaded: http://repo.maven.apache.org/maven2/org/osgi/org.osgi.core/4.1.0/org.osgi.core-4.1.0.pom (193 B at 2.0 KB/sec)
Downloading: http://repo.maven.apache.org/maven2/org/easymock/easymock/2.4/easymock-2.4.pom
Downloaded: http://repo.maven.apache.org/maven2/org/easymock/easymock/2.4/easymock-2.4.pom (6 KB at 70.3 KB/sec)
Downloading: http://repo.maven.apache.org/maven2/org/apache/felix/org.osgi.core/1.0.0/org.osgi.core-1.0.0.pom
Downloaded: http://repo.maven.apache.org/maven2/org/apache/felix/org.osgi.core/1.0.0/org.osgi.core-1.0.0.pom (3 KB at 34.6 KB/sec)
Downloading: http://repo.maven.apache.org/maven2/org/apache/felix/felix/1.0.0/felix-1.0.0.pom
Downloaded: http://repo.maven.apache.org/maven2/org/apache/felix/felix/1.0.0/felix-1.0.0.pom (12 KB at 117.2 KB/sec)
Downloading: http://repo.maven.apache.org/maven2/org/apache/apache/4/apache-4.pom
Downloaded: http://repo.maven.apache.org/maven2/org/apache/apache/4/apache-4.pom (5 KB at 61.8 KB/sec)
Downloading: http://repo.maven.apache.org/maven2/org/apache/felix/org.osgi.service.obr/1.0.1/org.osgi.service.obr-1.0.1.pom
Downloaded: http://repo.maven.apache.org/maven2/org/apache/felix/org.osgi.service.obr/1.0.1/org.osgi.service.obr-1.0.1.pom (2 KB at 30.2 KB/sec)
Downloading: http://repo.maven.apache.org/maven2/org/apache/felix/felix/1.0.2/felix-1.0.2.pom
Downloaded: http://repo.maven.apache.org/maven2/org/apache/felix/felix/1.0.2/felix-1.0.2.pom (14 KB at 162.5 KB/sec)
Downloading: http://repo.maven.apache.org/maven2/org/apache/maven/maven-project/2.0.7/maven-project-2.0.7.pom
Downloaded: http://repo.maven.apache.org/maven2/org/apache/maven/maven-project/2.0.7/maven-project-2.0.7.pom (3 KB at 33.4 KB/sec)
Downloading: http://repo.maven.apache.org/maven2/org/apache/maven/maven/2.0.7/maven-2.0.7.pom
Downloaded: http://repo.maven.apache.org/maven2/org/apache/maven/maven/2.0.7/maven-2.0.7.pom (11 KB at 149.5 KB/sec)
Downloading: http://repo.maven.apache.org/maven2/org/apache/maven/maven-parent/5/maven-parent-5.pom
Downloaded: http://repo.maven.apache.org/maven2/org/apache/maven/maven-parent/5/maven-parent-5.pom (15 KB at 195.8 KB/sec)
Downloading: http://repo.maven.apache.org/maven2/org/apache/apache/3/apache-3.pom
Downloaded: http://repo.maven.apache.org/maven2/org/apache/apache/3/apache-3.pom (4 KB at 37.6 KB/sec)
Downloading: http://repo.maven.apache.org/maven2/org/apache/maven/maven-settings/2.0.7/maven-settings-2.0.7.pom
Downloaded: http://repo.maven.apache.org/maven2/org/apache/maven/maven-settings/2.0.7/maven-settings-2.0.7.pom (2 KB at 27.5 KB/sec)
Downloading: http://repo.maven.apache.org/maven2/org/apache/maven/maven-model/2.0.7/maven-model-2.0.7.pom
Downloaded: http://repo.maven.apache.org/maven2/org/apache/maven/maven-model/2.0.7/maven-model-2.0.7.pom (3 KB at 42.5 KB/sec)
Downloading: http://repo.maven.apache.org/maven2/org/codehaus/plexus/plexus-utils/1.4.1/plexus-utils-1.4.1.pom
Downloaded: http://repo.maven.apache.org/maven2/org/codehaus/plexus/plexus-utils/1.4.1/plexus-utils-1.4.1.pom (2 KB at 29.6 KB/sec)
Downloading: http://repo.maven.apache.org/maven2/org/codehaus/plexus/plexus/1.0.11/plexus-1.0.11.pom
Downloaded: http://repo.maven.apache.org/maven2/org/codehaus/plexus/plexus/1.0.11/plexus-1.0.11.pom (9 KB at 134.8 KB/sec)
Downloading: http://repo.maven.apache.org/maven2/org/codehaus/plexus/plexus-container-default/1.0-alpha-9-stable-1/plexus-container-default-1.0-alpha-9-stable-1.pom
Downloaded: http://repo.maven.apache.org/maven2/org/codehaus/plexus/plexus-container-default/1.0-alpha-9-stable-1/plexus-container-default-1.0-alpha-9-stable-1.pom (4 KB at 50.7 KB/sec)
Downloading: http://repo.maven.apache.org/maven2/org/codehaus/plexus/plexus-containers/1.0.3/plexus-containers-1.0.3.pom
Downloaded: http://repo.maven.apache.org/maven2/org/codehaus/plexus/plexus-containers/1.0.3/plexus-containers-1.0.3.pom (492 B at 7.7 KB/sec)
Downloading: http://repo.maven.apache.org/maven2/org/codehaus/plexus/plexus/1.0.4/plexus-1.0.4.pom
Downloaded: http://repo.maven.apache.org/maven2/org/codehaus/plexus/plexus/1.0.4/plexus-1.0.4.pom (6 KB at 83.6 KB/sec)
Downloading: http://repo.maven.apache.org/maven2/junit/junit/3.8.1/junit-3.8.1.pom
Downloaded: http://repo.maven.apache.org/maven2/junit/junit/3.8.1/junit-3.8.1.pom (998 B at 15.2 KB/sec)
Downloading: http://repo.maven.apache.org/maven2/org/codehaus/plexus/plexus-utils/1.0.4/plexus-utils-1.0.4.pom
Downloaded: http://repo.maven.apache.org/maven2/org/codehaus/plexus/plexus-utils/1.0.4/plexus-utils-1.0.4.pom (7 KB at 104.6 KB/sec)
Downloading: http://repo.maven.apache.org/maven2/classworlds/classworlds/1.1-alpha-2/classworlds-1.1-alpha-2.pom
Downloaded: http://repo.maven.apache.org/maven2/classworlds/classworlds/1.1-alpha-2/classworlds-1.1-alpha-2.pom (4 KB at 43.0 KB/sec)
Downloading: http://repo.maven.apache.org/maven2/org/apache/maven/maven-profile/2.0.7/maven-profile-2.0.7.pom
Downloaded: http://repo.maven.apache.org/maven2/org/apache/maven/maven-profile/2.0.7/maven-profile-2.0.7.pom (2 KB at 28.9 KB/sec)
Downloading: http://repo.maven.apache.org/maven2/org/apache/maven/maven-artifact-manager/2.0.7/maven-artifact-manager-2.0.7.pom
Downloaded: http://repo.maven.apache.org/maven2/org/apache/maven/maven-artifact-manager/2.0.7/maven-artifact-manager-2.0.7.pom (3 KB at 37.1 KB/sec)
Downloading: http://repo.maven.apache.org/maven2/org/apache/maven/maven-repository-metadata/2.0.7/maven-repository-metadata-2.0.7.pom
Downloaded: http://repo.maven.apache.org/maven2/org/apache/maven/maven-repository-metadata/2.0.7/maven-repository-metadata-2.0.7.pom (2 KB at 25.8 KB/sec)
Downloading: http://repo.maven.apache.org/maven2/org/apache/maven/maven-artifact/2.0.7/maven-artifact-2.0.7.pom
Downloaded: http://repo.maven.apache.org/maven2/org/apache/maven/maven-artifact/2.0.7/maven-artifact-2.0.7.pom (2 KB at 22.3 KB/sec)
Downloading: http://repo.maven.apache.org/maven2/org/apache/maven/maven-plugin-registry/2.0.7/maven-plugin-registry-2.0.7.pom
Downloaded: http://repo.maven.apache.org/maven2/org/apache/maven/maven-plugin-registry/2.0.7/maven-plugin-registry-2.0.7.pom (2 KB at 25.0 KB/sec)
Downloading: http://repo.maven.apache.org/maven2/org/apache/maven/maven-plugin-api/2.0.7/maven-plugin-api-2.0.7.pom
Downloaded: http://repo.maven.apache.org/maven2/org/apache/maven/maven-plugin-api/2.0.7/maven-plugin-api-2.0.7.pom (2 KB at 19.5 KB/sec)
Downloading: http://repo.maven.apache.org/maven2/org/apache/maven/maven-archiver/2.2/maven-archiver-2.2.pom
Downloaded: http://repo.maven.apache.org/maven2/org/apache/maven/maven-archiver/2.2/maven-archiver-2.2.pom (2 KB at 14.1 KB/sec)
Downloading: http://repo.maven.apache.org/maven2/org/apache/maven/shared/maven-shared-components/3/maven-shared-components-3.pom
Downloaded: http://repo.maven.apache.org/maven2/org/apache/maven/shared/maven-shared-components/3/maven-shared-components-3.pom (2 KB at 27.9 KB/sec)
Downloading: http://repo.maven.apache.org/maven2/org/apache/maven/maven-parent/4/maven-parent-4.pom
Downloaded: http://repo.maven.apache.org/maven2/org/apache/maven/maven-parent/4/maven-parent-4.pom (10 KB at 128.4 KB/sec)
Downloading: http://repo.maven.apache.org/maven2/org/apache/maven/maven-project/2.0/maven-project-2.0.pom
Downloaded: http://repo.maven.apache.org/maven2/org/apache/maven/maven-project/2.0/maven-project-2.0.pom (2 KB at 19.0 KB/sec)
Downloading: http://repo.maven.apache.org/maven2/org/apache/maven/maven/2.0/maven-2.0.pom
Downloaded: http://repo.maven.apache.org/maven2/org/apache/maven/maven/2.0/maven-2.0.pom (9 KB at 125.9 KB/sec)
Downloading: http://repo.maven.apache.org/maven2/org/apache/maven/maven-profile/2.0/maven-profile-2.0.pom
Downloaded: http://repo.maven.apache.org/maven2/org/apache/maven/maven-profile/2.0/maven-profile-2.0.pom (2 KB at 20.9 KB/sec)
Downloading: http://repo.maven.apache.org/maven2/org/apache/maven/maven-model/2.0/maven-model-2.0.pom
Downloaded: http://repo.maven.apache.org/maven2/org/apache/maven/maven-model/2.0/maven-model-2.0.pom (3 KB at 37.3 KB/sec)
Downloading: http://repo.maven.apache.org/maven2/org/codehaus/plexus/plexus-container-default/1.0-alpha-8/plexus-container-default-1.0-alpha-8.pom
Downloaded: http://repo.maven.apache.org/maven2/org/codehaus/plexus/plexus-container-default/1.0-alpha-8/plexus-container-default-1.0-alpha-8.pom (8 KB at 102.8 KB/sec)
Downloading: http://repo.maven.apache.org/maven2/org/apache/maven/maven-artifact-manager/2.0/maven-artifact-manager-2.0.pom
Downloaded: http://repo.maven.apache.org/maven2/org/apache/maven/maven-artifact-manager/2.0/maven-artifact-manager-2.0.pom (2 KB at 18.3 KB/sec)
Downloading: http://repo.maven.apache.org/maven2/org/apache/maven/maven-repository-metadata/2.0/maven-repository-metadata-2.0.pom
Downloaded: http://repo.maven.apache.org/maven2/org/apache/maven/maven-repository-metadata/2.0/maven-repository-metadata-2.0.pom (2 KB at 18.4 KB/sec)
Downloading: http://repo.maven.apache.org/maven2/org/apache/maven/maven-artifact/2.0/maven-artifact-2.0.pom
Downloaded: http://repo.maven.apache.org/maven2/org/apache/maven/maven-artifact/2.0/maven-artifact-2.0.pom (723 B at 10.5 KB/sec)
Downloading: http://repo.maven.apache.org/maven2/org/codehaus/plexus/plexus-archiver/1.0-alpha-7/plexus-archiver-1.0-alpha-7.pom
Downloaded: http://repo.maven.apache.org/maven2/org/codehaus/plexus/plexus-archiver/1.0-alpha-7/plexus-archiver-1.0-alpha-7.pom (2 KB at 12.4 KB/sec)
Downloading: http://repo.maven.apache.org/maven2/org/codehaus/plexus/plexus-components/1.1.6/plexus-components-1.1.6.pom
Downloaded: http://repo.maven.apache.org/maven2/org/codehaus/plexus/plexus-components/1.1.6/plexus-components-1.1.6.pom (2 KB at 26.7 KB/sec)
Downloading: http://repo.maven.apache.org/maven2/org/codehaus/plexus/plexus/1.0.8/plexus-1.0.8.pom
Downloaded: http://repo.maven.apache.org/maven2/org/codehaus/plexus/plexus/1.0.8/plexus-1.0.8.pom (8 KB at 107.0 KB/sec)
Downloading: http://repo.maven.apache.org/maven2/org/codehaus/plexus/plexus-utils/1.2/plexus-utils-1.2.pom
Downloaded: http://repo.maven.apache.org/maven2/org/codehaus/plexus/plexus-utils/1.2/plexus-utils-1.2.pom (767 B at 10.5 KB/sec)
Downloading: http://repo.maven.apache.org/maven2/org/codehaus/plexus/plexus/1.0.5/plexus-1.0.5.pom
Downloaded: http://repo.maven.apache.org/maven2/org/codehaus/plexus/plexus/1.0.5/plexus-1.0.5.pom (6 KB at 79.5 KB/sec)
Downloading: http://repo.maven.apache.org/maven2/org/apache/maven/shared/maven-dependency-tree/1.2/maven-dependency-tree-1.2.pom
Downloaded: http://repo.maven.apache.org/maven2/org/apache/maven/shared/maven-dependency-tree/1.2/maven-dependency-tree-1.2.pom (4 KB at 57.8 KB/sec)
Downloading: http://repo.maven.apache.org/maven2/org/apache/maven/shared/maven-shared-components/9/maven-shared-components-9.pom
Downloaded: http://repo.maven.apache.org/maven2/org/apache/maven/shared/maven-shared-components/9/maven-shared-components-9.pom (4 KB at 53.4 KB/sec)
Downloading: http://repo.maven.apache.org/maven2/org/apache/maven/maven-parent/8/maven-parent-8.pom
Downloaded: http://repo.maven.apache.org/maven2/org/apache/maven/maven-parent/8/maven-parent-8.pom (24 KB at 283.9 KB/sec)
Downloading: http://repo.maven.apache.org/maven2/org/apache/maven/maven-project/2.0.8/maven-project-2.0.8.pom
Downloaded: http://repo.maven.apache.org/maven2/org/apache/maven/maven-project/2.0.8/maven-project-2.0.8.pom (3 KB at 36.8 KB/sec)
Downloading: http://repo.maven.apache.org/maven2/org/apache/maven/maven/2.0.8/maven-2.0.8.pom
Downloaded: http://repo.maven.apache.org/maven2/org/apache/maven/maven/2.0.8/maven-2.0.8.pom (12 KB at 200.2 KB/sec)
Downloading: http://repo.maven.apache.org/maven2/org/apache/maven/maven-parent/6/maven-parent-6.pom
Downloaded: http://repo.maven.apache.org/maven2/org/apache/maven/maven-parent/6/maven-parent-6.pom (20 KB at 235.9 KB/sec)
Downloading: http://repo.maven.apache.org/maven2/org/apache/maven/maven-settings/2.0.8/maven-settings-2.0.8.pom
Downloaded: http://repo.maven.apache.org/maven2/org/apache/maven/maven-settings/2.0.8/maven-settings-2.0.8.pom (3 KB at 28.7 KB/sec)
Downloading: http://repo.maven.apache.org/maven2/org/apache/maven/maven-model/2.0.8/maven-model-2.0.8.pom
Downloaded: http://repo.maven.apache.org/maven2/org/apache/maven/maven-model/2.0.8/maven-model-2.0.8.pom (4 KB at 46.5 KB/sec)
Downloading: http://repo.maven.apache.org/maven2/org/codehaus/plexus/plexus-utils/1.4.6/plexus-utils-1.4.6.pom
Downloaded: http://repo.maven.apache.org/maven2/org/codehaus/plexus/plexus-utils/1.4.6/plexus-utils-1.4.6.pom (3 KB at 32.5 KB/sec)
Downloading: http://repo.maven.apache.org/maven2/org/apache/maven/maven-profile/2.0.8/maven-profile-2.0.8.pom
Downloaded: http://repo.maven.apache.org/maven2/org/apache/maven/maven-profile/2.0.8/maven-profile-2.0.8.pom (2 KB at 29.3 KB/sec)
Downloading: http://repo.maven.apache.org/maven2/org/apache/maven/maven-artifact-manager/2.0.8/maven-artifact-manager-2.0.8.pom
Downloaded: http://repo.maven.apache.org/maven2/org/apache/maven/maven-artifact-manager/2.0.8/maven-artifact-manager-2.0.8.pom (3 KB at 37.7 KB/sec)
Downloading: http://repo.maven.apache.org/maven2/org/apache/maven/maven-repository-metadata/2.0.8/maven-repository-metadata-2.0.8.pom
Downloaded: http://repo.maven.apache.org/maven2/org/apache/maven/maven-repository-metadata/2.0.8/maven-repository-metadata-2.0.8.pom (2 KB at 27.7 KB/sec)
Downloading: http://repo.maven.apache.org/maven2/org/apache/maven/maven-artifact/2.0.8/maven-artifact-2.0.8.pom
Downloaded: http://repo.maven.apache.org/maven2/org/apache/maven/maven-artifact/2.0.8/maven-artifact-2.0.8.pom (2 KB at 24.0 KB/sec)
Downloading: http://repo.maven.apache.org/maven2/org/apache/maven/maven-plugin-registry/2.0.8/maven-plugin-registry-2.0.8.pom
Downloaded: http://repo.maven.apache.org/maven2/org/apache/maven/maven-plugin-registry/2.0.8/maven-plugin-registry-2.0.8.pom (2 KB at 29.1 KB/sec)
Downloading: http://repo.maven.apache.org/maven2/org/apache/maven/wagon/wagon-provider-api/1.0-beta-2/wagon-provider-api-1.0-beta-2.pom
Downloaded: http://repo.maven.apache.org/maven2/org/apache/maven/wagon/wagon-provider-api/1.0-beta-2/wagon-provider-api-1.0-beta-2.pom (680 B at 9.2 KB/sec)
Downloading: http://repo.maven.apache.org/maven2/org/apache/maven/wagon/wagon/1.0-beta-2/wagon-1.0-beta-2.pom
Downloaded: http://repo.maven.apache.org/maven2/org/apache/maven/wagon/wagon/1.0-beta-2/wagon-1.0-beta-2.pom (6 KB at 84.5 KB/sec)
Downloading: http://repo.maven.apache.org/maven2/org/codehaus/plexus/plexus-utils/1.4.7/plexus-utils-1.4.7.pom
Downloaded: http://repo.maven.apache.org/maven2/org/codehaus/plexus/plexus-utils/1.4.7/plexus-utils-1.4.7.pom (3 KB at 31.6 KB/sec)
Downloading: http://repo.maven.apache.org/maven2/org/apache/felix/maven-bundle-plugin/2.1.0/maven-bundle-plugin-2.1.0.jar
Downloading: http://repo.maven.apache.org/maven2/biz/aQute/bndlib/0.0.357/bndlib-0.0.357.jar
Downloading: http://repo.maven.apache.org/maven2/net/sf/kxml/kxml2/2.2.2/kxml2-2.2.2.jar
Downloading: http://repo.maven.apache.org/maven2/org/apache/felix/org.apache.felix.bundlerepository/1.6.2/org.apache.felix.bundlerepository-1.6.2.jar
Downloading: http://repo.maven.apache.org/maven2/xmlpull/xmlpull/1.1.3.1/xmlpull-1.1.3.1.jar
Downloaded: http://repo.maven.apache.org/maven2/xmlpull/xmlpull/1.1.3.1/xmlpull-1.1.3.1.jar (8 KB at 97.5 KB/sec)
Downloading: http://repo.maven.apache.org/maven2/org/osgi/org.osgi.core/4.1.0/org.osgi.core-4.1.0.jar
Downloaded: http://repo.maven.apache.org/maven2/net/sf/kxml/kxml2/2.2.2/kxml2-2.2.2.jar (43 KB at 364.6 KB/sec)
Downloading: http://repo.maven.apache.org/maven2/org/easymock/easymock/2.4/easymock-2.4.jar
Downloaded: http://repo.maven.apache.org/maven2/org/apache/felix/maven-bundle-plugin/2.1.0/maven-bundle-plugin-2.1.0.jar (130 KB at 808.7 KB/sec)
Downloading: http://repo.maven.apache.org/maven2/org/apache/felix/org.osgi.core/1.0.0/org.osgi.core-1.0.0.jar
Downloaded: http://repo.maven.apache.org/maven2/org/apache/felix/org.apache.felix.bundlerepository/1.6.2/org.apache.felix.bundlerepository-1.6.2.jar (147 KB at 844.8 KB/sec)
Downloading: http://repo.maven.apache.org/maven2/org/apache/felix/org.osgi.service.obr/1.0.1/org.osgi.service.obr-1.0.1.jar
Downloaded: http://repo.maven.apache.org/maven2/org/easymock/easymock/2.4/easymock-2.4.jar (80 KB at 900.4 KB/sec)
Downloaded: http://repo.maven.apache.org/maven2/biz/aQute/bndlib/0.0.357/bndlib-0.0.357.jar (273 KB at 1322.4 KB/sec)
Downloading: http://repo.maven.apache.org/maven2/org/apache/maven/maven-archiver/2.2/maven-archiver-2.2.jar
Downloading: http://repo.maven.apache.org/maven2/org/apache/maven/shared/maven-dependency-tree/1.2/maven-dependency-tree-1.2.jar
Downloaded: http://repo.maven.apache.org/maven2/org/apache/felix/org.osgi.service.obr/1.0.1/org.osgi.service.obr-1.0.1.jar (11 KB at 210.6 KB/sec)
Downloading: http://repo.maven.apache.org/maven2/junit/junit/3.8.1/junit-3.8.1.jar
Downloaded: http://repo.maven.apache.org/maven2/org/apache/felix/org.osgi.core/1.0.0/org.osgi.core-1.0.0.jar (60 KB at 838.0 KB/sec)
Downloading: http://repo.maven.apache.org/maven2/org/codehaus/plexus/plexus-archiver/1.0-alpha-7/plexus-archiver-1.0-alpha-7.jar
Downloaded: http://repo.maven.apache.org/maven2/org/osgi/org.osgi.core/4.1.0/org.osgi.core-4.1.0.jar (160 KB at 967.5 KB/sec)
Downloading: http://repo.maven.apache.org/maven2/org/codehaus/plexus/plexus-utils/1.4.7/plexus-utils-1.4.7.jar
Downloaded: http://repo.maven.apache.org/maven2/org/apache/maven/shared/maven-dependency-tree/1.2/maven-dependency-tree-1.2.jar (34 KB at 602.7 KB/sec)
Downloaded: http://repo.maven.apache.org/maven2/org/apache/maven/maven-archiver/2.2/maven-archiver-2.2.jar (10 KB at 174.7 KB/sec)
Downloaded: http://repo.maven.apache.org/maven2/junit/junit/3.8.1/junit-3.8.1.jar (119 KB at 1359.0 KB/sec)
Downloaded: http://repo.maven.apache.org/maven2/org/codehaus/plexus/plexus-archiver/1.0-alpha-7/plexus-archiver-1.0-alpha-7.jar (139 KB at 1491.5 KB/sec)
Downloaded: http://repo.maven.apache.org/maven2/org/codehaus/plexus/plexus-utils/1.4.7/plexus-utils-1.4.7.jar (199 KB at 1874.6 KB/sec)
[INFO] ------------------------------------------------------------------------
[INFO] Reactor Build Order:
[INFO] 
[INFO] jOOQ Parent
[INFO] jOOQ
[INFO] jOOQ Meta
[INFO] jOOQ Codegen
[INFO] jOOQ Codegen Maven
[INFO] jOOQ Scala
[INFO]                                                                         
[INFO] ------------------------------------------------------------------------
[INFO] Building jOOQ Parent 3.4.0-SNAPSHOT
[INFO] ------------------------------------------------------------------------
Downloading: http://repo.maven.apache.org/maven2/org/apache/maven/plugins/maven-enforcer-plugin/1.0/maven-enforcer-plugin-1.0.pom
Downloaded: http://repo.maven.apache.org/maven2/org/apache/maven/plugins/maven-enforcer-plugin/1.0/maven-enforcer-plugin-1.0.pom (7 KB at 95.3 KB/sec)
Downloading: http://repo.maven.apache.org/maven2/org/apache/maven/enforcer/enforcer/1.0/enforcer-1.0.pom
Downloaded: http://repo.maven.apache.org/maven2/org/apache/maven/enforcer/enforcer/1.0/enforcer-1.0.pom (12 KB at 160.7 KB/sec)
Downloading: http://repo.maven.apache.org/maven2/org/apache/maven/maven-parent/17/maven-parent-17.pom
Downloaded: http://repo.maven.apache.org/maven2/org/apache/maven/maven-parent/17/maven-parent-17.pom (25 KB at 308.0 KB/sec)
Downloading: http://repo.maven.apache.org/maven2/org/apache/apache/7/apache-7.pom
Downloaded: http://repo.maven.apache.org/maven2/org/apache/apache/7/apache-7.pom (15 KB at 171.9 KB/sec)
Downloading: http://repo.maven.apache.org/maven2/org/apache/maven/plugins/maven-enforcer-plugin/1.0/maven-enforcer-plugin-1.0.jar
Downloaded: http://repo.maven.apache.org/maven2/org/apache/maven/plugins/maven-enforcer-plugin/1.0/maven-enforcer-plugin-1.0.jar (22 KB at 242.2 KB/sec)
Downloading: http://repo.maven.apache.org/maven2/org/apache/maven/plugins/maven-clean-plugin/2.3/maven-clean-plugin-2.3.pom
Downloaded: http://repo.maven.apache.org/maven2/org/apache/maven/plugins/maven-clean-plugin/2.3/maven-clean-plugin-2.3.pom (5 KB at 60.7 KB/sec)
Downloading: http://repo.maven.apache.org/maven2/org/apache/maven/plugins/maven-plugins/12/maven-plugins-12.pom
Downloaded: http://repo.maven.apache.org/maven2/org/apache/maven/plugins/maven-plugins/12/maven-plugins-12.pom (12 KB at 173.8 KB/sec)
Downloading: http://repo.maven.apache.org/maven2/org/apache/maven/maven-parent/9/maven-parent-9.pom
Downloaded: http://repo.maven.apache.org/maven2/org/apache/maven/maven-parent/9/maven-parent-9.pom (33 KB at 311.3 KB/sec)
Downloading: http://repo.maven.apache.org/maven2/org/apache/maven/plugins/maven-clean-plugin/2.3/maven-clean-plugin-2.3.jar
Downloaded: http://repo.maven.apache.org/maven2/org/apache/maven/plugins/maven-clean-plugin/2.3/maven-clean-plugin-2.3.jar (17 KB at 179.6 KB/sec)
Downloading: http://repo.maven.apache.org/maven2/org/codehaus/mojo/build-helper-maven-plugin/1.7/build-helper-maven-plugin-1.7.pom
Downloaded: http://repo.maven.apache.org/maven2/org/codehaus/mojo/build-helper-maven-plugin/1.7/build-helper-maven-plugin-1.7.pom (6 KB at 69.0 KB/sec)
Downloading: http://repo.maven.apache.org/maven2/org/codehaus/mojo/mojo-parent/28/mojo-parent-28.pom
Downloaded: http://repo.maven.apache.org/maven2/org/codehaus/mojo/mojo-parent/28/mojo-parent-28.pom (26 KB at 322.5 KB/sec)
Downloading: http://repo.maven.apache.org/maven2/org/codehaus/codehaus-parent/3/codehaus-parent-3.pom
Downloaded: http://repo.maven.apache.org/maven2/org/codehaus/codehaus-parent/3/codehaus-parent-3.pom (5 KB at 68.0 KB/sec)
Downloading: http://repo.maven.apache.org/maven2/org/codehaus/mojo/build-helper-maven-plugin/1.7/build-helper-maven-plugin-1.7.jar
Downloaded: http://repo.maven.apache.org/maven2/org/codehaus/mojo/build-helper-maven-plugin/1.7/build-helper-maven-plugin-1.7.jar (32 KB at 387.7 KB/sec)
[INFO] 
[INFO] --- maven-clean-plugin:2.3:clean (default-clean) @ jooq-parent ---
Downloading: http://repo.maven.apache.org/maven2/org/apache/maven/maven-project/2.0.6/maven-project-2.0.6.pom
Downloaded: http://repo.maven.apache.org/maven2/org/apache/maven/maven-project/2.0.6/maven-project-2.0.6.pom (3 KB at 40.2 KB/sec)
Downloading: http://repo.maven.apache.org/maven2/org/apache/maven/maven/2.0.6/maven-2.0.6.pom
Downloaded: http://repo.maven.apache.org/maven2/org/apache/maven/maven/2.0.6/maven-2.0.6.pom (9 KB at 126.2 KB/sec)
Downloading: http://repo.maven.apache.org/maven2/org/apache/maven/maven-settings/2.0.6/maven-settings-2.0.6.pom
Downloaded: http://repo.maven.apache.org/maven2/org/apache/maven/maven-settings/2.0.6/maven-settings-2.0.6.pom (2 KB at 27.1 KB/sec)
Downloading: http://repo.maven.apache.org/maven2/org/apache/maven/maven-model/2.0.6/maven-model-2.0.6.pom
Downloaded: http://repo.maven.apache.org/maven2/org/apache/maven/maven-model/2.0.6/maven-model-2.0.6.pom (3 KB at 41.9 KB/sec)
Downloading: http://repo.maven.apache.org/maven2/org/apache/maven/maven-profile/2.0.6/maven-profile-2.0.6.pom
Downloaded: http://repo.maven.apache.org/maven2/org/apache/maven/maven-profile/2.0.6/maven-profile-2.0.6.pom (2 KB at 32.2 KB/sec)
Downloading: http://repo.maven.apache.org/maven2/org/apache/maven/maven-artifact-manager/2.0.6/maven-artifact-manager-2.0.6.pom
Downloaded: http://repo.maven.apache.org/maven2/org/apache/maven/maven-artifact-manager/2.0.6/maven-artifact-manager-2.0.6.pom (3 KB at 36.6 KB/sec)
Downloading: http://repo.maven.apache.org/maven2/org/apache/maven/maven-repository-metadata/2.0.6/maven-repository-metadata-2.0.6.pom
Downloaded: http://repo.maven.apache.org/maven2/org/apache/maven/maven-repository-metadata/2.0.6/maven-repository-metadata-2.0.6.pom (2 KB at 27.4 KB/sec)
Downloading: http://repo.maven.apache.org/maven2/org/apache/maven/maven-artifact/2.0.6/maven-artifact-2.0.6.pom
Downloaded: http://repo.maven.apache.org/maven2/org/apache/maven/maven-artifact/2.0.6/maven-artifact-2.0.6.pom (2 KB at 21.7 KB/sec)
Downloading: http://repo.maven.apache.org/maven2/org/apache/maven/maven-plugin-registry/2.0.6/maven-plugin-registry-2.0.6.pom
Downloaded: http://repo.maven.apache.org/maven2/org/apache/maven/maven-plugin-registry/2.0.6/maven-plugin-registry-2.0.6.pom (2 KB at 30.2 KB/sec)
Downloading: http://repo.maven.apache.org/maven2/org/apache/maven/maven-plugin-api/2.0.6/maven-plugin-api-2.0.6.pom
Downloaded: http://repo.maven.apache.org/maven2/org/apache/maven/maven-plugin-api/2.0.6/maven-plugin-api-2.0.6.pom (2 KB at 20.3 KB/sec)
Downloading: http://repo.maven.apache.org/maven2/org/apache/maven/shared/file-management/1.2.1/file-management-1.2.1.pom
Downloaded: http://repo.maven.apache.org/maven2/org/apache/maven/shared/file-management/1.2.1/file-management-1.2.1.pom (4 KB at 60.2 KB/sec)
Downloading: http://repo.maven.apache.org/maven2/org/apache/maven/shared/maven-shared-components/10/maven-shared-components-10.pom
Downloaded: http://repo.maven.apache.org/maven2/org/apache/maven/shared/maven-shared-components/10/maven-shared-components-10.pom (9 KB at 102.9 KB/sec)
Downloading: http://repo.maven.apache.org/maven2/org/apache/maven/shared/maven-shared-io/1.1/maven-shared-io-1.1.pom
Downloaded: http://repo.maven.apache.org/maven2/org/apache/maven/shared/maven-shared-io/1.1/maven-shared-io-1.1.pom (4 KB at 56.6 KB/sec)
Downloading: http://repo.maven.apache.org/maven2/org/apache/maven/shared/maven-shared-components/8/maven-shared-components-8.pom
Downloaded: http://repo.maven.apache.org/maven2/org/apache/maven/shared/maven-shared-components/8/maven-shared-components-8.pom (3 KB at 39.6 KB/sec)
Downloading: http://repo.maven.apache.org/maven2/org/apache/maven/maven-parent/7/maven-parent-7.pom
Downloaded: http://repo.maven.apache.org/maven2/org/apache/maven/maven-parent/7/maven-parent-7.pom (21 KB at 235.8 KB/sec)
Downloading: http://repo.maven.apache.org/maven2/org/apache/maven/maven-artifact/2.0.2/maven-artifact-2.0.2.pom
Downloaded: http://repo.maven.apache.org/maven2/org/apache/maven/maven-artifact/2.0.2/maven-artifact-2.0.2.pom (765 B at 11.5 KB/sec)
Downloading: http://repo.maven.apache.org/maven2/org/apache/maven/maven/2.0.2/maven-2.0.2.pom
Downloaded: http://repo.maven.apache.org/maven2/org/apache/maven/maven/2.0.2/maven-2.0.2.pom (13 KB at 189.2 KB/sec)
Downloading: http://repo.maven.apache.org/maven2/org/codehaus/plexus/plexus-utils/1.1/plexus-utils-1.1.pom
Downloaded: http://repo.maven.apache.org/maven2/org/codehaus/plexus/plexus-utils/1.1/plexus-utils-1.1.pom (767 B at 10.1 KB/sec)
Downloading: http://repo.maven.apache.org/maven2/org/apache/maven/maven-artifact-manager/2.0.2/maven-artifact-manager-2.0.2.pom
Downloaded: http://repo.maven.apache.org/maven2/org/apache/maven/maven-artifact-manager/2.0.2/maven-artifact-manager-2.0.2.pom (2 KB at 19.7 KB/sec)
Downloading: http://repo.maven.apache.org/maven2/org/apache/maven/maven-repository-metadata/2.0.2/maven-repository-metadata-2.0.2.pom
Downloaded: http://repo.maven.apache.org/maven2/org/apache/maven/maven-repository-metadata/2.0.2/maven-repository-metadata-2.0.2.pom (2 KB at 18.0 KB/sec)
Downloading: http://repo.maven.apache.org/maven2/org/codehaus/plexus/plexus-container-default/1.0-alpha-9/plexus-container-default-1.0-alpha-9.pom
Downloaded: http://repo.maven.apache.org/maven2/org/codehaus/plexus/plexus-container-default/1.0-alpha-9/plexus-container-default-1.0-alpha-9.pom (2 KB at 18.6 KB/sec)
Downloading: http://repo.maven.apache.org/maven2/org/apache/maven/wagon/wagon-provider-api/1.0-alpha-6/wagon-provider-api-1.0-alpha-6.pom
Downloaded: http://repo.maven.apache.org/maven2/org/apache/maven/wagon/wagon-provider-api/1.0-alpha-6/wagon-provider-api-1.0-alpha-6.pom (588 B at 8.8 KB/sec)
Downloading: http://repo.maven.apache.org/maven2/org/apache/maven/wagon/wagon/1.0-alpha-6/wagon-1.0-alpha-6.pom
Downloaded: http://repo.maven.apache.org/maven2/org/apache/maven/wagon/wagon/1.0-alpha-6/wagon-1.0-alpha-6.pom (7 KB at 97.7 KB/sec)
Downloading: http://repo.maven.apache.org/maven2/org/codehaus/plexus/plexus-utils/1.5.6/plexus-utils-1.5.6.pom
Downloaded: http://repo.maven.apache.org/maven2/org/codehaus/plexus/plexus-utils/1.5.6/plexus-utils-1.5.6.pom (6 KB at 86.3 KB/sec)
Downloading: http://repo.maven.apache.org/maven2/org/codehaus/plexus/plexus/1.0.12/plexus-1.0.12.pom
Downloaded: http://repo.maven.apache.org/maven2/org/codehaus/plexus/plexus/1.0.12/plexus-1.0.12.pom (10 KB at 156.9 KB/sec)
Downloading: http://repo.maven.apache.org/maven2/org/apache/maven/shared/maven-shared-io/1.1/maven-shared-io-1.1.jar
Downloading: http://repo.maven.apache.org/maven2/org/apache/maven/shared/file-management/1.2.1/file-management-1.2.1.jar
Downloading: http://repo.maven.apache.org/maven2/org/codehaus/plexus/plexus-utils/1.5.6/plexus-utils-1.5.6.jar
Downloaded: http://repo.maven.apache.org/maven2/org/apache/maven/shared/file-management/1.2.1/file-management-1.2.1.jar (37 KB at 394.6 KB/sec)
Downloaded: http://repo.maven.apache.org/maven2/org/apache/maven/shared/maven-shared-io/1.1/maven-shared-io-1.1.jar (39 KB at 363.7 KB/sec)
Downloaded: http://repo.maven.apache.org/maven2/org/codehaus/plexus/plexus-utils/1.5.6/plexus-utils-1.5.6.jar (245 KB at 1308.4 KB/sec)
[INFO] 
[INFO] --- maven-enforcer-plugin:1.0:enforce (enforce-maven) @ jooq-parent ---
Downloading: http://repo.maven.apache.org/maven2/org/apache/maven/maven-artifact/2.0.9/maven-artifact-2.0.9.pom
Downloaded: http://repo.maven.apache.org/maven2/org/apache/maven/maven-artifact/2.0.9/maven-artifact-2.0.9.pom (2 KB at 22.9 KB/sec)
Downloading: http://repo.maven.apache.org/maven2/org/apache/maven/maven/2.0.9/maven-2.0.9.pom
Downloaded: http://repo.maven.apache.org/maven2/org/apache/maven/maven/2.0.9/maven-2.0.9.pom (19 KB at 233.7 KB/sec)
Downloading: http://repo.maven.apache.org/maven2/org/codehaus/plexus/plexus-utils/1.5.8/plexus-utils-1.5.8.pom
Downloaded: http://repo.maven.apache.org/maven2/org/codehaus/plexus/plexus-utils/1.5.8/plexus-utils-1.5.8.pom (8 KB at 114.1 KB/sec)
Downloading: http://repo.maven.apache.org/maven2/org/codehaus/plexus/plexus/2.0.2/plexus-2.0.2.pom
Downloaded: http://repo.maven.apache.org/maven2/org/codehaus/plexus/plexus/2.0.2/plexus-2.0.2.pom (12 KB at 166.7 KB/sec)
Downloading: http://repo.maven.apache.org/maven2/org/apache/maven/maven-plugin-api/2.0.9/maven-plugin-api-2.0.9.pom
Downloaded: http://repo.maven.apache.org/maven2/org/apache/maven/maven-plugin-api/2.0.9/maven-plugin-api-2.0.9.pom (2 KB at 22.4 KB/sec)
Downloading: http://repo.maven.apache.org/maven2/org/apache/maven/maven-project/2.0.9/maven-project-2.0.9.pom
Downloaded: http://repo.maven.apache.org/maven2/org/apache/maven/maven-project/2.0.9/maven-project-2.0.9.pom (3 KB at 34.8 KB/sec)
Downloading: http://repo.maven.apache.org/maven2/org/apache/maven/maven-settings/2.0.9/maven-settings-2.0.9.pom
Downloaded: http://repo.maven.apache.org/maven2/org/apache/maven/maven-settings/2.0.9/maven-settings-2.0.9.pom (3 KB at 32.9 KB/sec)
Downloading: http://repo.maven.apache.org/maven2/org/apache/maven/maven-model/2.0.9/maven-model-2.0.9.pom
Downloaded: http://repo.maven.apache.org/maven2/org/apache/maven/maven-model/2.0.9/maven-model-2.0.9.pom (4 KB at 46.5 KB/sec)
Downloading: http://repo.maven.apache.org/maven2/junit/junit/3.8.2/junit-3.8.2.pom
Downloaded: http://repo.maven.apache.org/maven2/junit/junit/3.8.2/junit-3.8.2.pom (747 B at 11.2 KB/sec)
Downloading: http://repo.maven.apache.org/maven2/org/apache/maven/maven-profile/2.0.9/maven-profile-2.0.9.pom
Downloaded: http://repo.maven.apache.org/maven2/org/apache/maven/maven-profile/2.0.9/maven-profile-2.0.9.pom (3 KB at 27.8 KB/sec)
Downloading: http://repo.maven.apache.org/maven2/org/apache/maven/maven-artifact-manager/2.0.9/maven-artifact-manager-2.0.9.pom
Downloaded: http://repo.maven.apache.org/maven2/org/apache/maven/maven-artifact-manager/2.0.9/maven-artifact-manager-2.0.9.pom (3 KB at 34.7 KB/sec)
Downloading: http://repo.maven.apache.org/maven2/org/apache/maven/maven-repository-metadata/2.0.9/maven-repository-metadata-2.0.9.pom
Downloaded: http://repo.maven.apache.org/maven2/org/apache/maven/maven-repository-metadata/2.0.9/maven-repository-metadata-2.0.9.pom (2 KB at 27.7 KB/sec)
Downloading: http://repo.maven.apache.org/maven2/org/apache/maven/maven-plugin-registry/2.0.9/maven-plugin-registry-2.0.9.pom
Downloaded: http://repo.maven.apache.org/maven2/org/apache/maven/maven-plugin-registry/2.0.9/maven-plugin-registry-2.0.9.pom (2 KB at 30.1 KB/sec)
Downloading: http://repo.maven.apache.org/maven2/org/apache/maven/maven-core/2.0.9/maven-core-2.0.9.pom
Downloaded: http://repo.maven.apache.org/maven2/org/apache/maven/maven-core/2.0.9/maven-core-2.0.9.pom (8 KB at 107.1 KB/sec)
Downloading: http://repo.maven.apache.org/maven2/org/apache/maven/maven-plugin-parameter-documenter/2.0.9/maven-plugin-parameter-documenter-2.0.9.pom
Downloaded: http://repo.maven.apache.org/maven2/org/apache/maven/maven-plugin-parameter-documenter/2.0.9/maven-plugin-parameter-documenter-2.0.9.pom (2 KB at 27.0 KB/sec)
Downloading: http://repo.maven.apache.org/maven2/org/apache/maven/reporting/maven-reporting-api/2.0.9/maven-reporting-api-2.0.9.pom
Downloaded: http://repo.maven.apache.org/maven2/org/apache/maven/reporting/maven-reporting-api/2.0.9/maven-reporting-api-2.0.9.pom (2 KB at 28.8 KB/sec)
Downloading: http://repo.maven.apache.org/maven2/org/apache/maven/reporting/maven-reporting/2.0.9/maven-reporting-2.0.9.pom
Downloaded: http://repo.maven.apache.org/maven2/org/apache/maven/reporting/maven-reporting/2.0.9/maven-reporting-2.0.9.pom (2 KB at 19.7 KB/sec)
Downloading: http://repo.maven.apache.org/maven2/org/apache/maven/doxia/doxia-sink-api/1.0-alpha-10/doxia-sink-api-1.0-alpha-10.pom
Downloaded: http://repo.maven.apache.org/maven2/org/apache/maven/doxia/doxia-sink-api/1.0-alpha-10/doxia-sink-api-1.0-alpha-10.pom (2 KB at 19.1 KB/sec)
Downloading: http://repo.maven.apache.org/maven2/org/apache/maven/doxia/doxia/1.0-alpha-10/doxia-1.0-alpha-10.pom
Downloaded: http://repo.maven.apache.org/maven2/org/apache/maven/doxia/doxia/1.0-alpha-10/doxia-1.0-alpha-10.pom (9 KB at 137.6 KB/sec)
Downloading: http://repo.maven.apache.org/maven2/org/apache/maven/maven-error-diagnostics/2.0.9/maven-error-diagnostics-2.0.9.pom
Downloaded: http://repo.maven.apache.org/maven2/org/apache/maven/maven-error-diagnostics/2.0.9/maven-error-diagnostics-2.0.9.pom (2 KB at 25.8 KB/sec)
Downloading: http://repo.maven.apache.org/maven2/commons-cli/commons-cli/1.0/commons-cli-1.0.pom
Downloaded: http://repo.maven.apache.org/maven2/commons-cli/commons-cli/1.0/commons-cli-1.0.pom (3 KB at 30.2 KB/sec)
Downloading: http://repo.maven.apache.org/maven2/org/apache/maven/maven-plugin-descriptor/2.0.9/maven-plugin-descriptor-2.0.9.pom
Downloaded: http://repo.maven.apache.org/maven2/org/apache/maven/maven-plugin-descriptor/2.0.9/maven-plugin-descriptor-2.0.9.pom (3 KB at 33.2 KB/sec)
Downloading: http://repo.maven.apache.org/maven2/org/codehaus/plexus/plexus-interactivity-api/1.0-alpha-4/plexus-interactivity-api-1.0-alpha-4.pom
Downloaded: http://repo.maven.apache.org/maven2/org/codehaus/plexus/plexus-interactivity-api/1.0-alpha-4/plexus-interactivity-api-1.0-alpha-4.pom (7 KB at 94.9 KB/sec)
Downloading: http://repo.maven.apache.org/maven2/org/apache/maven/maven-monitor/2.0.9/maven-monitor-2.0.9.pom
Downloaded: http://repo.maven.apache.org/maven2/org/apache/maven/maven-monitor/2.0.9/maven-monitor-2.0.9.pom (2 KB at 19.6 KB/sec)
Downloading: http://repo.maven.apache.org/maven2/classworlds/classworlds/1.1/classworlds-1.1.pom
Downloaded: http://repo.maven.apache.org/maven2/classworlds/classworlds/1.1/classworlds-1.1.pom (4 KB at 48.4 KB/sec)
Downloading: http://repo.maven.apache.org/maven2/commons-lang/commons-lang/2.3/commons-lang-2.3.pom
Downloaded: http://repo.maven.apache.org/maven2/commons-lang/commons-lang/2.3/commons-lang-2.3.pom (11 KB at 162.0 KB/sec)
Downloading: http://repo.maven.apache.org/maven2/org/apache/maven/enforcer/enforcer-api/1.0/enforcer-api-1.0.pom
Downloaded: http://repo.maven.apache.org/maven2/org/apache/maven/enforcer/enforcer-api/1.0/enforcer-api-1.0.pom (4 KB at 48.5 KB/sec)
Downloading: http://repo.maven.apache.org/maven2/org/apache/maven/enforcer/enforcer-rules/1.0/enforcer-rules-1.0.pom
Downloaded: http://repo.maven.apache.org/maven2/org/apache/maven/enforcer/enforcer-rules/1.0/enforcer-rules-1.0.pom (5 KB at 67.3 KB/sec)
Downloading: http://repo.maven.apache.org/maven2/org/apache/maven/shared/maven-common-artifact-filters/1.2/maven-common-artifact-filters-1.2.pom
Downloaded: http://repo.maven.apache.org/maven2/org/apache/maven/shared/maven-common-artifact-filters/1.2/maven-common-artifact-filters-1.2.pom (5 KB at 70.1 KB/sec)
Downloading: http://repo.maven.apache.org/maven2/org/apache/maven/shared/maven-shared-components/11/maven-shared-components-11.pom
Downloaded: http://repo.maven.apache.org/maven2/org/apache/maven/shared/maven-shared-components/11/maven-shared-components-11.pom (9 KB at 118.1 KB/sec)
Downloading: http://repo.maven.apache.org/maven2/org/apache/maven/maven-parent/11/maven-parent-11.pom
Downloaded: http://repo.maven.apache.org/maven2/org/apache/maven/maven-parent/11/maven-parent-11.pom (32 KB at 355.6 KB/sec)
Downloading: http://repo.maven.apache.org/maven2/org/apache/maven/shared/maven-plugin-testing-harness/1.1/maven-plugin-testing-harness-1.1.pom
Downloaded: http://repo.maven.apache.org/maven2/org/apache/maven/shared/maven-plugin-testing-harness/1.1/maven-plugin-testing-harness-1.1.pom (7 KB at 98.2 KB/sec)
Downloading: http://repo.maven.apache.org/maven2/org/apache/maven/shared/maven-shared-components/7/maven-shared-components-7.pom
Downloaded: http://repo.maven.apache.org/maven2/org/apache/maven/shared/maven-shared-components/7/maven-shared-components-7.pom (3 KB at 39.7 KB/sec)
Downloading: http://repo.maven.apache.org/maven2/org/beanshell/bsh/2.0b4/bsh-2.0b4.pom
Downloaded: http://repo.maven.apache.org/maven2/org/beanshell/bsh/2.0b4/bsh-2.0b4.pom (2 KB at 17.4 KB/sec)
Downloading: http://repo.maven.apache.org/maven2/org/beanshell/beanshell/2.0b4/beanshell-2.0b4.pom
Downloaded: http://repo.maven.apache.org/maven2/org/beanshell/beanshell/2.0b4/beanshell-2.0b4.pom (2 KB at 20.6 KB/sec)
Downloading: http://repo.maven.apache.org/maven2/org/codehaus/plexus/plexus-i18n/1.0-beta-6/plexus-i18n-1.0-beta-6.pom
Downloaded: http://repo.maven.apache.org/maven2/org/codehaus/plexus/plexus-i18n/1.0-beta-6/plexus-i18n-1.0-beta-6.pom (771 B at 9.1 KB/sec)
Downloading: http://repo.maven.apache.org/maven2/org/codehaus/plexus/plexus-components/1.1.4/plexus-components-1.1.4.pom
Downloaded: http://repo.maven.apache.org/maven2/org/codehaus/plexus/plexus-components/1.1.4/plexus-components-1.1.4.pom (3 KB at 32.1 KB/sec)
Downloading: http://repo.maven.apache.org/maven2/org/apache/maven/reporting/maven-reporting-api/2.0.9/maven-reporting-api-2.0.9.jar
Downloading: http://repo.maven.apache.org/maven2/org/apache/maven/doxia/doxia-sink-api/1.0-alpha-10/doxia-sink-api-1.0-alpha-10.jar
Downloading: http://repo.maven.apache.org/maven2/org/codehaus/plexus/plexus-utils/1.5.8/plexus-utils-1.5.8.jar
Downloading: http://repo.maven.apache.org/maven2/org/codehaus/plexus/plexus-interactivity-api/1.0-alpha-4/plexus-interactivity-api-1.0-alpha-4.jar
Downloading: http://repo.maven.apache.org/maven2/commons-cli/commons-cli/1.0/commons-cli-1.0.jar
Downloaded: http://repo.maven.apache.org/maven2/org/apache/maven/doxia/doxia-sink-api/1.0-alpha-10/doxia-sink-api-1.0-alpha-10.jar (10 KB at 144.4 KB/sec)
Downloading: http://repo.maven.apache.org/maven2/commons-lang/commons-lang/2.3/commons-lang-2.3.jar
Downloaded: http://repo.maven.apache.org/maven2/org/apache/maven/reporting/maven-reporting-api/2.0.9/maven-reporting-api-2.0.9.jar (10 KB at 143.5 KB/sec)
Downloading: http://repo.maven.apache.org/maven2/org/apache/maven/enforcer/enforcer-api/1.0/enforcer-api-1.0.jar
Downloaded: http://repo.maven.apache.org/maven2/commons-cli/commons-cli/1.0/commons-cli-1.0.jar (30 KB at 316.2 KB/sec)
Downloaded: http://repo.maven.apache.org/maven2/org/codehaus/plexus/plexus-interactivity-api/1.0-alpha-4/plexus-interactivity-api-1.0-alpha-4.jar (14 KB at 139.3 KB/sec)
Downloading: http://repo.maven.apache.org/maven2/org/apache/maven/shared/maven-common-artifact-filters/1.2/maven-common-artifact-filters-1.2.jar
Downloading: http://repo.maven.apache.org/maven2/org/apache/maven/enforcer/enforcer-rules/1.0/enforcer-rules-1.0.jar
Downloaded: http://repo.maven.apache.org/maven2/org/apache/maven/enforcer/enforcer-api/1.0/enforcer-api-1.0.jar (10 KB at 147.3 KB/sec)
Downloading: http://repo.maven.apache.org/maven2/org/beanshell/bsh/2.0b4/bsh-2.0b4.jar
Downloaded: http://repo.maven.apache.org/maven2/org/apache/maven/shared/maven-common-artifact-filters/1.2/maven-common-artifact-filters-1.2.jar (31 KB at 331.8 KB/sec)
Downloading: http://repo.maven.apache.org/maven2/org/codehaus/plexus/plexus-i18n/1.0-beta-6/plexus-i18n-1.0-beta-6.jar
Downloaded: http://repo.maven.apache.org/maven2/org/codehaus/plexus/plexus-utils/1.5.8/plexus-utils-1.5.8.jar (262 KB at 1276.0 KB/sec)
Downloaded: http://repo.maven.apache.org/maven2/org/apache/maven/enforcer/enforcer-rules/1.0/enforcer-rules-1.0.jar (60 KB at 451.1 KB/sec)
Downloaded: http://repo.maven.apache.org/maven2/org/codehaus/plexus/plexus-i18n/1.0-beta-6/plexus-i18n-1.0-beta-6.jar (12 KB at 221.3 KB/sec)
Downloaded: http://repo.maven.apache.org/maven2/commons-lang/commons-lang/2.3/commons-lang-2.3.jar (240 KB at 1222.1 KB/sec)
Downloaded: http://repo.maven.apache.org/maven2/org/beanshell/bsh/2.0b4/bsh-2.0b4.jar (276 KB at 1563.0 KB/sec)
[INFO] 
[INFO] --- build-helper-maven-plugin:1.7:add-test-source (add-test-sources) @ jooq-parent ---
Downloading: http://repo.maven.apache.org/maven2/org/apache/maven/maven-core/2.0.6/maven-core-2.0.6.pom
Downloaded: http://repo.maven.apache.org/maven2/org/apache/maven/maven-core/2.0.6/maven-core-2.0.6.pom (7 KB at 92.3 KB/sec)
Downloading: http://repo.maven.apache.org/maven2/org/apache/maven/maven-plugin-parameter-documenter/2.0.6/maven-plugin-parameter-documenter-2.0.6.pom
Downloaded: http://repo.maven.apache.org/maven2/org/apache/maven/maven-plugin-parameter-documenter/2.0.6/maven-plugin-parameter-documenter-2.0.6.pom (2 KB at 27.9 KB/sec)
Downloading: http://repo.maven.apache.org/maven2/org/apache/maven/reporting/maven-reporting-api/2.0.6/maven-reporting-api-2.0.6.pom
Downloaded: http://repo.maven.apache.org/maven2/org/apache/maven/reporting/maven-reporting-api/2.0.6/maven-reporting-api-2.0.6.pom (2 KB at 27.6 KB/sec)
Downloading: http://repo.maven.apache.org/maven2/org/apache/maven/reporting/maven-reporting/2.0.6/maven-reporting-2.0.6.pom
Downloaded: http://repo.maven.apache.org/maven2/org/apache/maven/reporting/maven-reporting/2.0.6/maven-reporting-2.0.6.pom (2 KB at 16.0 KB/sec)
Downloading: http://repo.maven.apache.org/maven2/org/apache/maven/doxia/doxia-sink-api/1.0-alpha-7/doxia-sink-api-1.0-alpha-7.pom
Downloaded: http://repo.maven.apache.org/maven2/org/apache/maven/doxia/doxia-sink-api/1.0-alpha-7/doxia-sink-api-1.0-alpha-7.pom (424 B at 5.7 KB/sec)
Downloading: http://repo.maven.apache.org/maven2/org/apache/maven/doxia/doxia/1.0-alpha-7/doxia-1.0-alpha-7.pom
Downloaded: http://repo.maven.apache.org/maven2/org/apache/maven/doxia/doxia/1.0-alpha-7/doxia-1.0-alpha-7.pom (4 KB at 44.4 KB/sec)
Downloading: http://repo.maven.apache.org/maven2/org/apache/maven/maven-error-diagnostics/2.0.6/maven-error-diagnostics-2.0.6.pom
Downloaded: http://repo.maven.apache.org/maven2/org/apache/maven/maven-error-diagnostics/2.0.6/maven-error-diagnostics-2.0.6.pom (2 KB at 23.1 KB/sec)
Downloading: http://repo.maven.apache.org/maven2/org/apache/maven/maven-plugin-api/2.0/maven-plugin-api-2.0.pom
Downloaded: http://repo.maven.apache.org/maven2/org/apache/maven/maven-plugin-api/2.0/maven-plugin-api-2.0.pom (601 B at 9.0 KB/sec)
Downloading: http://repo.maven.apache.org/maven2/org/apache/maven/maven-plugin-descriptor/2.0.6/maven-plugin-descriptor-2.0.6.pom
Downloaded: http://repo.maven.apache.org/maven2/org/apache/maven/maven-plugin-descriptor/2.0.6/maven-plugin-descriptor-2.0.6.pom (2 KB at 30.8 KB/sec)
Downloading: http://repo.maven.apache.org/maven2/org/apache/maven/maven-monitor/2.0.6/maven-monitor-2.0.6.pom
Downloaded: http://repo.maven.apache.org/maven2/org/apache/maven/maven-monitor/2.0.6/maven-monitor-2.0.6.pom (2 KB at 12.8 KB/sec)
Downloading: http://repo.maven.apache.org/maven2/org/apache/maven/reporting/maven-reporting-api/2.0.6/maven-reporting-api-2.0.6.jar
Downloading: http://repo.maven.apache.org/maven2/org/apache/maven/doxia/doxia-sink-api/1.0-alpha-7/doxia-sink-api-1.0-alpha-7.jar
Downloaded: http://repo.maven.apache.org/maven2/org/apache/maven/reporting/maven-reporting-api/2.0.6/maven-reporting-api-2.0.6.jar (10 KB at 138.7 KB/sec)
Downloaded: http://repo.maven.apache.org/maven2/org/apache/maven/doxia/doxia-sink-api/1.0-alpha-7/doxia-sink-api-1.0-alpha-7.jar (6 KB at 81.6 KB/sec)
[INFO] Test Source directory: /home/ooxi/code/java/jOOQ/target/generated-test-sources/jooq-h2 added.
[INFO]                                                                         
[INFO] ------------------------------------------------------------------------
[INFO] Building jOOQ 3.4.0-SNAPSHOT
[INFO] ------------------------------------------------------------------------
Downloading: http://repo.maven.apache.org/maven2/org/jvnet/jaxb2/maven2/maven-jaxb2-plugin/0.8.1/maven-jaxb2-plugin-0.8.1.pom
Downloaded: http://repo.maven.apache.org/maven2/org/jvnet/jaxb2/maven2/maven-jaxb2-plugin/0.8.1/maven-jaxb2-plugin-0.8.1.pom (3 KB at 36.3 KB/sec)
Downloading: http://repo.maven.apache.org/maven2/org/jvnet/jaxb2/maven2/maven-jaxb2-plugin-project/0.8.1/maven-jaxb2-plugin-project-0.8.1.pom
Downloaded: http://repo.maven.apache.org/maven2/org/jvnet/jaxb2/maven2/maven-jaxb2-plugin-project/0.8.1/maven-jaxb2-plugin-project-0.8.1.pom (8 KB at 105.5 KB/sec)
Downloading: http://repo.maven.apache.org/maven2/org/sonatype/oss/oss-parent/6/oss-parent-6.pom
Downloaded: http://repo.maven.apache.org/maven2/org/sonatype/oss/oss-parent/6/oss-parent-6.pom (5 KB at 70.4 KB/sec)
Downloading: http://repo.maven.apache.org/maven2/org/jvnet/jaxb2/maven2/maven-jaxb2-plugin/0.8.1/maven-jaxb2-plugin-0.8.1.jar
Downloaded: http://repo.maven.apache.org/maven2/org/jvnet/jaxb2/maven2/maven-jaxb2-plugin/0.8.1/maven-jaxb2-plugin-0.8.1.jar (10 KB at 157.3 KB/sec)
Downloading: http://repo.maven.apache.org/maven2/org/apache/maven/plugins/maven-resources-plugin/2.5/maven-resources-plugin-2.5.pom
Downloaded: http://repo.maven.apache.org/maven2/org/apache/maven/plugins/maven-resources-plugin/2.5/maven-resources-plugin-2.5.pom (7 KB at 117.8 KB/sec)
Downloading: http://repo.maven.apache.org/maven2/org/apache/maven/plugins/maven-plugins/19/maven-plugins-19.pom
Downloaded: http://repo.maven.apache.org/maven2/org/apache/maven/plugins/maven-plugins/19/maven-plugins-19.pom (11 KB at 162.9 KB/sec)
Downloading: http://repo.maven.apache.org/maven2/org/apache/maven/maven-parent/19/maven-parent-19.pom
Downloaded: http://repo.maven.apache.org/maven2/org/apache/maven/maven-parent/19/maven-parent-19.pom (25 KB at 274.4 KB/sec)
Downloading: http://repo.maven.apache.org/maven2/org/apache/apache/9/apache-9.pom
Downloaded: http://repo.maven.apache.org/maven2/org/apache/apache/9/apache-9.pom (15 KB at 174.2 KB/sec)
Downloading: http://repo.maven.apache.org/maven2/org/apache/maven/plugins/maven-resources-plugin/2.5/maven-resources-plugin-2.5.jar
Downloaded: http://repo.maven.apache.org/maven2/org/apache/maven/plugins/maven-resources-plugin/2.5/maven-resources-plugin-2.5.jar (26 KB at 311.6 KB/sec)
Downloading: http://repo.maven.apache.org/maven2/org/apache/maven/plugins/maven-compiler-plugin/2.3.2/maven-compiler-plugin-2.3.2.pom
Downloaded: http://repo.maven.apache.org/maven2/org/apache/maven/plugins/maven-compiler-plugin/2.3.2/maven-compiler-plugin-2.3.2.pom (8 KB at 119.3 KB/sec)
Downloading: http://repo.maven.apache.org/maven2/org/apache/maven/plugins/maven-plugins/18/maven-plugins-18.pom
Downloaded: http://repo.maven.apache.org/maven2/org/apache/maven/plugins/maven-plugins/18/maven-plugins-18.pom (13 KB at 176.3 KB/sec)
Downloading: http://repo.maven.apache.org/maven2/org/apache/maven/maven-parent/16/maven-parent-16.pom
Downloaded: http://repo.maven.apache.org/maven2/org/apache/maven/maven-parent/16/maven-parent-16.pom (23 KB at 220.6 KB/sec)
Downloading: http://repo.maven.apache.org/maven2/org/apache/maven/plugins/maven-compiler-plugin/2.3.2/maven-compiler-plugin-2.3.2.jar
Downloaded: http://repo.maven.apache.org/maven2/org/apache/maven/plugins/maven-compiler-plugin/2.3.2/maven-compiler-plugin-2.3.2.jar (29 KB at 306.4 KB/sec)
Downloading: http://repo.maven.apache.org/maven2/org/apache/maven/plugins/maven-surefire-plugin/2.10/maven-surefire-plugin-2.10.pom
Downloaded: http://repo.maven.apache.org/maven2/org/apache/maven/plugins/maven-surefire-plugin/2.10/maven-surefire-plugin-2.10.pom (11 KB at 159.5 KB/sec)
Downloading: http://repo.maven.apache.org/maven2/org/apache/maven/surefire/surefire/2.10/surefire-2.10.pom
Downloaded: http://repo.maven.apache.org/maven2/org/apache/maven/surefire/surefire/2.10/surefire-2.10.pom (12 KB at 171.2 KB/sec)
Downloading: http://repo.maven.apache.org/maven2/org/apache/maven/maven-parent/20/maven-parent-20.pom
Downloaded: http://repo.maven.apache.org/maven2/org/apache/maven/maven-parent/20/maven-parent-20.pom (25 KB at 270.1 KB/sec)
Downloading: http://repo.maven.apache.org/maven2/org/apache/maven/plugins/maven-surefire-plugin/2.10/maven-surefire-plugin-2.10.jar
Downloaded: http://repo.maven.apache.org/maven2/org/apache/maven/plugins/maven-surefire-plugin/2.10/maven-surefire-plugin-2.10.jar (30 KB at 316.0 KB/sec)
Downloading: http://repo.maven.apache.org/maven2/org/apache/maven/plugins/maven-jar-plugin/2.3.2/maven-jar-plugin-2.3.2.pom
Downloaded: http://repo.maven.apache.org/maven2/org/apache/maven/plugins/maven-jar-plugin/2.3.2/maven-jar-plugin-2.3.2.pom (6 KB at 79.1 KB/sec)
Downloading: http://repo.maven.apache.org/maven2/org/apache/maven/plugins/maven-plugins/21/maven-plugins-21.pom
Downloaded: http://repo.maven.apache.org/maven2/org/apache/maven/plugins/maven-plugins/21/maven-plugins-21.pom (13 KB at 181.9 KB/sec)
Downloading: http://repo.maven.apache.org/maven2/org/apache/maven/plugins/maven-jar-plugin/2.3.2/maven-jar-plugin-2.3.2.jar
Downloaded: http://repo.maven.apache.org/maven2/org/apache/maven/plugins/maven-jar-plugin/2.3.2/maven-jar-plugin-2.3.2.jar (32 KB at 385.4 KB/sec)
Downloading: http://repo.maven.apache.org/maven2/log4j/log4j/1.2.16/log4j-1.2.16.pom
Downloaded: http://repo.maven.apache.org/maven2/log4j/log4j/1.2.16/log4j-1.2.16.pom (20 KB at 225.7 KB/sec)
Downloading: http://repo.maven.apache.org/maven2/org/slf4j/integration/1.6.1/integration-1.6.1.pom
Downloaded: http://repo.maven.apache.org/maven2/org/slf4j/integration/1.6.1/integration-1.6.1.pom (4 KB at 54.2 KB/sec)
Downloading: http://repo.maven.apache.org/maven2/org/slf4j/slf4j-parent/1.6.1/slf4j-parent-1.6.1.pom
Downloaded: http://repo.maven.apache.org/maven2/org/slf4j/slf4j-parent/1.6.1/slf4j-parent-1.6.1.pom (10 KB at 126.5 KB/sec)
Downloading: http://repo.maven.apache.org/maven2/org/slf4j/slf4j-api/1.6.1/slf4j-api-1.6.1.pom
Downloaded: http://repo.maven.apache.org/maven2/org/slf4j/slf4j-api/1.6.1/slf4j-api-1.6.1.pom (3 KB at 47.2 KB/sec)
Downloading: http://repo.maven.apache.org/maven2/ant/ant-junit/1.6.5/ant-junit-1.6.5.pom
Downloaded: http://repo.maven.apache.org/maven2/ant/ant-junit/1.6.5/ant-junit-1.6.5.pom (146 B at 2.3 KB/sec)
Downloading: http://repo.maven.apache.org/maven2/org/apache/felix/org.apache.felix.main/2.0.2/org.apache.felix.main-2.0.2.pom
Downloaded: http://repo.maven.apache.org/maven2/org/apache/felix/org.apache.felix.main/2.0.2/org.apache.felix.main-2.0.2.pom (10 KB at 142.4 KB/sec)
Downloading: http://repo.maven.apache.org/maven2/org/apache/felix/felix-parent/1.2.0/felix-parent-1.2.0.pom
Downloaded: http://repo.maven.apache.org/maven2/org/apache/felix/felix-parent/1.2.0/felix-parent-1.2.0.pom (15 KB at 170.9 KB/sec)
Downloading: http://repo.maven.apache.org/maven2/org/apache/felix/org.apache.felix.framework/2.0.2/org.apache.felix.framework-2.0.2.pom
Downloaded: http://repo.maven.apache.org/maven2/org/apache/felix/org.apache.felix.framework/2.0.2/org.apache.felix.framework-2.0.2.pom (4 KB at 58.4 KB/sec)
Downloading: http://repo.maven.apache.org/maven2/org/apache/felix/org.apache.felix.shell/1.4.1/org.apache.felix.shell-1.4.1.pom
Downloaded: http://repo.maven.apache.org/maven2/org/apache/felix/org.apache.felix.shell/1.4.1/org.apache.felix.shell-1.4.1.pom (4 KB at 49.5 KB/sec)
Downloading: http://repo.maven.apache.org/maven2/org/apache/felix/org.apache.felix.shell.tui/1.4.1/org.apache.felix.shell.tui-1.4.1.pom
Downloaded: http://repo.maven.apache.org/maven2/org/apache/felix/org.apache.felix.shell.tui/1.4.1/org.apache.felix.shell.tui-1.4.1.pom (4 KB at 49.3 KB/sec)
Downloading: http://repo.maven.apache.org/maven2/org/apache/felix/org.apache.felix.bundlerepository/1.4.2/org.apache.felix.bundlerepository-1.4.2.pom
Downloaded: http://repo.maven.apache.org/maven2/org/apache/felix/org.apache.felix.bundlerepository/1.4.2/org.apache.felix.bundlerepository-1.4.2.pom (5 KB at 64.2 KB/sec)
Downloading: http://repo.maven.apache.org/maven2/javax/persistence/persistence-api/1.0/persistence-api-1.0.pom
Downloaded: http://repo.maven.apache.org/maven2/javax/persistence/persistence-api/1.0/persistence-api-1.0.pom (2 KB at 19.3 KB/sec)
Downloading: http://repo.maven.apache.org/maven2/javax/validation/validation-api/1.1.0.Alpha1/validation-api-1.1.0.Alpha1.pom
Downloaded: http://repo.maven.apache.org/maven2/javax/validation/validation-api/1.1.0.Alpha1/validation-api-1.1.0.Alpha1.pom (5 KB at 69.6 KB/sec)
Downloading: http://repo.maven.apache.org/maven2/junit/junit/4.11/junit-4.11.pom
Downloaded: http://repo.maven.apache.org/maven2/junit/junit/4.11/junit-4.11.pom (3 KB at 34.2 KB/sec)
Downloading: http://repo.maven.apache.org/maven2/org/hamcrest/hamcrest-core/1.3/hamcrest-core-1.3.pom
Downloaded: http://repo.maven.apache.org/maven2/org/hamcrest/hamcrest-core/1.3/hamcrest-core-1.3.pom (766 B at 11.2 KB/sec)
Downloading: http://repo.maven.apache.org/maven2/org/hamcrest/hamcrest-parent/1.3/hamcrest-parent-1.3.pom
Downloaded: http://repo.maven.apache.org/maven2/org/hamcrest/hamcrest-parent/1.3/hamcrest-parent-1.3.pom (2 KB at 24.4 KB/sec)
Downloading: http://repo.maven.apache.org/maven2/org/jmock/jmock-junit4/2.6.0/jmock-junit4-2.6.0.pom
Downloaded: http://repo.maven.apache.org/maven2/org/jmock/jmock-junit4/2.6.0/jmock-junit4-2.6.0.pom (2 KB at 17.2 KB/sec)
Downloading: http://repo.maven.apache.org/maven2/org/jmock/jmock-parent/2.6.0/jmock-parent-2.6.0.pom
Downloaded: http://repo.maven.apache.org/maven2/org/jmock/jmock-parent/2.6.0/jmock-parent-2.6.0.pom (8 KB at 107.5 KB/sec)
Downloading: http://repo.maven.apache.org/maven2/org/jmock/jmock/2.6.0/jmock-2.6.0.pom
Downloaded: http://repo.maven.apache.org/maven2/org/jmock/jmock/2.6.0/jmock-2.6.0.pom (881 B at 14.3 KB/sec)
Downloading: http://repo.maven.apache.org/maven2/org/hamcrest/hamcrest-core/1.1/hamcrest-core-1.1.pom
Downloaded: http://repo.maven.apache.org/maven2/org/hamcrest/hamcrest-core/1.1/hamcrest-core-1.1.pom (481 B at 6.1 KB/sec)
Downloading: http://repo.maven.apache.org/maven2/org/hamcrest/hamcrest-parent/1.1/hamcrest-parent-1.1.pom
Downloaded: http://repo.maven.apache.org/maven2/org/hamcrest/hamcrest-parent/1.1/hamcrest-parent-1.1.pom (6 KB at 76.5 KB/sec)
Downloading: http://repo.maven.apache.org/maven2/org/hamcrest/hamcrest-library/1.1/hamcrest-library-1.1.pom
Downloaded: http://repo.maven.apache.org/maven2/org/hamcrest/hamcrest-library/1.1/hamcrest-library-1.1.pom (683 B at 10.8 KB/sec)
Downloading: http://repo.maven.apache.org/maven2/junit/junit-dep/4.4/junit-dep-4.4.pom
Downloaded: http://repo.maven.apache.org/maven2/junit/junit-dep/4.4/junit-dep-4.4.pom (2 KB at 3.0 KB/sec)
Downloading: http://repo.maven.apache.org/maven2/org/slf4j/slf4j-log4j12/1.6.1/slf4j-log4j12-1.6.1.pom
Downloaded: http://repo.maven.apache.org/maven2/org/slf4j/slf4j-log4j12/1.6.1/slf4j-log4j12-1.6.1.pom (2 KB at 25.2 KB/sec)
Downloading: http://repo.maven.apache.org/maven2/org/apache/commons/commons-lang3/3.1/commons-lang3-3.1.pom
Downloaded: http://repo.maven.apache.org/maven2/org/apache/commons/commons-lang3/3.1/commons-lang3-3.1.pom (17 KB at 214.7 KB/sec)
Downloading: http://repo.maven.apache.org/maven2/org/apache/commons/commons-parent/22/commons-parent-22.pom
Downloaded: http://repo.maven.apache.org/maven2/org/apache/commons/commons-parent/22/commons-parent-22.pom (41 KB at 375.6 KB/sec)
Downloading: http://repo.maven.apache.org/maven2/org/apache/velocity/velocity/1.7/velocity-1.7.pom
Downloaded: http://repo.maven.apache.org/maven2/org/apache/velocity/velocity/1.7/velocity-1.7.pom (11 KB at 139.5 KB/sec)
Downloading: http://repo.maven.apache.org/maven2/commons-collections/commons-collections/3.2.1/commons-collections-3.2.1.pom
Downloaded: http://repo.maven.apache.org/maven2/commons-collections/commons-collections/3.2.1/commons-collections-3.2.1.pom (13 KB at 162.8 KB/sec)
Downloading: http://repo.maven.apache.org/maven2/org/apache/commons/commons-parent/9/commons-parent-9.pom
Downloaded: http://repo.maven.apache.org/maven2/org/apache/commons/commons-parent/9/commons-parent-9.pom (22 KB at 252.0 KB/sec)
Downloading: http://repo.maven.apache.org/maven2/commons-lang/commons-lang/2.4/commons-lang-2.4.pom
Downloaded: http://repo.maven.apache.org/maven2/commons-lang/commons-lang/2.4/commons-lang-2.4.pom (14 KB at 170.6 KB/sec)
Downloading: http://repo.maven.apache.org/maven2/log4j/log4j/1.2.16/log4j-1.2.16.jar
Downloading: http://repo.maven.apache.org/maven2/org/slf4j/integration/1.6.1/integration-1.6.1.jar
Downloading: http://repo.maven.apache.org/maven2/org/slf4j/slf4j-api/1.6.1/slf4j-api-1.6.1.jar
Downloading: http://repo.maven.apache.org/maven2/ant/ant-junit/1.6.5/ant-junit-1.6.5.jar
Downloading: http://repo.maven.apache.org/maven2/org/apache/felix/org.apache.felix.main/2.0.2/org.apache.felix.main-2.0.2.jar
Downloaded: http://repo.maven.apache.org/maven2/org/slf4j/integration/1.6.1/integration-1.6.1.jar (3 KB at 31.1 KB/sec)
Downloading: http://repo.maven.apache.org/maven2/org/apache/felix/org.apache.felix.framework/2.0.2/org.apache.felix.framework-2.0.2.jar
Downloaded: http://repo.maven.apache.org/maven2/org/slf4j/slf4j-api/1.6.1/slf4j-api-1.6.1.jar (25 KB at 279.8 KB/sec)
Downloading: http://repo.maven.apache.org/maven2/org/apache/felix/org.apache.felix.shell/1.4.1/org.apache.felix.shell-1.4.1.jar
Downloaded: http://repo.maven.apache.org/maven2/ant/ant-junit/1.6.5/ant-junit-1.6.5.jar (73 KB at 557.7 KB/sec)
Downloading: http://repo.maven.apache.org/maven2/org/apache/felix/org.apache.felix.shell.tui/1.4.1/org.apache.felix.shell.tui-1.4.1.jar
Downloaded: http://repo.maven.apache.org/maven2/org/apache/felix/org.apache.felix.shell/1.4.1/org.apache.felix.shell-1.4.1.jar (62 KB at 611.5 KB/sec)
Downloading: http://repo.maven.apache.org/maven2/org/apache/felix/org.apache.felix.bundlerepository/1.4.2/org.apache.felix.bundlerepository-1.4.2.jar
Downloaded: http://repo.maven.apache.org/maven2/org/apache/felix/org.apache.felix.shell.tui/1.4.1/org.apache.felix.shell.tui-1.4.1.jar (13 KB at 204.1 KB/sec)
Downloading: http://repo.maven.apache.org/maven2/javax/persistence/persistence-api/1.0/persistence-api-1.0.jar
Downloaded: http://repo.maven.apache.org/maven2/org/apache/felix/org.apache.felix.main/2.0.2/org.apache.felix.main-2.0.2.jar (379 KB at 1714.6 KB/sec)
Downloading: http://repo.maven.apache.org/maven2/javax/validation/validation-api/1.1.0.Alpha1/validation-api-1.1.0.Alpha1.jar
Downloaded: http://repo.maven.apache.org/maven2/log4j/log4j/1.2.16/log4j-1.2.16.jar (471 KB at 2001.1 KB/sec)
Downloading: http://repo.maven.apache.org/maven2/junit/junit/4.11/junit-4.11.jar
Downloaded: http://repo.maven.apache.org/maven2/javax/persistence/persistence-api/1.0/persistence-api-1.0.jar (51 KB at 697.6 KB/sec)
Downloading: http://repo.maven.apache.org/maven2/org/hamcrest/hamcrest-core/1.3/hamcrest-core-1.3.jar
Downloaded: http://repo.maven.apache.org/maven2/javax/validation/validation-api/1.1.0.Alpha1/validation-api-1.1.0.Alpha1.jar (52 KB at 884.4 KB/sec)
Downloading: http://repo.maven.apache.org/maven2/org/jmock/jmock-junit4/2.6.0/jmock-junit4-2.6.0.jar
Downloaded: http://repo.maven.apache.org/maven2/org/apache/felix/org.apache.felix.framework/2.0.2/org.apache.felix.framework-2.0.2.jar (367 KB at 1645.2 KB/sec)
Downloading: http://repo.maven.apache.org/maven2/org/jmock/jmock/2.6.0/jmock-2.6.0.jar
Downloaded: http://repo.maven.apache.org/maven2/org/apache/felix/org.apache.felix.bundlerepository/1.4.2/org.apache.felix.bundlerepository-1.4.2.jar (149 KB at 1167.3 KB/sec)
Downloading: http://repo.maven.apache.org/maven2/org/hamcrest/hamcrest-library/1.1/hamcrest-library-1.1.jar
Downloaded: http://repo.maven.apache.org/maven2/org/jmock/jmock-junit4/2.6.0/jmock-junit4-2.6.0.jar (13 KB at 249.9 KB/sec)
Downloaded: http://repo.maven.apache.org/maven2/junit/junit/4.11/junit-4.11.jar (240 KB at 2369.3 KB/sec)
Downloading: http://repo.maven.apache.org/maven2/junit/junit-dep/4.4/junit-dep-4.4.jar
Downloading: http://repo.maven.apache.org/maven2/org/slf4j/slf4j-log4j12/1.6.1/slf4j-log4j12-1.6.1.jar
Downloaded: http://repo.maven.apache.org/maven2/org/hamcrest/hamcrest-core/1.3/hamcrest-core-1.3.jar (44 KB at 610.7 KB/sec)
Downloading: http://repo.maven.apache.org/maven2/org/apache/commons/commons-lang3/3.1/commons-lang3-3.1.jar
Downloaded: http://repo.maven.apache.org/maven2/org/slf4j/slf4j-log4j12/1.6.1/slf4j-log4j12-1.6.1.jar (10 KB at 207.1 KB/sec)
Downloading: http://repo.maven.apache.org/maven2/org/apache/velocity/velocity/1.7/velocity-1.7.jar
Downloaded: http://repo.maven.apache.org/maven2/org/jmock/jmock/2.6.0/jmock-2.6.0.jar (179 KB at 1900.9 KB/sec)
Downloading: http://repo.maven.apache.org/maven2/commons-collections/commons-collections/3.2.1/commons-collections-3.2.1.jar
Downloaded: http://repo.maven.apache.org/maven2/org/hamcrest/hamcrest-library/1.1/hamcrest-library-1.1.jar (109 KB at 1223.5 KB/sec)
Downloading: http://repo.maven.apache.org/maven2/commons-lang/commons-lang/2.4/commons-lang-2.4.jar
Downloaded: http://repo.maven.apache.org/maven2/junit/junit-dep/4.4/junit-dep-4.4.jar (140 KB at 1545.2 KB/sec)
Downloaded: http://repo.maven.apache.org/maven2/org/apache/velocity/velocity/1.7/velocity-1.7.jar (439 KB at 2452.3 KB/sec)
Downloaded: http://repo.maven.apache.org/maven2/commons-lang/commons-lang/2.4/commons-lang-2.4.jar (256 KB at 1618.2 KB/sec)
Downloaded: http://repo.maven.apache.org/maven2/commons-collections/commons-collections/3.2.1/commons-collections-3.2.1.jar (562 KB at 2795.5 KB/sec)
Downloaded: http://repo.maven.apache.org/maven2/org/apache/commons/commons-lang3/3.1/commons-lang3-3.1.jar (309 KB at 1238.6 KB/sec)
[INFO] 
[INFO] --- maven-clean-plugin:2.3:clean (default-clean) @ jooq ---
[INFO] Deleting file set: /home/ooxi/code/java/jOOQ/jOOQ/target (included: [**], excluded: [])
[INFO] 
[INFO] --- maven-enforcer-plugin:1.0:enforce (enforce-maven) @ jooq ---
[INFO] 
[INFO] --- maven-jaxb2-plugin:0.8.1:generate (default) @ jooq ---
Downloading: http://repo.maven.apache.org/maven2/org/jvnet/jaxb2/maven2/maven-jaxb2-plugin-core/0.8.1/maven-jaxb2-plugin-core-0.8.1.pom
Downloaded: http://repo.maven.apache.org/maven2/org/jvnet/jaxb2/maven2/maven-jaxb2-plugin-core/0.8.1/maven-jaxb2-plugin-core-0.8.1.pom (2 KB at 24.3 KB/sec)
Downloading: http://repo.maven.apache.org/maven2/com/sun/org/apache/xml/internal/resolver/20050927/resolver-20050927.pom
Downloaded: http://repo.maven.apache.org/maven2/com/sun/org/apache/xml/internal/resolver/20050927/resolver-20050927.pom (183 B at 2.7 KB/sec)
Downloading: http://repo.maven.apache.org/maven2/org/sonatype/plexus/plexus-build-api/0.0.7/plexus-build-api-0.0.7.pom
Downloaded: http://repo.maven.apache.org/maven2/org/sonatype/plexus/plexus-build-api/0.0.7/plexus-build-api-0.0.7.pom (4 KB at 47.4 KB/sec)
Downloading: http://repo.maven.apache.org/maven2/org/sonatype/spice/spice-parent/15/spice-parent-15.pom
Downloaded: http://repo.maven.apache.org/maven2/org/sonatype/spice/spice-parent/15/spice-parent-15.pom (9 KB at 125.6 KB/sec)
Downloading: http://repo.maven.apache.org/maven2/org/sonatype/forge/forge-parent/5/forge-parent-5.pom
Downloaded: http://repo.maven.apache.org/maven2/org/sonatype/forge/forge-parent/5/forge-parent-5.pom (9 KB at 118.4 KB/sec)
Downloading: http://repo.maven.apache.org/maven2/org/codehaus/plexus/plexus-utils/1.5.15/plexus-utils-1.5.15.pom
Downloaded: http://repo.maven.apache.org/maven2/org/codehaus/plexus/plexus-utils/1.5.15/plexus-utils-1.5.15.pom (7 KB at 95.5 KB/sec)
Downloading: http://repo.maven.apache.org/maven2/junit/junit/4.8.1/junit-4.8.1.pom
Downloaded: http://repo.maven.apache.org/maven2/junit/junit/4.8.1/junit-4.8.1.pom (949 B at 14.0 KB/sec)
Downloading: http://repo.maven.apache.org/maven2/org/jfrog/maven/annomojo/maven-plugin-anno/1.3.1/maven-plugin-anno-1.3.1.pom
Downloaded: http://repo.maven.apache.org/maven2/org/jfrog/maven/annomojo/maven-plugin-anno/1.3.1/maven-plugin-anno-1.3.1.pom (820 B at 10.5 KB/sec)
Downloading: http://repo.maven.apache.org/maven2/org/jfrog/maven/annomojo/maven-plugin-anno-parent/1.3.1/maven-plugin-anno-parent-1.3.1.pom
Downloaded: http://repo.maven.apache.org/maven2/org/jfrog/maven/annomojo/maven-plugin-anno-parent/1.3.1/maven-plugin-anno-parent-1.3.1.pom (6 KB at 90.2 KB/sec)
Downloading: http://repo.maven.apache.org/maven2/org/jvnet/jaxb2/maven2/maven-jaxb22-plugin/0.8.1/maven-jaxb22-plugin-0.8.1.pom
Downloaded: http://repo.maven.apache.org/maven2/org/jvnet/jaxb2/maven2/maven-jaxb22-plugin/0.8.1/maven-jaxb22-plugin-0.8.1.pom (3 KB at 30.2 KB/sec)
Downloading: http://repo.maven.apache.org/maven2/com/sun/xml/bind/jaxb-impl/2.2.5-b10/jaxb-impl-2.2.5-b10.pom
Downloaded: http://repo.maven.apache.org/maven2/com/sun/xml/bind/jaxb-impl/2.2.5-b10/jaxb-impl-2.2.5-b10.pom (5 KB at 66.1 KB/sec)
Downloading: http://repo.maven.apache.org/maven2/net/java/jvnet-parent/1/jvnet-parent-1.pom
Downloaded: http://repo.maven.apache.org/maven2/net/java/jvnet-parent/1/jvnet-parent-1.pom (5 KB at 70.8 KB/sec)
Downloading: http://repo.maven.apache.org/maven2/com/sun/xml/bind/jaxb-xjc/2.2.5-b10/jaxb-xjc-2.2.5-b10.pom
Downloaded: http://repo.maven.apache.org/maven2/com/sun/xml/bind/jaxb-xjc/2.2.5-b10/jaxb-xjc-2.2.5-b10.pom (5 KB at 54.5 KB/sec)
Downloading: http://repo.maven.apache.org/maven2/com/sun/org/apache/xml/internal/resolver/20050927/resolver-20050927.jar
Downloading: http://repo.maven.apache.org/maven2/org/sonatype/plexus/plexus-build-api/0.0.7/plexus-build-api-0.0.7.jar
Downloading: http://repo.maven.apache.org/maven2/org/jvnet/jaxb2/maven2/maven-jaxb2-plugin-core/0.8.1/maven-jaxb2-plugin-core-0.8.1.jar
Downloading: http://repo.maven.apache.org/maven2/junit/junit/4.8.1/junit-4.8.1.jar
Downloading: http://repo.maven.apache.org/maven2/org/jfrog/maven/annomojo/maven-plugin-anno/1.3.1/maven-plugin-anno-1.3.1.jar
Downloaded: http://repo.maven.apache.org/maven2/org/jfrog/maven/annomojo/maven-plugin-anno/1.3.1/maven-plugin-anno-1.3.1.jar (10 KB at 137.1 KB/sec)
Downloading: http://repo.maven.apache.org/maven2/org/codehaus/plexus/plexus-utils/1.5.15/plexus-utils-1.5.15.jar
Downloaded: http://repo.maven.apache.org/maven2/org/sonatype/plexus/plexus-build-api/0.0.7/plexus-build-api-0.0.7.jar (9 KB at 111.9 KB/sec)
Downloading: http://repo.maven.apache.org/maven2/org/jvnet/jaxb2/maven2/maven-jaxb22-plugin/0.8.1/maven-jaxb22-plugin-0.8.1.jar
Downloaded: http://repo.maven.apache.org/maven2/org/jvnet/jaxb2/maven2/maven-jaxb2-plugin-core/0.8.1/maven-jaxb2-plugin-core-0.8.1.jar (43 KB at 419.6 KB/sec)
Downloading: http://repo.maven.apache.org/maven2/com/sun/xml/bind/jaxb-impl/2.2.5-b10/jaxb-impl-2.2.5-b10.jar
Downloaded: http://repo.maven.apache.org/maven2/com/sun/org/apache/xml/internal/resolver/20050927/resolver-20050927.jar (67 KB at 524.2 KB/sec)
Downloading: http://repo.maven.apache.org/maven2/com/sun/xml/bind/jaxb-xjc/2.2.5-b10/jaxb-xjc-2.2.5-b10.jar
Downloaded: http://repo.maven.apache.org/maven2/org/jvnet/jaxb2/maven2/maven-jaxb22-plugin/0.8.1/maven-jaxb22-plugin-0.8.1.jar (14 KB at 212.8 KB/sec)
Downloaded: http://repo.maven.apache.org/maven2/junit/junit/4.8.1/junit-4.8.1.jar (232 KB at 1286.1 KB/sec)
Downloaded: http://repo.maven.apache.org/maven2/org/codehaus/plexus/plexus-utils/1.5.15/plexus-utils-1.5.15.jar (223 KB at 1160.2 KB/sec)
Downloaded: http://repo.maven.apache.org/maven2/com/sun/xml/bind/jaxb-impl/2.2.5-b10/jaxb-impl-2.2.5-b10.jar (899 KB at 2611.1 KB/sec)
Downloaded: http://repo.maven.apache.org/maven2/com/sun/xml/bind/jaxb-xjc/2.2.5-b10/jaxb-xjc-2.2.5-b10.jar (3127 KB at 3992.5 KB/sec)
Downloading: http://repo.maven.apache.org/maven2/com/github/jaxb-xew-plugin/jaxb-xew-plugin/1.0/jaxb-xew-plugin-1.0.pom
Downloaded: http://repo.maven.apache.org/maven2/com/github/jaxb-xew-plugin/jaxb-xew-plugin/1.0/jaxb-xew-plugin-1.0.pom (4 KB at 55.6 KB/sec)
Downloading: http://repo.maven.apache.org/maven2/com/sun/xml/ws/jaxws-tools/2.2.5/jaxws-tools-2.2.5.pom
Downloaded: http://repo.maven.apache.org/maven2/com/sun/xml/ws/jaxws-tools/2.2.5/jaxws-tools-2.2.5.pom (5 KB at 74.9 KB/sec)
Downloading: http://repo.maven.apache.org/maven2/com/sun/xml/ws/jaxws-rt/2.2.5/jaxws-rt-2.2.5.pom
Downloaded: http://repo.maven.apache.org/maven2/com/sun/xml/ws/jaxws-rt/2.2.5/jaxws-rt-2.2.5.pom (7 KB at 103.2 KB/sec)
Downloading: http://repo.maven.apache.org/maven2/javax/xml/ws/jaxws-api/2.2.5/jaxws-api-2.2.5.pom
Downloaded: http://repo.maven.apache.org/maven2/javax/xml/ws/jaxws-api/2.2.5/jaxws-api-2.2.5.pom (6 KB at 62.7 KB/sec)
Downloading: http://repo.maven.apache.org/maven2/javax/xml/bind/jaxb-api/2.2.3/jaxb-api-2.2.3.pom
Downloaded: http://repo.maven.apache.org/maven2/javax/xml/bind/jaxb-api/2.2.3/jaxb-api-2.2.3.pom (9 KB at 107.7 KB/sec)
Downloading: http://repo.maven.apache.org/maven2/javax/xml/stream/stax-api/1.0-2/stax-api-1.0-2.pom
Downloaded: http://repo.maven.apache.org/maven2/javax/xml/stream/stax-api/1.0-2/stax-api-1.0-2.pom (962 B at 13.8 KB/sec)
Downloading: http://repo.maven.apache.org/maven2/javax/activation/activation/1.1/activation-1.1.pom
Downloaded: http://repo.maven.apache.org/maven2/javax/activation/activation/1.1/activation-1.1.pom (2 KB at 15.4 KB/sec)
Downloading: http://repo.maven.apache.org/maven2/javax/xml/soap/saaj-api/1.3.3/saaj-api-1.3.3.pom
Downloaded: http://repo.maven.apache.org/maven2/javax/xml/soap/saaj-api/1.3.3/saaj-api-1.3.3.pom (5 KB at 66.5 KB/sec)
Downloading: http://repo.maven.apache.org/maven2/org/glassfish/javax.annotation/3.1.1-b06/javax.annotation-3.1.1-b06.pom
Downloaded: http://repo.maven.apache.org/maven2/org/glassfish/javax.annotation/3.1.1-b06/javax.annotation-3.1.1-b06.pom (4 KB at 48.3 KB/sec)
Downloading: http://repo.maven.apache.org/maven2/org/glassfish/javaee-api/3.1.1-b06/javaee-api-3.1.1-b06.pom
Downloaded: http://repo.maven.apache.org/maven2/org/glassfish/javaee-api/3.1.1-b06/javaee-api-3.1.1-b06.pom (7 KB at 120.3 KB/sec)
Downloading: http://repo.maven.apache.org/maven2/org/glassfish/glassfish-parent/3.1.1-b06/glassfish-parent-3.1.1-b06.pom
Downloaded: http://repo.maven.apache.org/maven2/org/glassfish/glassfish-parent/3.1.1-b06/glassfish-parent-3.1.1-b06.pom (66 KB at 525.1 KB/sec)
Downloading: http://repo.maven.apache.org/maven2/org/glassfish/pom/8/pom-8.pom
Downloaded: http://repo.maven.apache.org/maven2/org/glassfish/pom/8/pom-8.pom (11 KB at 132.1 KB/sec)
Downloading: http://repo.maven.apache.org/maven2/javax/jws/jsr181-api/1.0-MR1/jsr181-api-1.0-MR1.pom
Downloaded: http://repo.maven.apache.org/maven2/javax/jws/jsr181-api/1.0-MR1/jsr181-api-1.0-MR1.pom (778 B at 12.1 KB/sec)
Downloading: http://repo.maven.apache.org/maven2/com/sun/xml/bind/jaxb-impl/2.2.4-1/jaxb-impl-2.2.4-1.pom
Downloaded: http://repo.maven.apache.org/maven2/com/sun/xml/bind/jaxb-impl/2.2.4-1/jaxb-impl-2.2.4-1.pom (4 KB at 59.0 KB/sec)
Downloading: http://repo.maven.apache.org/maven2/com/sun/xml/messaging/saaj/saaj-impl/1.3.10/saaj-impl-1.3.10.pom
Downloaded: http://repo.maven.apache.org/maven2/com/sun/xml/messaging/saaj/saaj-impl/1.3.10/saaj-impl-1.3.10.pom (6 KB at 76.5 KB/sec)
Downloading: http://repo.maven.apache.org/maven2/org/jvnet/mimepull/1.4/mimepull-1.4.pom
Downloaded: http://repo.maven.apache.org/maven2/org/jvnet/mimepull/1.4/mimepull-1.4.pom (5 KB at 57.4 KB/sec)
Downloading: http://repo.maven.apache.org/maven2/com/sun/xml/stream/buffer/streambuffer/1.2/streambuffer-1.2.pom
Downloaded: http://repo.maven.apache.org/maven2/com/sun/xml/stream/buffer/streambuffer/1.2/streambuffer-1.2.pom (4 KB at 44.9 KB/sec)
Downloading: http://repo.maven.apache.org/maven2/org/jvnet/staxex/stax-ex/maven-metadata.xml
Downloading: http://download.java.net/maven/2/org/jvnet/staxex/stax-ex/maven-metadata.xml
Downloading: http://download.java.net/maven/glassfish/org/jvnet/staxex/stax-ex/maven-metadata.xml
Downloaded: http://repo.maven.apache.org/maven2/org/jvnet/staxex/stax-ex/maven-metadata.xml (738 B at 10.8 KB/sec)
Downloaded: http://download.java.net/maven/2/org/jvnet/staxex/stax-ex/maven-metadata.xml (411 B at 0.7 KB/sec)
Downloading: http://repo.maven.apache.org/maven2/org/jvnet/staxex/stax-ex/1.7.6/stax-ex-1.7.6.pom
Downloaded: http://repo.maven.apache.org/maven2/org/jvnet/staxex/stax-ex/1.7.6/stax-ex-1.7.6.pom (12 KB at 174.5 KB/sec)
Downloading: http://repo.maven.apache.org/maven2/net/java/jvnet-parent/3/jvnet-parent-3.pom
Downloaded: http://repo.maven.apache.org/maven2/net/java/jvnet-parent/3/jvnet-parent-3.pom (5 KB at 76.7 KB/sec)
Downloading: http://repo.maven.apache.org/maven2/org/codehaus/woodstox/woodstox-core-asl/4.1.1/woodstox-core-asl-4.1.1.pom
Downloaded: http://repo.maven.apache.org/maven2/org/codehaus/woodstox/woodstox-core-asl/4.1.1/woodstox-core-asl-4.1.1.pom (2 KB at 20.6 KB/sec)
Downloading: http://repo.maven.apache.org/maven2/org/codehaus/woodstox/stax2-api/3.1.1/stax2-api-3.1.1.pom
Downloaded: http://repo.maven.apache.org/maven2/org/codehaus/woodstox/stax2-api/3.1.1/stax2-api-3.1.1.pom (2 KB at 21.6 KB/sec)
Downloading: http://repo.maven.apache.org/maven2/org/jvnet/staxex/stax-ex/1.4/stax-ex-1.4.pom
Downloaded: http://repo.maven.apache.org/maven2/org/jvnet/staxex/stax-ex/1.4/stax-ex-1.4.pom (6 KB at 76.6 KB/sec)
Downloading: http://repo.maven.apache.org/maven2/junit/junit/3.8/junit-3.8.pom
Downloaded: http://repo.maven.apache.org/maven2/junit/junit/3.8/junit-3.8.pom (744 B at 10.8 KB/sec)
Downloading: http://repo.maven.apache.org/maven2/org/jvnet/mimepull/1.6/mimepull-1.6.pom
Downloaded: http://repo.maven.apache.org/maven2/org/jvnet/mimepull/1.6/mimepull-1.6.pom (5 KB at 60.3 KB/sec)
Downloading: http://repo.maven.apache.org/maven2/com/sun/xml/ws/policy/2.2.2/policy-2.2.2.pom
Downloaded: http://repo.maven.apache.org/maven2/com/sun/xml/ws/policy/2.2.2/policy-2.2.2.pom (12 KB at 168.6 KB/sec)
Downloading: http://repo.maven.apache.org/maven2/com/sun/xml/txw2/txw2/20090102/txw2-20090102.pom
Downloaded: http://repo.maven.apache.org/maven2/com/sun/xml/txw2/txw2/20090102/txw2-20090102.pom (2 KB at 31.4 KB/sec)
Downloading: http://repo.maven.apache.org/maven2/com/sun/istack/istack-commons-runtime/2.2.1/istack-commons-runtime-2.2.1.pom
Downloaded: http://repo.maven.apache.org/maven2/com/sun/istack/istack-commons-runtime/2.2.1/istack-commons-runtime-2.2.1.pom (4 KB at 42.0 KB/sec)
Downloading: http://repo.maven.apache.org/maven2/com/sun/istack/istack-commons/2.2/istack-commons-2.2.pom
Downloaded: http://repo.maven.apache.org/maven2/com/sun/istack/istack-commons/2.2/istack-commons-2.2.pom (3 KB at 33.3 KB/sec)
Downloading: http://repo.maven.apache.org/maven2/org/codehaus/woodstox/wstx-asl/3.2.3/wstx-asl-3.2.3.pom
Downloaded: http://repo.maven.apache.org/maven2/org/codehaus/woodstox/wstx-asl/3.2.3/wstx-asl-3.2.3.pom (2 KB at 17.2 KB/sec)
Downloading: http://repo.maven.apache.org/maven2/stax/stax-api/1.0.1/stax-api-1.0.1.pom
Downloaded: http://repo.maven.apache.org/maven2/stax/stax-api/1.0.1/stax-api-1.0.1.pom (2 KB at 23.7 KB/sec)
Downloading: http://repo.maven.apache.org/maven2/org/glassfish/gmbal/gmbal-api-only/3.1.0-b001/gmbal-api-only-3.1.0-b001.pom
Downloaded: http://repo.maven.apache.org/maven2/org/glassfish/gmbal/gmbal-api-only/3.1.0-b001/gmbal-api-only-3.1.0-b001.pom (9 KB at 136.8 KB/sec)
Downloading: http://repo.maven.apache.org/maven2/org/glassfish/external/management-api/3.0.0-b012/management-api-3.0.0-b012.pom
Downloaded: http://repo.maven.apache.org/maven2/org/glassfish/external/management-api/3.0.0-b012/management-api-3.0.0-b012.pom (3 KB at 37.8 KB/sec)
Downloading: http://repo.maven.apache.org/maven2/org/glassfish/ha/ha-api/3.1.8/ha-api-3.1.8.pom
Downloaded: http://repo.maven.apache.org/maven2/org/glassfish/ha/ha-api/3.1.8/ha-api-3.1.8.pom (9 KB at 123.3 KB/sec)
Downloading: http://repo.maven.apache.org/maven2/com/sun/xml/bind/jaxb-xjc/2.2.4-1/jaxb-xjc-2.2.4-1.pom
Downloaded: http://repo.maven.apache.org/maven2/com/sun/xml/bind/jaxb-xjc/2.2.4-1/jaxb-xjc-2.2.4-1.pom (4 KB at 59.1 KB/sec)
Downloading: http://repo.maven.apache.org/maven2/org/jvnet/jaxb2_commons/jaxb2-fluent-api/3.0/jaxb2-fluent-api-3.0.pom
Downloaded: http://repo.maven.apache.org/maven2/org/jvnet/jaxb2_commons/jaxb2-fluent-api/3.0/jaxb2-fluent-api-3.0.pom (3 KB at 40.2 KB/sec)
Downloading: http://repo.maven.apache.org/maven2/org/jvnet/jaxb2_commons/jaxb2-default-value/1.1/jaxb2-default-value-1.1.pom
Downloaded: http://repo.maven.apache.org/maven2/org/jvnet/jaxb2_commons/jaxb2-default-value/1.1/jaxb2-default-value-1.1.pom (3 KB at 37.8 KB/sec)
Downloading: http://repo.maven.apache.org/maven2/org/jvnet/jaxb2_commons/jaxb2-basics-annotate/0.6.2/jaxb2-basics-annotate-0.6.2.pom
Downloaded: http://repo.maven.apache.org/maven2/org/jvnet/jaxb2_commons/jaxb2-basics-annotate/0.6.2/jaxb2-basics-annotate-0.6.2.pom (2 KB at 25.3 KB/sec)
Downloading: http://repo.maven.apache.org/maven2/org/jvnet/jaxb2_commons/jaxb2-basics-project/0.6.2/jaxb2-basics-project-0.6.2.pom
Downloaded: http://repo.maven.apache.org/maven2/org/jvnet/jaxb2_commons/jaxb2-basics-project/0.6.2/jaxb2-basics-project-0.6.2.pom (10 KB at 127.3 KB/sec)
Downloading: http://repo.maven.apache.org/maven2/org/jvnet/jaxb2_commons/jaxb2-basics-tools/0.6.2/jaxb2-basics-tools-0.6.2.pom
Downloaded: http://repo.maven.apache.org/maven2/org/jvnet/jaxb2_commons/jaxb2-basics-tools/0.6.2/jaxb2-basics-tools-0.6.2.pom (2 KB at 21.2 KB/sec)
Downloading: http://repo.maven.apache.org/maven2/commons-beanutils/commons-beanutils/1.7.0/commons-beanutils-1.7.0.pom
Downloaded: http://repo.maven.apache.org/maven2/commons-beanutils/commons-beanutils/1.7.0/commons-beanutils-1.7.0.pom (357 B at 5.7 KB/sec)
Downloading: http://repo.maven.apache.org/maven2/commons-logging/commons-logging/1.0.3/commons-logging-1.0.3.pom
Downloaded: http://repo.maven.apache.org/maven2/commons-logging/commons-logging/1.0.3/commons-logging-1.0.3.pom (866 B at 13.2 KB/sec)
Downloading: http://repo.maven.apache.org/maven2/commons-logging/commons-logging/1.1.1/commons-logging-1.1.1.pom
Downloaded: http://repo.maven.apache.org/maven2/commons-logging/commons-logging/1.1.1/commons-logging-1.1.1.pom (18 KB at 211.0 KB/sec)
Downloading: http://repo.maven.apache.org/maven2/org/apache/commons/commons-parent/5/commons-parent-5.pom
Downloaded: http://repo.maven.apache.org/maven2/org/apache/commons/commons-parent/5/commons-parent-5.pom (16 KB at 200.8 KB/sec)
Downloading: http://repo.maven.apache.org/maven2/org/jvnet/annox/annox/0.5.0/annox-0.5.0.pom
Downloaded: http://repo.maven.apache.org/maven2/org/jvnet/annox/annox/0.5.0/annox-0.5.0.pom (934 B at 12.8 KB/sec)
Downloading: http://repo.maven.apache.org/maven2/org/jvnet/annox/annox-project/0.5.0/annox-project-0.5.0.pom
Downloaded: http://repo.maven.apache.org/maven2/org/jvnet/annox/annox-project/0.5.0/annox-project-0.5.0.pom (6 KB at 58.6 KB/sec)
Downloading: http://repo.maven.apache.org/maven2/org/sonatype/oss/oss-parent/3/oss-parent-3.pom
Downloaded: http://repo.maven.apache.org/maven2/org/sonatype/oss/oss-parent/3/oss-parent-3.pom (4 KB at 51.9 KB/sec)
Downloading: http://repo.maven.apache.org/maven2/commons-lang/commons-lang/2.2/commons-lang-2.2.pom
Downloaded: http://repo.maven.apache.org/maven2/commons-lang/commons-lang/2.2/commons-lang-2.2.pom (11 KB at 175.3 KB/sec)
Downloading: http://repo.maven.apache.org/maven2/org/jvnet/jaxb2_commons/jaxb2-basics/0.5.3/jaxb2-basics-0.5.3.pom
Downloaded: http://repo.maven.apache.org/maven2/org/jvnet/jaxb2_commons/jaxb2-basics/0.5.3/jaxb2-basics-0.5.3.pom (2 KB at 21.9 KB/sec)
Downloading: http://repo.maven.apache.org/maven2/org/jvnet/jaxb2_commons/jaxb2-basics-project/0.5.3/jaxb2-basics-project-0.5.3.pom
Downloaded: http://repo.maven.apache.org/maven2/org/jvnet/jaxb2_commons/jaxb2-basics-project/0.5.3/jaxb2-basics-project-0.5.3.pom (9 KB at 131.4 KB/sec)
Downloading: http://repo.maven.apache.org/maven2/org/jvnet/jaxb2_commons/jaxb2-basics-runtime/0.5.3/jaxb2-basics-runtime-0.5.3.pom
Downloaded: http://repo.maven.apache.org/maven2/org/jvnet/jaxb2_commons/jaxb2-basics-runtime/0.5.3/jaxb2-basics-runtime-0.5.3.pom (2 KB at 21.8 KB/sec)
Downloading: http://repo.maven.apache.org/maven2/org/jvnet/jaxb2_commons/jaxb2-basics-tools/0.5.3/jaxb2-basics-tools-0.5.3.pom
Downloaded: http://repo.maven.apache.org/maven2/org/jvnet/jaxb2_commons/jaxb2-basics-tools/0.5.3/jaxb2-basics-tools-0.5.3.pom (2 KB at 26.8 KB/sec)
Downloading: http://repo.maven.apache.org/maven2/javax/xml/ws/jaxws-api/2.2.5/jaxws-api-2.2.5.jar
Downloading: http://repo.maven.apache.org/maven2/com/sun/xml/ws/jaxws-tools/2.2.5/jaxws-tools-2.2.5.jar
Downloading: http://repo.maven.apache.org/maven2/com/github/jaxb-xew-plugin/jaxb-xew-plugin/1.0/jaxb-xew-plugin-1.0.jar
Downloading: http://repo.maven.apache.org/maven2/com/sun/xml/ws/jaxws-rt/2.2.5/jaxws-rt-2.2.5.jar
Downloading: http://repo.maven.apache.org/maven2/javax/xml/bind/jaxb-api/2.2.3/jaxb-api-2.2.3.jar
Downloaded: http://repo.maven.apache.org/maven2/com/github/jaxb-xew-plugin/jaxb-xew-plugin/1.0/jaxb-xew-plugin-1.0.jar (16 KB at 142.6 KB/sec)
Downloading: http://repo.maven.apache.org/maven2/javax/xml/stream/stax-api/1.0-2/stax-api-1.0-2.jar
Downloaded: http://repo.maven.apache.org/maven2/javax/xml/ws/jaxws-api/2.2.5/jaxws-api-2.2.5.jar (54 KB at 425.6 KB/sec)
Downloading: http://repo.maven.apache.org/maven2/javax/activation/activation/1.1/activation-1.1.jar
Downloaded: http://repo.maven.apache.org/maven2/javax/xml/bind/jaxb-api/2.2.3/jaxb-api-2.2.3.jar (105 KB at 709.1 KB/sec)
Downloading: http://repo.maven.apache.org/maven2/javax/xml/soap/saaj-api/1.3.3/saaj-api-1.3.3.jar
Downloaded: http://repo.maven.apache.org/maven2/javax/xml/stream/stax-api/1.0-2/stax-api-1.0-2.jar (23 KB at 240.0 KB/sec)
Downloading: http://repo.maven.apache.org/maven2/org/glassfish/javax.annotation/3.1.1-b06/javax.annotation-3.1.1-b06.jar
Downloaded: http://repo.maven.apache.org/maven2/javax/xml/soap/saaj-api/1.3.3/saaj-api-1.3.3.jar (25 KB at 230.3 KB/sec)
Downloaded: http://repo.maven.apache.org/maven2/javax/activation/activation/1.1/activation-1.1.jar (62 KB at 455.6 KB/sec)
Downloaded: http://repo.maven.apache.org/maven2/com/sun/xml/ws/jaxws-tools/2.2.5/jaxws-tools-2.2.5.jar (526 KB at 1969.9 KB/sec)
Downloading: http://repo.maven.apache.org/maven2/javax/jws/jsr181-api/1.0-MR1/jsr181-api-1.0-MR1.jar
Downloading: http://repo.maven.apache.org/maven2/com/sun/xml/messaging/saaj/saaj-impl/1.3.10/saaj-impl-1.3.10.jar
Downloading: http://repo.maven.apache.org/maven2/com/sun/xml/bind/jaxb-impl/2.2.4-1/jaxb-impl-2.2.4-1.jar
Downloaded: http://repo.maven.apache.org/maven2/org/glassfish/javax.annotation/3.1.1-b06/javax.annotation-3.1.1-b06.jar (22 KB at 229.3 KB/sec)
Downloading: http://repo.maven.apache.org/maven2/org/jvnet/mimepull/1.6/mimepull-1.6.jar
Downloaded: http://repo.maven.apache.org/maven2/javax/jws/jsr181-api/1.0-MR1/jsr181-api-1.0-MR1.jar (8 KB at 114.7 KB/sec)
Downloading: http://repo.maven.apache.org/maven2/com/sun/xml/stream/buffer/streambuffer/1.2/streambuffer-1.2.jar
Downloaded: http://repo.maven.apache.org/maven2/org/jvnet/mimepull/1.6/mimepull-1.6.jar (39 KB at 389.7 KB/sec)
Downloading: http://repo.maven.apache.org/maven2/org/jvnet/staxex/stax-ex/1.4/stax-ex-1.4.jar
Downloaded: http://repo.maven.apache.org/maven2/com/sun/xml/messaging/saaj/saaj-impl/1.3.10/saaj-impl-1.3.10.jar (284 KB at 1517.6 KB/sec)
Downloading: http://repo.maven.apache.org/maven2/org/codehaus/woodstox/woodstox-core-asl/4.1.1/woodstox-core-asl-4.1.1.jar
Downloaded: http://repo.maven.apache.org/maven2/com/sun/xml/stream/buffer/streambuffer/1.2/streambuffer-1.2.jar (59 KB at 423.6 KB/sec)
Downloading: http://repo.maven.apache.org/maven2/org/codehaus/woodstox/stax2-api/3.1.1/stax2-api-3.1.1.jar
Downloaded: http://repo.maven.apache.org/maven2/org/jvnet/staxex/stax-ex/1.4/stax-ex-1.4.jar (14 KB at 115.5 KB/sec)
Downloading: http://repo.maven.apache.org/maven2/junit/junit/3.8/junit-3.8.jar
Downloaded: http://repo.maven.apache.org/maven2/com/sun/xml/bind/jaxb-impl/2.2.4-1/jaxb-impl-2.2.4-1.jar (876 KB at 3072.2 KB/sec)
Downloading: http://repo.maven.apache.org/maven2/com/sun/xml/ws/policy/2.2.2/policy-2.2.2.jar
Downloaded: http://repo.maven.apache.org/maven2/org/codehaus/woodstox/stax2-api/3.1.1/stax2-api-3.1.1.jar (178 KB at 1058.6 KB/sec)
Downloading: http://repo.maven.apache.org/maven2/com/sun/xml/txw2/txw2/20090102/txw2-20090102.jar
Downloaded: http://repo.maven.apache.org/maven2/junit/junit/3.8/junit-3.8.jar (119 KB at 813.7 KB/sec)
Downloading: http://repo.maven.apache.org/maven2/com/sun/istack/istack-commons-runtime/2.2.1/istack-commons-runtime-2.2.1.jar
Downloaded: http://repo.maven.apache.org/maven2/org/codehaus/woodstox/woodstox-core-asl/4.1.1/woodstox-core-asl-4.1.1.jar (468 KB at 1938.7 KB/sec)
Downloading: http://repo.maven.apache.org/maven2/org/codehaus/woodstox/wstx-asl/3.2.3/wstx-asl-3.2.3.jar
Downloaded: http://repo.maven.apache.org/maven2/com/sun/xml/ws/policy/2.2.2/policy-2.2.2.jar (155 KB at 899.5 KB/sec)
Downloading: http://repo.maven.apache.org/maven2/stax/stax-api/1.0.1/stax-api-1.0.1.jar
Downloaded: http://repo.maven.apache.org/maven2/com/sun/xml/txw2/txw2/20090102/txw2-20090102.jar (64 KB at 628.7 KB/sec)
Downloading: http://repo.maven.apache.org/maven2/org/glassfish/gmbal/gmbal-api-only/3.1.0-b001/gmbal-api-only-3.1.0-b001.jar
Downloaded: http://repo.maven.apache.org/maven2/com/sun/istack/istack-commons-runtime/2.2.1/istack-commons-runtime-2.2.1.jar (21 KB at 259.3 KB/sec)
Downloading: http://repo.maven.apache.org/maven2/org/glassfish/external/management-api/3.0.0-b012/management-api-3.0.0-b012.jar
Downloaded: http://repo.maven.apache.org/maven2/com/sun/xml/ws/jaxws-rt/2.2.5/jaxws-rt-2.2.5.jar (1498 KB at 1865.1 KB/sec)
Downloading: http://repo.maven.apache.org/maven2/org/glassfish/ha/ha-api/3.1.8/ha-api-3.1.8.jar
Downloaded: http://repo.maven.apache.org/maven2/stax/stax-api/1.0.1/stax-api-1.0.1.jar (26 KB at 301.1 KB/sec)
Downloading: http://repo.maven.apache.org/maven2/com/sun/xml/bind/jaxb-xjc/2.2.4-1/jaxb-xjc-2.2.4-1.jar
Downloaded: http://repo.maven.apache.org/maven2/org/glassfish/gmbal/gmbal-api-only/3.1.0-b001/gmbal-api-only-3.1.0-b001.jar (22 KB at 226.7 KB/sec)
Downloading: http://repo.maven.apache.org/maven2/org/jvnet/jaxb2_commons/jaxb2-fluent-api/3.0/jaxb2-fluent-api-3.0.jar
Downloaded: http://repo.maven.apache.org/maven2/org/glassfish/external/management-api/3.0.0-b012/management-api-3.0.0-b012.jar (42 KB at 332.4 KB/sec)
Downloading: http://repo.maven.apache.org/maven2/org/jvnet/jaxb2_commons/jaxb2-default-value/1.1/jaxb2-default-value-1.1.jar
Downloaded: http://repo.maven.apache.org/maven2/org/glassfish/ha/ha-api/3.1.8/ha-api-3.1.8.jar (36 KB at 363.3 KB/sec)
Downloading: http://repo.maven.apache.org/maven2/org/jvnet/jaxb2_commons/jaxb2-basics-annotate/0.6.2/jaxb2-basics-annotate-0.6.2.jar
Downloaded: http://repo.maven.apache.org/maven2/org/codehaus/woodstox/wstx-asl/3.2.3/wstx-asl-3.2.3.jar (508 KB at 2287.7 KB/sec)
Downloading: http://repo.maven.apache.org/maven2/org/jvnet/jaxb2_commons/jaxb2-basics-tools/0.6.2/jaxb2-basics-tools-0.6.2.jar
Downloaded: http://repo.maven.apache.org/maven2/org/jvnet/jaxb2_commons/jaxb2-fluent-api/3.0/jaxb2-fluent-api-3.0.jar (14 KB at 157.6 KB/sec)
Downloading: http://repo.maven.apache.org/maven2/commons-beanutils/commons-beanutils/1.7.0/commons-beanutils-1.7.0.jar
Downloaded: http://repo.maven.apache.org/maven2/org/jvnet/jaxb2_commons/jaxb2-default-value/1.1/jaxb2-default-value-1.1.jar (8 KB at 96.0 KB/sec)
Downloading: http://repo.maven.apache.org/maven2/commons-logging/commons-logging/1.1.1/commons-logging-1.1.1.jar
Downloaded: http://repo.maven.apache.org/maven2/org/jvnet/jaxb2_commons/jaxb2-basics-annotate/0.6.2/jaxb2-basics-annotate-0.6.2.jar (15 KB at 187.2 KB/sec)
Downloading: http://repo.maven.apache.org/maven2/org/jvnet/annox/annox/0.5.0/annox-0.5.0.jar
Downloaded: http://repo.maven.apache.org/maven2/org/jvnet/jaxb2_commons/jaxb2-basics-tools/0.6.2/jaxb2-basics-tools-0.6.2.jar (97 KB at 676.9 KB/sec)
Downloading: http://repo.maven.apache.org/maven2/commons-lang/commons-lang/2.2/commons-lang-2.2.jar
Downloaded: http://repo.maven.apache.org/maven2/org/jvnet/annox/annox/0.5.0/annox-0.5.0.jar (123 KB at 842.5 KB/sec)
Downloaded: http://repo.maven.apache.org/maven2/commons-logging/commons-logging/1.1.1/commons-logging-1.1.1.jar (60 KB at 372.7 KB/sec)
Downloaded: http://repo.maven.apache.org/maven2/commons-beanutils/commons-beanutils/1.7.0/commons-beanutils-1.7.0.jar (185 KB at 959.6 KB/sec)
Downloading: http://repo.maven.apache.org/maven2/org/jvnet/jaxb2_commons/jaxb2-basics/0.5.3/jaxb2-basics-0.5.3.jar
Downloading: http://repo.maven.apache.org/maven2/org/jvnet/jaxb2_commons/jaxb2-basics-runtime/0.5.3/jaxb2-basics-runtime-0.5.3.jar
Downloaded: http://repo.maven.apache.org/maven2/org/jvnet/jaxb2_commons/jaxb2-basics/0.5.3/jaxb2-basics-0.5.3.jar (48 KB at 313.6 KB/sec)
Downloaded: http://repo.maven.apache.org/maven2/org/jvnet/jaxb2_commons/jaxb2-basics-runtime/0.5.3/jaxb2-basics-runtime-0.5.3.jar (42 KB at 277.2 KB/sec)
Downloaded: http://repo.maven.apache.org/maven2/commons-lang/commons-lang/2.2/commons-lang-2.2.jar (238 KB at 885.5 KB/sec)
Downloaded: http://repo.maven.apache.org/maven2/com/sun/xml/bind/jaxb-xjc/2.2.4-1/jaxb-xjc-2.2.4-1.jar (3100 KB at 5914.6 KB/sec)
[INFO] 
[INFO] --- maven-resources-plugin:2.5:resources (default-resources) @ jooq ---
Downloading: http://repo.maven.apache.org/maven2/org/codehaus/plexus/plexus-utils/2.0.5/plexus-utils-2.0.5.pom
Downloaded: http://repo.maven.apache.org/maven2/org/codehaus/plexus/plexus-utils/2.0.5/plexus-utils-2.0.5.pom (4 KB at 44.6 KB/sec)
Downloading: http://repo.maven.apache.org/maven2/org/codehaus/plexus/plexus/2.0.6/plexus-2.0.6.pom
Downloaded: http://repo.maven.apache.org/maven2/org/codehaus/plexus/plexus/2.0.6/plexus-2.0.6.pom (17 KB at 202.1 KB/sec)
Downloading: http://repo.maven.apache.org/maven2/org/apache/maven/shared/maven-filtering/1.0/maven-filtering-1.0.pom
Downloaded: http://repo.maven.apache.org/maven2/org/apache/maven/shared/maven-filtering/1.0/maven-filtering-1.0.pom (6 KB at 85.3 KB/sec)
Downloading: http://repo.maven.apache.org/maven2/org/apache/maven/shared/maven-shared-components/16/maven-shared-components-16.pom
Downloaded: http://repo.maven.apache.org/maven2/org/apache/maven/shared/maven-shared-components/16/maven-shared-components-16.pom (9 KB at 117.6 KB/sec)
Downloading: http://repo.maven.apache.org/maven2/org/codehaus/plexus/plexus-interpolation/1.12/plexus-interpolation-1.12.pom
Downloaded: http://repo.maven.apache.org/maven2/org/codehaus/plexus/plexus-interpolation/1.12/plexus-interpolation-1.12.pom (889 B at 13.8 KB/sec)
Downloading: http://repo.maven.apache.org/maven2/org/codehaus/plexus/plexus-components/1.1.14/plexus-components-1.1.14.pom
Downloaded: http://repo.maven.apache.org/maven2/org/codehaus/plexus/plexus-components/1.1.14/plexus-components-1.1.14.pom (6 KB at 83.9 KB/sec)
Downloading: http://repo.maven.apache.org/maven2/org/sonatype/plexus/plexus-build-api/0.0.4/plexus-build-api-0.0.4.pom
Downloaded: http://repo.maven.apache.org/maven2/org/sonatype/plexus/plexus-build-api/0.0.4/plexus-build-api-0.0.4.pom (3 KB at 31.8 KB/sec)
Downloading: http://repo.maven.apache.org/maven2/org/sonatype/spice/spice-parent/10/spice-parent-10.pom
Downloaded: http://repo.maven.apache.org/maven2/org/sonatype/spice/spice-parent/10/spice-parent-10.pom (3 KB at 35.1 KB/sec)
Downloading: http://repo.maven.apache.org/maven2/org/sonatype/forge/forge-parent/3/forge-parent-3.pom
Downloaded: http://repo.maven.apache.org/maven2/org/sonatype/forge/forge-parent/3/forge-parent-3.pom (5 KB at 74.5 KB/sec)
Downloading: http://repo.maven.apache.org/maven2/org/codehaus/plexus/plexus-interpolation/1.13/plexus-interpolation-1.13.pom
Downloaded: http://repo.maven.apache.org/maven2/org/codehaus/plexus/plexus-interpolation/1.13/plexus-interpolation-1.13.pom (890 B at 13.0 KB/sec)
Downloading: http://repo.maven.apache.org/maven2/org/codehaus/plexus/plexus-components/1.1.15/plexus-components-1.1.15.pom
Downloaded: http://repo.maven.apache.org/maven2/org/codehaus/plexus/plexus-components/1.1.15/plexus-components-1.1.15.pom (3 KB at 45.6 KB/sec)
Downloading: http://repo.maven.apache.org/maven2/org/codehaus/plexus/plexus/2.0.3/plexus-2.0.3.pom
Downloaded: http://repo.maven.apache.org/maven2/org/codehaus/plexus/plexus/2.0.3/plexus-2.0.3.pom (16 KB at 181.9 KB/sec)
Downloading: http://repo.maven.apache.org/maven2/org/codehaus/plexus/plexus-utils/2.0.5/plexus-utils-2.0.5.jar
Downloading: http://repo.maven.apache.org/maven2/org/sonatype/plexus/plexus-build-api/0.0.4/plexus-build-api-0.0.4.jar
Downloading: http://repo.maven.apache.org/maven2/org/codehaus/plexus/plexus-interpolation/1.13/plexus-interpolation-1.13.jar
Downloading: http://repo.maven.apache.org/maven2/org/apache/maven/shared/maven-filtering/1.0/maven-filtering-1.0.jar
Downloaded: http://repo.maven.apache.org/maven2/org/sonatype/plexus/plexus-build-api/0.0.4/plexus-build-api-0.0.4.jar (7 KB at 100.7 KB/sec)
Downloaded: http://repo.maven.apache.org/maven2/org/codehaus/plexus/plexus-interpolation/1.13/plexus-interpolation-1.13.jar (60 KB at 573.3 KB/sec)
Downloaded: http://repo.maven.apache.org/maven2/org/apache/maven/shared/maven-filtering/1.0/maven-filtering-1.0.jar (42 KB at 384.7 KB/sec)
Downloaded: http://repo.maven.apache.org/maven2/org/codehaus/plexus/plexus-utils/2.0.5/plexus-utils-2.0.5.jar (218 KB at 1379.4 KB/sec)
[debug] execute contextualize
[INFO] Using 'UTF-8' encoding to copy filtered resources.
[INFO] Copying 15 resources
[INFO] Copying 1 resource
[INFO] 
[INFO] --- maven-compiler-plugin:2.3.2:compile (default-compile) @ jooq ---
Downloading: http://repo.maven.apache.org/maven2/org/apache/maven/maven-toolchain/1.0/maven-toolchain-1.0.pom
Downloaded: http://repo.maven.apache.org/maven2/org/apache/maven/maven-toolchain/1.0/maven-toolchain-1.0.pom (4 KB at 48.3 KB/sec)
Downloading: http://repo.maven.apache.org/maven2/org/codehaus/plexus/plexus-compiler-api/1.8.1/plexus-compiler-api-1.8.1.pom
Downloaded: http://repo.maven.apache.org/maven2/org/codehaus/plexus/plexus-compiler-api/1.8.1/plexus-compiler-api-1.8.1.pom (805 B at 12.1 KB/sec)
Downloading: http://repo.maven.apache.org/maven2/org/codehaus/plexus/plexus-compiler/1.8.1/plexus-compiler-1.8.1.pom
Downloaded: http://repo.maven.apache.org/maven2/org/codehaus/plexus/plexus-compiler/1.8.1/plexus-compiler-1.8.1.pom (4 KB at 53.1 KB/sec)
Downloading: http://repo.maven.apache.org/maven2/org/codehaus/plexus/plexus-components/1.1.18/plexus-components-1.1.18.pom
Downloaded: http://repo.maven.apache.org/maven2/org/codehaus/plexus/plexus-components/1.1.18/plexus-components-1.1.18.pom (6 KB at 67.9 KB/sec)
Downloading: http://repo.maven.apache.org/maven2/org/codehaus/plexus/plexus/2.0.7/plexus-2.0.7.pom
Downloaded: http://repo.maven.apache.org/maven2/org/codehaus/plexus/plexus/2.0.7/plexus-2.0.7.pom (17 KB at 174.1 KB/sec)
Downloading: http://repo.maven.apache.org/maven2/org/codehaus/plexus/plexus-utils/1.5.5/plexus-utils-1.5.5.pom
Downloaded: http://repo.maven.apache.org/maven2/org/codehaus/plexus/plexus-utils/1.5.5/plexus-utils-1.5.5.pom (6 KB at 66.1 KB/sec)
Downloading: http://repo.maven.apache.org/maven2/org/codehaus/plexus/plexus-compiler-manager/1.8.1/plexus-compiler-manager-1.8.1.pom
Downloaded: http://repo.maven.apache.org/maven2/org/codehaus/plexus/plexus-compiler-manager/1.8.1/plexus-compiler-manager-1.8.1.pom (713 B at 10.5 KB/sec)
Downloading: http://repo.maven.apache.org/maven2/org/codehaus/plexus/plexus-compiler-javac/1.8.1/plexus-compiler-javac-1.8.1.pom
Downloaded: http://repo.maven.apache.org/maven2/org/codehaus/plexus/plexus-compiler-javac/1.8.1/plexus-compiler-javac-1.8.1.pom (710 B at 11.2 KB/sec)
Downloading: http://repo.maven.apache.org/maven2/org/codehaus/plexus/plexus-compilers/1.8.1/plexus-compilers-1.8.1.pom
Downloaded: http://repo.maven.apache.org/maven2/org/codehaus/plexus/plexus-compilers/1.8.1/plexus-compilers-1.8.1.pom (2 KB at 20.2 KB/sec)
Downloading: http://repo.maven.apache.org/maven2/org/codehaus/plexus/plexus-compiler-manager/1.8.1/plexus-compiler-manager-1.8.1.jar
Downloading: http://repo.maven.apache.org/maven2/org/codehaus/plexus/plexus-compiler-api/1.8.1/plexus-compiler-api-1.8.1.jar
Downloading: http://repo.maven.apache.org/maven2/org/codehaus/plexus/plexus-compiler-javac/1.8.1/plexus-compiler-javac-1.8.1.jar
Downloaded: http://repo.maven.apache.org/maven2/org/codehaus/plexus/plexus-compiler-manager/1.8.1/plexus-compiler-manager-1.8.1.jar (6 KB at 70.3 KB/sec)
Downloaded: http://repo.maven.apache.org/maven2/org/codehaus/plexus/plexus-compiler-javac/1.8.1/plexus-compiler-javac-1.8.1.jar (13 KB at 165.2 KB/sec)
Downloaded: http://repo.maven.apache.org/maven2/org/codehaus/plexus/plexus-compiler-api/1.8.1/plexus-compiler-api-1.8.1.jar (20 KB at 226.7 KB/sec)
[INFO] Compiling 759 source files to /home/ooxi/code/java/jOOQ/jOOQ/target/classes
[INFO] 
[INFO] --- maven-bundle-plugin:2.1.0:manifest (bundle-manifest) @ jooq ---
Should not skip: ^
[INFO] 
[INFO] --- build-helper-maven-plugin:1.7:add-test-source (add-test-sources) @ jooq ---
[INFO] Test Source directory: /home/ooxi/code/java/jOOQ/jOOQ/target/generated-test-sources/jooq-h2 added.
[INFO] 
[INFO] --- maven-resources-plugin:2.5:testResources (default-testResources) @ jooq ---
[debug] execute contextualize
[INFO] Using 'UTF-8' encoding to copy filtered resources.
[INFO] Copying 2 resources
[INFO] 
[INFO] --- maven-compiler-plugin:2.3.2:testCompile (default-testCompile) @ jooq ---
[INFO] Compiling 34 source files to /home/ooxi/code/java/jOOQ/jOOQ/target/test-classes
[INFO] 
[INFO] --- maven-surefire-plugin:2.10:test (default-test) @ jooq ---
Downloading: http://repo.maven.apache.org/maven2/org/apache/maven/surefire/surefire-booter/2.10/surefire-booter-2.10.pom
Downloaded: http://repo.maven.apache.org/maven2/org/apache/maven/surefire/surefire-booter/2.10/surefire-booter-2.10.pom (3 KB at 35.6 KB/sec)
Downloading: http://repo.maven.apache.org/maven2/org/apache/maven/surefire/surefire-api/2.10/surefire-api-2.10.pom
Downloaded: http://repo.maven.apache.org/maven2/org/apache/maven/surefire/surefire-api/2.10/surefire-api-2.10.pom (3 KB at 33.3 KB/sec)
Downloading: http://repo.maven.apache.org/maven2/org/apache/maven/surefire/maven-surefire-common/2.10/maven-surefire-common-2.10.pom
Downloaded: http://repo.maven.apache.org/maven2/org/apache/maven/surefire/maven-surefire-common/2.10/maven-surefire-common-2.10.pom (4 KB at 64.2 KB/sec)
Downloading: http://repo.maven.apache.org/maven2/org/codehaus/plexus/plexus-utils/2.1/plexus-utils-2.1.pom
Downloaded: http://repo.maven.apache.org/maven2/org/codehaus/plexus/plexus-utils/2.1/plexus-utils-2.1.pom (4 KB at 61.6 KB/sec)
Downloading: http://repo.maven.apache.org/maven2/org/sonatype/spice/spice-parent/16/spice-parent-16.pom
Downloaded: http://repo.maven.apache.org/maven2/org/sonatype/spice/spice-parent/16/spice-parent-16.pom (9 KB at 118.3 KB/sec)
Downloading: http://repo.maven.apache.org/maven2/org/apache/maven/maven-toolchain/2.0.9/maven-toolchain-2.0.9.pom
Downloaded: http://repo.maven.apache.org/maven2/org/apache/maven/maven-toolchain/2.0.9/maven-toolchain-2.0.9.pom (4 KB at 51.4 KB/sec)
Downloading: http://repo.maven.apache.org/maven2/org/apache/maven/shared/maven-common-artifact-filters/1.3/maven-common-artifact-filters-1.3.pom
Downloaded: http://repo.maven.apache.org/maven2/org/apache/maven/shared/maven-common-artifact-filters/1.3/maven-common-artifact-filters-1.3.pom (4 KB at 57.4 KB/sec)
Downloading: http://repo.maven.apache.org/maven2/org/apache/maven/shared/maven-shared-components/12/maven-shared-components-12.pom
Downloaded: http://repo.maven.apache.org/maven2/org/apache/maven/shared/maven-shared-components/12/maven-shared-components-12.pom (10 KB at 147.1 KB/sec)
Downloading: http://repo.maven.apache.org/maven2/org/apache/maven/maven-parent/13/maven-parent-13.pom
Downloaded: http://repo.maven.apache.org/maven2/org/apache/maven/maven-parent/13/maven-parent-13.pom (23 KB at 260.0 KB/sec)
Downloading: http://repo.maven.apache.org/maven2/org/apache/apache/6/apache-6.pom
Downloaded: http://repo.maven.apache.org/maven2/org/apache/apache/6/apache-6.pom (13 KB at 178.5 KB/sec)
Downloading: http://repo.maven.apache.org/maven2/org/apache/maven/surefire/surefire-booter/2.10/surefire-booter-2.10.jar
Downloading: http://repo.maven.apache.org/maven2/org/apache/maven/surefire/surefire-api/2.10/surefire-api-2.10.jar
Downloading: http://repo.maven.apache.org/maven2/org/apache/maven/surefire/maven-surefire-common/2.10/maven-surefire-common-2.10.jar
Downloading: http://repo.maven.apache.org/maven2/org/apache/maven/shared/maven-common-artifact-filters/1.3/maven-common-artifact-filters-1.3.jar
Downloading: http://repo.maven.apache.org/maven2/org/codehaus/plexus/plexus-utils/2.1/plexus-utils-2.1.jar
Downloaded: http://repo.maven.apache.org/maven2/org/apache/maven/shared/maven-common-artifact-filters/1.3/maven-common-artifact-filters-1.3.jar (31 KB at 297.4 KB/sec)
Downloaded: http://repo.maven.apache.org/maven2/org/apache/maven/surefire/surefire-booter/2.10/surefire-booter-2.10.jar (34 KB at 297.8 KB/sec)
Downloaded: http://repo.maven.apache.org/maven2/org/apache/maven/surefire/maven-surefire-common/2.10/maven-surefire-common-2.10.jar (60 KB at 459.4 KB/sec)
Downloaded: http://repo.maven.apache.org/maven2/org/apache/maven/surefire/surefire-api/2.10/surefire-api-2.10.jar (158 KB at 1016.4 KB/sec)
Downloaded: http://repo.maven.apache.org/maven2/org/codehaus/plexus/plexus-utils/2.1/plexus-utils-2.1.jar (220 KB at 1238.6 KB/sec)
[INFO] Surefire report directory: /home/ooxi/code/java/jOOQ/jOOQ/target/surefire-reports
Downloading: http://repo.maven.apache.org/maven2/org/apache/maven/surefire/surefire-junit4/2.10/surefire-junit4-2.10.pom
Downloaded: http://repo.maven.apache.org/maven2/org/apache/maven/surefire/surefire-junit4/2.10/surefire-junit4-2.10.pom (3 KB at 32.7 KB/sec)
Downloading: http://repo.maven.apache.org/maven2/org/apache/maven/surefire/surefire-providers/2.10/surefire-providers-2.10.pom
Downloaded: http://repo.maven.apache.org/maven2/org/apache/maven/surefire/surefire-providers/2.10/surefire-providers-2.10.pom (3 KB at 31.6 KB/sec)
Downloading: http://repo.maven.apache.org/maven2/org/apache/maven/surefire/surefire-junit4/2.10/surefire-junit4-2.10.jar
Downloaded: http://repo.maven.apache.org/maven2/org/apache/maven/surefire/surefire-junit4/2.10/surefire-junit4-2.10.jar (33 KB at 402.3 KB/sec)

-------------------------------------------------------
 T E S T S
-------------------------------------------------------
Running org.jooq.tools.StringUtilsTest
Tests run: 1, Failures: 0, Errors: 0, Skipped: 0, Time elapsed: 0.072 sec
Running org.jooq.test.TableTest
Tests run: 1, Failures: 0, Errors: 0, Skipped: 0, Time elapsed: 0.544 sec
Running org.jooq.test.RenderTest
Tests run: 8, Failures: 0, Errors: 0, Skipped: 0, Time elapsed: 0.096 sec
Running org.jooq.test.RecordMappingTest
Tests run: 2, Failures: 0, Errors: 0, Skipped: 0, Time elapsed: 0.031 sec
Running org.jooq.test.DataTypeTest
Tests run: 5, Failures: 0, Errors: 0, Skipped: 0, Time elapsed: 1.141 sec
Running org.jooq.test.MockTest
10:02:57,432 DEBUG [jooq.tools.jdbc.MockFileDatabase                  ] - Loaded SQL               : select 'A'
10:02:57,435 DEBUG [jooq.tools.jdbc.MockFileDatabase                  ] - Loaded Result            : +----+
10:02:57,435 DEBUG [jooq.tools.jdbc.MockFileDatabase                  ] -                          : |A   |
10:02:57,435 DEBUG [jooq.tools.jdbc.MockFileDatabase                  ] -                          : +----+
10:02:57,435 DEBUG [jooq.tools.jdbc.MockFileDatabase                  ] -                          : |A   |
10:02:57,435 DEBUG [jooq.tools.jdbc.MockFileDatabase                  ] -                          : +----+
10:02:57,435 DEBUG [jooq.tools.jdbc.MockFileDatabase                  ] - Loaded SQL               : select 'A' -- SQL rendered with a free trial version of jOOQ 3.4.0
10:02:57,435 DEBUG [jooq.tools.jdbc.MockFileDatabase                  ] - Loaded Result            : +----+
10:02:57,436 DEBUG [jooq.tools.jdbc.MockFileDatabase                  ] -                          : |A   |
10:02:57,436 DEBUG [jooq.tools.jdbc.MockFileDatabase                  ] -                          : +----+
10:02:57,436 DEBUG [jooq.tools.jdbc.MockFileDatabase                  ] -                          : |A   |
10:02:57,436 DEBUG [jooq.tools.jdbc.MockFileDatabase                  ] -                          : +----+
10:02:57,436 DEBUG [jooq.tools.jdbc.MockFileDatabase                  ] - Loaded SQL               : select 'A', 'B'
10:02:57,437 DEBUG [jooq.tools.jdbc.MockFileDatabase                  ] - Loaded Result            : +----+----+
10:02:57,437 DEBUG [jooq.tools.jdbc.MockFileDatabase                  ] -                          : |A   |B   |
10:02:57,437 DEBUG [jooq.tools.jdbc.MockFileDatabase                  ] -                          : +----+----+
10:02:57,437 DEBUG [jooq.tools.jdbc.MockFileDatabase                  ] -                          : |A   |B   |
10:02:57,437 DEBUG [jooq.tools.jdbc.MockFileDatabase                  ] -                          : +----+----+
10:02:57,437 DEBUG [jooq.tools.jdbc.MockFileDatabase                  ] - Loaded SQL               : select 'A', 'B' -- SQL rendered with a free trial version of jOOQ 3.4.0
10:02:57,438 DEBUG [jooq.tools.jdbc.MockFileDatabase                  ] - Loaded Result            : +----+----+
10:02:57,438 DEBUG [jooq.tools.jdbc.MockFileDatabase                  ] -                          : |A   |B   |
10:02:57,438 DEBUG [jooq.tools.jdbc.MockFileDatabase                  ] -                          : +----+----+
10:02:57,438 DEBUG [jooq.tools.jdbc.MockFileDatabase                  ] -                          : |A   |B   |
10:02:57,438 DEBUG [jooq.tools.jdbc.MockFileDatabase                  ] -                          : +----+----+
10:02:57,438 DEBUG [jooq.tools.jdbc.MockFileDatabase                  ] - Loaded SQL               : select "TABLE1"."ID1", "TABLE1"."NAME1" from "TABLE1"
10:02:57,439 DEBUG [jooq.tools.jdbc.MockFileDatabase                  ] - Loaded Result            : +----+-----+
10:02:57,439 DEBUG [jooq.tools.jdbc.MockFileDatabase                  ] -                          : |ID1 |NAME1|
10:02:57,439 DEBUG [jooq.tools.jdbc.MockFileDatabase                  ] -                          : +----+-----+
10:02:57,439 DEBUG [jooq.tools.jdbc.MockFileDatabase                  ] -                          : |1   |X    |
10:02:57,439 DEBUG [jooq.tools.jdbc.MockFileDatabase                  ] -                          : |2   |Y    |
10:02:57,439 DEBUG [jooq.tools.jdbc.MockFileDatabase                  ] -                          : +----+-----+
10:02:57,439 DEBUG [jooq.tools.jdbc.MockFileDatabase                  ] - Loaded SQL               : select "TABLE1"."ID1", "TABLE1"."NAME1" from "TABLE1" -- SQL rendered with a free trial version of jOOQ 3.4.0
10:02:57,440 DEBUG [jooq.tools.jdbc.MockFileDatabase                  ] - Loaded Result            : +----+-----+
10:02:57,440 DEBUG [jooq.tools.jdbc.MockFileDatabase                  ] -                          : |ID1 |NAME1|
10:02:57,440 DEBUG [jooq.tools.jdbc.MockFileDatabase                  ] -                          : +----+-----+
10:02:57,440 DEBUG [jooq.tools.jdbc.MockFileDatabase                  ] -                          : |1   |X    |
10:02:57,440 DEBUG [jooq.tools.jdbc.MockFileDatabase                  ] -                          : |2   |Y    |
10:02:57,440 DEBUG [jooq.tools.jdbc.MockFileDatabase                  ] -                          : +----+-----+
10:02:57,441 DEBUG [jooq.tools.jdbc.MockFileDatabase                  ] - Loaded SQL               : select "TABLE2"."ID2", "TABLE2"."NAME2" from "TABLE2"
10:02:57,442 DEBUG [jooq.tools.jdbc.MockFileDatabase                  ] - Loaded Result            : +----+-----+
10:02:57,442 DEBUG [jooq.tools.jdbc.MockFileDatabase                  ] -                          : |ID2 |NAME2|
10:02:57,442 DEBUG [jooq.tools.jdbc.MockFileDatabase                  ] -                          : +----+-----+
10:02:57,442 DEBUG [jooq.tools.jdbc.MockFileDatabase                  ] -                          : |1   |X    |
10:02:57,443 DEBUG [jooq.tools.jdbc.MockFileDatabase                  ] -                          : |2   |Y    |
10:02:57,443 DEBUG [jooq.tools.jdbc.MockFileDatabase                  ] -                          : +----+-----+
10:02:57,443 DEBUG [jooq.tools.jdbc.MockFileDatabase                  ] - Loaded SQL               : select "TABLE2"."ID2", "TABLE2"."NAME2" from "TABLE2" -- SQL rendered with a free trial version of jOOQ 3.4.0
10:02:57,444 DEBUG [jooq.tools.jdbc.MockFileDatabase                  ] - Loaded Result            : +----+-----+
10:02:57,444 DEBUG [jooq.tools.jdbc.MockFileDatabase                  ] -                          : |ID2 |NAME2|
10:02:57,444 DEBUG [jooq.tools.jdbc.MockFileDatabase                  ] -                          : +----+-----+
10:02:57,444 DEBUG [jooq.tools.jdbc.MockFileDatabase                  ] -                          : |1   |X    |
10:02:57,444 DEBUG [jooq.tools.jdbc.MockFileDatabase                  ] -                          : |2   |Y    |
10:02:57,444 DEBUG [jooq.tools.jdbc.MockFileDatabase                  ] -                          : +----+-----+
10:02:57,445 DEBUG [jooq.tools.jdbc.MockFileDatabase                  ] - Loaded SQL               : select complex_data
10:02:57,446 DEBUG [jooq.tools.jdbc.MockFileDatabase                  ] - Loaded Result            : +----+----+----------------------------+
10:02:57,446 DEBUG [jooq.tools.jdbc.MockFileDatabase                  ] -                          : |F1  |F2  |F3 is a bit more complex    |
10:02:57,446 DEBUG [jooq.tools.jdbc.MockFileDatabase                  ] -                          : +----+----+----------------------------+
10:02:57,446 DEBUG [jooq.tools.jdbc.MockFileDatabase                  ] -                          : |1   |2   |and a string containing data|
10:02:57,446 DEBUG [jooq.tools.jdbc.MockFileDatabase                  ] -                          : |1.1 |x   |another string              |
10:02:57,447 DEBUG [jooq.tools.jdbc.MockFileDatabase                  ] -                          : +----+----+----------------------------+
10:02:57,447 DEBUG [jooq.tools.jdbc.MockFileDatabase                  ] - Loaded Result            : +----+----+-----+
10:02:57,447 DEBUG [jooq.tools.jdbc.MockFileDatabase                  ] -                          : |A   |B   |"C D"|
10:02:57,447 DEBUG [jooq.tools.jdbc.MockFileDatabase                  ] -                          : +----+----+-----+
10:02:57,447 DEBUG [jooq.tools.jdbc.MockFileDatabase                  ] -                          : |x   |y   |z    |
10:02:57,448 DEBUG [jooq.tools.jdbc.MockFileDatabase                  ] -                          : +----+----+-----+
10:02:57,459 DEBUG [org.jooq.tools.LoggerListener                     ] - Executing query          : insert into x values(1)
10:02:57,473 DEBUG [org.jooq.tools.StopWatch                          ] - Exception                : Total: 15.17ms
10:02:57,474 DEBUG [org.jooq.tools.StopWatch                          ] - Finishing                : Total: 16.559ms, +1.388ms
10:02:57,478 DEBUG [org.jooq.tools.LoggerListener                     ] - Executing query          : select ?, ? from dual
10:02:57,478 DEBUG [org.jooq.tools.LoggerListener                     ] - -> with bind values      : select 1, 2 from dual
10:02:57,483 DEBUG [org.jooq.tools.StopWatch                          ] - Query executed           : Total: 4.941ms
10:02:57,492 DEBUG [org.jooq.tools.LoggerListener                     ] - Fetched result           : +----+-----+------+
10:02:57,492 DEBUG [org.jooq.tools.LoggerListener                     ] -                          : | ID1|NAME1|DATE1 |
10:02:57,493 DEBUG [org.jooq.tools.LoggerListener                     ] -                          : +----+-----+------+
10:02:57,493 DEBUG [org.jooq.tools.LoggerListener                     ] -                          : |   1|1    |{null}|
10:02:57,493 DEBUG [org.jooq.tools.LoggerListener                     ] -                          : +----+-----+------+
10:02:57,493 DEBUG [org.jooq.tools.StopWatch                          ] - Finishing                : Total: 15.322ms, +10.38ms
10:02:57,496 DEBUG [org.jooq.tools.LoggerListener                     ] - Executing query          : select complex_data
10:02:57,497 DEBUG [org.jooq.tools.StopWatch                          ] - Query executed           : Total: 0.743ms
10:02:57,497 DEBUG [org.jooq.tools.LoggerListener                     ] - Fetched result           : +----+----+----------------------------+
10:02:57,497 DEBUG [org.jooq.tools.LoggerListener                     ] -                          : |F1  |F2  |F3 is a bit more complex    |
10:02:57,497 DEBUG [org.jooq.tools.LoggerListener                     ] -                          : +----+----+----------------------------+
10:02:57,497 DEBUG [org.jooq.tools.LoggerListener                     ] -                          : |1   |2   |and a string containing data|
10:02:57,498 DEBUG [org.jooq.tools.LoggerListener                     ] -                          : |1.1 |x   |another string              |
10:02:57,498 DEBUG [org.jooq.tools.LoggerListener                     ] -                          : +----+----+----------------------------+
10:02:57,498 DEBUG [org.jooq.tools.LoggerListener                     ] - Fetched result           : +----+----+-----+
10:02:57,498 DEBUG [org.jooq.tools.LoggerListener                     ] -                          : |A   |B   |"C D"|
10:02:57,498 DEBUG [org.jooq.tools.LoggerListener                     ] -                          : +----+----+-----+
10:02:57,498 DEBUG [org.jooq.tools.LoggerListener                     ] -                          : |x   |y   |z    |
10:02:57,498 DEBUG [org.jooq.tools.LoggerListener                     ] -                          : +----+----+-----+
10:02:57,498 DEBUG [org.jooq.tools.StopWatch                          ] - Finishing                : Total: 2.562ms, +1.818ms
10:02:57,505 DEBUG [org.jooq.tools.LoggerListener                     ] - Executing batch query    : insert into x values(1)
10:02:57,505 DEBUG [org.jooq.tools.LoggerListener                     ] - Executing batch query    : insert into x values(2)
10:02:57,506 DEBUG [org.jooq.tools.StopWatch                          ] - Query executed           : Total: 3.881ms
10:02:57,506 DEBUG [org.jooq.tools.StopWatch                          ] - Finishing                : Total: 4.343ms, +0.462ms
10:02:57,511 DEBUG [org.jooq.tools.LoggerListener                     ] - Executing batch query    : insert into x values(?, ?)
10:02:57,512 DEBUG [org.jooq.tools.StopWatch                          ] - Query executed           : Total: 2.041ms
10:02:57,512 DEBUG [org.jooq.tools.StopWatch                          ] - Finishing                : Total: 2.241ms, +0.199ms
10:02:57,514 DEBUG [org.jooq.tools.LoggerListener                     ] - Executing query          : select "TABLE2"."ID2", "TABLE2"."NAME2" from "TABLE2"
10:02:57,515 DEBUG [org.jooq.tools.StopWatch                          ] - Query executed           : Total: 1.354ms
10:02:57,516 DEBUG [org.jooq.tools.LoggerListener                     ] - Fetched result           : +----+-----+
10:02:57,516 DEBUG [org.jooq.tools.LoggerListener                     ] -                          : | ID2|NAME2|
10:02:57,516 DEBUG [org.jooq.tools.LoggerListener                     ] -                          : +----+-----+
10:02:57,516 DEBUG [org.jooq.tools.LoggerListener                     ] -                          : |   1|X    |
10:02:57,516 DEBUG [org.jooq.tools.LoggerListener                     ] -                          : |   2|Y    |
10:02:57,517 DEBUG [org.jooq.tools.LoggerListener                     ] -                          : +----+-----+
10:02:57,517 DEBUG [org.jooq.tools.StopWatch                          ] - Finishing                : Total: 3.257ms, +1.903ms
10:02:57,519 DEBUG [org.jooq.tools.LoggerListener                     ] - Executing query          : select ?, ? from dual
10:02:57,519 DEBUG [org.jooq.tools.LoggerListener                     ] - -> with bind values      : select 1, 2 from dual
10:02:57,520 DEBUG [org.jooq.tools.StopWatch                          ] - Query executed           : Total: 0.882ms
10:02:57,520 DEBUG [org.jooq.tools.LoggerListener                     ] - Fetched result           : +----+-----+-----+
10:02:57,520 DEBUG [org.jooq.tools.LoggerListener                     ] -                          : | ID1|NAME1|DATE1|
10:02:57,520 DEBUG [org.jooq.tools.LoggerListener                     ] -                          : +----+-----+-----+
10:02:57,521 DEBUG [org.jooq.tools.StopWatch                          ] - Finishing                : Total: 1.717ms, +0.835ms
10:02:57,523 DEBUG [org.jooq.tools.LoggerListener                     ] - Executing query          : select "TABLE1"."ID1", "TABLE1"."NAME1" from "TABLE1"
10:02:57,524 DEBUG [org.jooq.tools.StopWatch                          ] - Query executed           : Total: 1.427ms
10:02:57,525 DEBUG [org.jooq.tools.LoggerListener                     ] - Fetched result           : +----+-----+
10:02:57,525 DEBUG [org.jooq.tools.LoggerListener                     ] -                          : | ID1|NAME1|
10:02:57,525 DEBUG [org.jooq.tools.LoggerListener                     ] -                          : +----+-----+
10:02:57,525 DEBUG [org.jooq.tools.LoggerListener                     ] -                          : |   1|X    |
10:02:57,525 DEBUG [org.jooq.tools.LoggerListener                     ] -                          : |   2|Y    |
10:02:57,526 DEBUG [org.jooq.tools.LoggerListener                     ] -                          : +----+-----+
10:02:57,526 DEBUG [org.jooq.tools.StopWatch                          ] - Finishing                : Total: 3.44ms, +2.013ms
10:02:57,544 DEBUG [org.jooq.tools.LoggerListener                     ] - Executing query          : insert into "TABLE1" ("ID1") values (?) returning "TABLE1"."ID1", "TABLE1"."NAME1", "TABLE1"."DATE1"
10:02:57,546 DEBUG [org.jooq.tools.LoggerListener                     ] - -> with bind values      : insert into "TABLE1" ("ID1") values (1) returning "TABLE1"."ID1", "TABLE1"."NAME1", "TABLE1"."DATE1"
10:02:57,546 DEBUG [org.jooq.tools.StopWatch                          ] - Query executed           : Total: 4.365ms
10:02:57,546 DEBUG [org.jooq.tools.StopWatch                          ] - Finishing                : Total: 0.153ms
10:02:57,547 DEBUG [org.jooq.tools.LoggerListener                     ] - Fetched result           : +----+-----+------+
10:02:57,547 DEBUG [org.jooq.tools.LoggerListener                     ] -                          : | ID1|NAME1|DATE1 |
10:02:57,547 DEBUG [org.jooq.tools.LoggerListener                     ] -                          : +----+-----+------+
10:02:57,547 DEBUG [org.jooq.tools.LoggerListener                     ] -                          : |   1|1    |{null}|
10:02:57,547 DEBUG [org.jooq.tools.LoggerListener                     ] -                          : +----+-----+------+
10:02:57,548 DEBUG [org.jooq.tools.StopWatch                          ] - Finishing                : Total: 6.789ms, +2.424ms
10:02:57,549 DEBUG [org.jooq.tools.LoggerListener                     ] - Executing query          : insert into "TABLE1" ("ID1") values (?) returning "TABLE1"."ID1", "TABLE1"."NAME1", "TABLE1"."DATE1"
10:02:57,549 DEBUG [org.jooq.tools.LoggerListener                     ] - -> with bind values      : insert into "TABLE1" ("ID1") values (1) returning "TABLE1"."ID1", "TABLE1"."NAME1", "TABLE1"."DATE1"
10:02:57,550 DEBUG [org.jooq.tools.StopWatch                          ] - Query executed           : Total: 1.033ms
10:02:57,550 DEBUG [org.jooq.tools.StopWatch                          ] - Finishing                : Total: 0.14ms
10:02:57,551 DEBUG [org.jooq.tools.LoggerListener                     ] - Fetched result           : +----+-----+------+
10:02:57,551 DEBUG [org.jooq.tools.LoggerListener                     ] -                          : | ID1|NAME1|DATE1 |
10:02:57,551 DEBUG [org.jooq.tools.LoggerListener                     ] -                          : +----+-----+------+
10:02:57,551 DEBUG [org.jooq.tools.LoggerListener                     ] -                          : |   1|1    |{null}|
10:02:57,551 DEBUG [org.jooq.tools.LoggerListener                     ] -                          : +----+-----+------+
10:02:57,552 DEBUG [org.jooq.tools.StopWatch                          ] - Finishing                : Total: 2.832ms, +1.799ms
10:02:57,554 DEBUG [org.jooq.tools.LoggerListener                     ] - Executing query          : select ?, ? from dual
10:02:57,555 DEBUG [org.jooq.tools.LoggerListener                     ] - -> with bind values      : select 1, 2 from dual
10:02:57,555 DEBUG [org.jooq.tools.StopWatch                          ] - Query executed           : Total: 0.906ms
10:02:57,556 DEBUG [org.jooq.tools.LoggerListener                     ] - Fetched result           : +----+-----+------+
10:02:57,556 DEBUG [org.jooq.tools.LoggerListener                     ] -                          : | ID1|NAME1|DATE1 |
10:02:57,556 DEBUG [org.jooq.tools.LoggerListener                     ] -                          : +----+-----+------+
10:02:57,556 DEBUG [org.jooq.tools.LoggerListener                     ] -                          : |   1|1    |{null}|
10:02:57,556 DEBUG [org.jooq.tools.LoggerListener                     ] -                          : +----+-----+------+
10:02:57,557 DEBUG [org.jooq.tools.LoggerListener                     ] - Fetched result           : +----+-----+------+
10:02:57,557 DEBUG [org.jooq.tools.LoggerListener                     ] -                          : | ID1|NAME1|DATE1 |
10:02:57,557 DEBUG [org.jooq.tools.LoggerListener                     ] -                          : +----+-----+------+
10:02:57,557 DEBUG [org.jooq.tools.LoggerListener                     ] -                          : |   2|2    |{null}|
10:02:57,557 DEBUG [org.jooq.tools.LoggerListener                     ] -                          : |   3|3    |{null}|
10:02:57,557 DEBUG [org.jooq.tools.LoggerListener                     ] -                          : +----+-----+------+
10:02:57,558 DEBUG [org.jooq.tools.LoggerListener                     ] - Fetched result           : +-----+-----+-----+
10:02:57,558 DEBUG [org.jooq.tools.LoggerListener                     ] -                          : |NAME1|NAME2|NAME3|
10:02:57,558 DEBUG [org.jooq.tools.LoggerListener                     ] -                          : +-----+-----+-----+
10:02:57,558 DEBUG [org.jooq.tools.LoggerListener                     ] -                          : |A1   |B1   |C1   |
10:02:57,558 DEBUG [org.jooq.tools.LoggerListener                     ] -                          : |A2   |B2   |C2   |
10:02:57,558 DEBUG [org.jooq.tools.LoggerListener                     ] -                          : +-----+-----+-----+
10:02:57,558 DEBUG [org.jooq.tools.StopWatch                          ] - Finishing                : Total: 3.707ms, +2.801ms
10:02:57,562 DEBUG [org.jooq.tools.LoggerListener                     ] - Executing query          : select 'A'
10:02:57,562 DEBUG [org.jooq.tools.StopWatch                          ] - Query executed           : Total: 0.451ms
10:02:57,563 DEBUG [org.jooq.tools.LoggerListener                     ] - Fetched result           : +----+
10:02:57,563 DEBUG [org.jooq.tools.LoggerListener                     ] -                          : |A   |
10:02:57,563 DEBUG [org.jooq.tools.LoggerListener                     ] -                          : +----+
10:02:57,563 DEBUG [org.jooq.tools.LoggerListener                     ] -                          : |A   |
10:02:57,563 DEBUG [org.jooq.tools.LoggerListener                     ] -                          : +----+
10:02:57,563 DEBUG [org.jooq.tools.StopWatch                          ] - Finishing                : Total: 1.744ms, +1.292ms
10:02:57,564 DEBUG [org.jooq.tools.LoggerListener                     ] - Executing query          : select ?
10:02:57,565 DEBUG [org.jooq.tools.LoggerListener                     ] - -> with bind values      : select 'A'
10:02:57,566 DEBUG [org.jooq.tools.StopWatch                          ] - Query executed           : Total: 1.744ms
10:02:57,566 DEBUG [org.jooq.tools.LoggerListener                     ] - Fetched result           : +----+
10:02:57,566 DEBUG [org.jooq.tools.LoggerListener                     ] -                          : |A   |
10:02:57,566 DEBUG [org.jooq.tools.LoggerListener                     ] -                          : +----+
10:02:57,566 DEBUG [org.jooq.tools.LoggerListener                     ] -                          : |A   |
10:02:57,566 DEBUG [org.jooq.tools.LoggerListener                     ] -                          : +----+
10:02:57,566 DEBUG [org.jooq.tools.StopWatch                          ] - Finishing                : Total: 2.498ms, +0.753ms
10:02:57,567 DEBUG [org.jooq.tools.LoggerListener                     ] - Executing query          : select ?
10:02:57,567 DEBUG [org.jooq.tools.LoggerListener                     ] - -> with bind values      : select 'A'
10:02:57,567 DEBUG [org.jooq.tools.StopWatch                          ] - Query executed           : Total: 0.807ms
10:02:57,568 DEBUG [org.jooq.tools.LoggerListener                     ] - Fetched result           : +----+
10:02:57,568 DEBUG [org.jooq.tools.LoggerListener                     ] -                          : |A   |
10:02:57,568 DEBUG [org.jooq.tools.LoggerListener                     ] -                          : +----+
10:02:57,568 DEBUG [org.jooq.tools.LoggerListener                     ] -                          : |A   |
10:02:57,568 DEBUG [org.jooq.tools.LoggerListener                     ] -                          : +----+
10:02:57,568 DEBUG [org.jooq.tools.StopWatch                          ] - Finishing                : Total: 1.473ms, +0.666ms
Tests run: 11, Failures: 0, Errors: 0, Skipped: 0, Time elapsed: 0.146 sec
Running org.jooq.test.ConverterTest
10:02:57,575 DEBUG [org.jooq.tools.LoggerListener                     ] - Executing query          : select "BOOL_TABLE"."BOOL" from "BOOL_TABLE"
10:02:57,577 DEBUG [org.jooq.tools.StopWatch                          ] - Query executed           : Total: 2.259ms
10:02:57,577 DEBUG [org.jooq.tools.LoggerListener                     ] - Fetched result           : +-----+
10:02:57,577 DEBUG [org.jooq.tools.LoggerListener                     ] -                          : |BOOL |
10:02:57,577 DEBUG [org.jooq.tools.LoggerListener                     ] -                          : +-----+
10:02:57,578 DEBUG [org.jooq.tools.LoggerListener                     ] -                          : |TRUE |
10:02:57,578 DEBUG [org.jooq.tools.LoggerListener                     ] -                          : |FALSE|
10:02:57,578 DEBUG [org.jooq.tools.LoggerListener                     ] -                          : |NULL |
10:02:57,578 DEBUG [org.jooq.tools.LoggerListener                     ] -                          : +-----+
10:02:57,578 DEBUG [org.jooq.tools.StopWatch                          ] - Finishing                : Total: 3.341ms, +1.081ms
Tests run: 2, Failures: 0, Errors: 0, Skipped: 0, Time elapsed: 0.008 sec
Running org.jooq.test.CustomQueryPartTest
Tests run: 1, Failures: 0, Errors: 0, Skipped: 0, Time elapsed: 0.009 sec
Running org.jooq.test.BindContextTest
Tests run: 1, Failures: 0, Errors: 0, Skipped: 0, Time elapsed: 0.002 sec
Running org.jooq.test.ParamTest
Tests run: 1, Failures: 0, Errors: 0, Skipped: 0, Time elapsed: 0.007 sec
Running org.jooq.test.InitialisationTest
Tests run: 1, Failures: 0, Errors: 0, Skipped: 0, Time elapsed: 0.094 sec
Running org.jooq.test.ExceptionsTest
Tests run: 1, Failures: 0, Errors: 0, Skipped: 0, Time elapsed: 0.015 sec
Running org.jooq.test.CastTest
Tests run: 1, Failures: 0, Errors: 0, Skipped: 0, Time elapsed: 0.004 sec
Running org.jooq.test.VisitContextTest
Tests run: 41, Failures: 0, Errors: 0, Skipped: 0, Time elapsed: 0.112 sec
Running org.jooq.test.RecordTest
Tests run: 1, Failures: 0, Errors: 0, Skipped: 0, Time elapsed: 0.003 sec
Running org.jooq.test.BasicTest
Tests run: 75, Failures: 0, Errors: 0, Skipped: 0, Time elapsed: 0.305 sec
Running org.jooq.test.RenderContextTest
Tests run: 1, Failures: 0, Errors: 0, Skipped: 0, Time elapsed: 0.002 sec
Running org.jooq.test.SettingsTest
Tests run: 4, Failures: 0, Errors: 0, Skipped: 0, Time elapsed: 0.005 sec
Running org.jooq.test.ConvertAllTest
Tests run: 9, Failures: 0, Errors: 0, Skipped: 0, Time elapsed: 0.023 sec
Running org.jooq.util.postgres.PostgresArrayEscapingTest
Tests run: 7, Failures: 0, Errors: 0, Skipped: 0, Time elapsed: 0.004 sec

Results :

Tests run: 174, Failures: 0, Errors: 0, Skipped: 0

[INFO] 
[INFO] --- maven-jar-plugin:2.3.2:jar (default-jar) @ jooq ---
Downloading: http://repo.maven.apache.org/maven2/org/apache/maven/maven-archiver/2.4.2/maven-archiver-2.4.2.pom
Downloaded: http://repo.maven.apache.org/maven2/org/apache/maven/maven-archiver/2.4.2/maven-archiver-2.4.2.pom (4 KB at 57.7 KB/sec)
Downloading: http://repo.maven.apache.org/maven2/org/codehaus/plexus/plexus-archiver/2.0.1/plexus-archiver-2.0.1.pom
Downloaded: http://repo.maven.apache.org/maven2/org/codehaus/plexus/plexus-archiver/2.0.1/plexus-archiver-2.0.1.pom (3 KB at 43.6 KB/sec)
Downloading: http://repo.maven.apache.org/maven2/org/sonatype/spice/spice-parent/17/spice-parent-17.pom
Downloaded: http://repo.maven.apache.org/maven2/org/sonatype/spice/spice-parent/17/spice-parent-17.pom (7 KB at 106.5 KB/sec)
Downloading: http://repo.maven.apache.org/maven2/org/sonatype/forge/forge-parent/10/forge-parent-10.pom
Downloaded: http://repo.maven.apache.org/maven2/org/sonatype/forge/forge-parent/10/forge-parent-10.pom (14 KB at 147.1 KB/sec)
Downloading: http://repo.maven.apache.org/maven2/org/codehaus/plexus/plexus-utils/3.0/plexus-utils-3.0.pom
Downloaded: http://repo.maven.apache.org/maven2/org/codehaus/plexus/plexus-utils/3.0/plexus-utils-3.0.pom (4 KB at 47.9 KB/sec)
Downloading: http://repo.maven.apache.org/maven2/org/codehaus/plexus/plexus-io/2.0.1/plexus-io-2.0.1.pom
Downloaded: http://repo.maven.apache.org/maven2/org/codehaus/plexus/plexus-io/2.0.1/plexus-io-2.0.1.pom (2 KB at 21.1 KB/sec)
Downloading: http://repo.maven.apache.org/maven2/org/codehaus/plexus/plexus-components/1.1.19/plexus-components-1.1.19.pom
Downloaded: http://repo.maven.apache.org/maven2/org/codehaus/plexus/plexus-components/1.1.19/plexus-components-1.1.19.pom (3 KB at 36.1 KB/sec)
Downloading: http://repo.maven.apache.org/maven2/org/codehaus/plexus/plexus/3.0.1/plexus-3.0.1.pom
Downloaded: http://repo.maven.apache.org/maven2/org/codehaus/plexus/plexus/3.0.1/plexus-3.0.1.pom (19 KB at 213.9 KB/sec)
Downloading: http://repo.maven.apache.org/maven2/commons-lang/commons-lang/2.1/commons-lang-2.1.pom
Downloaded: http://repo.maven.apache.org/maven2/commons-lang/commons-lang/2.1/commons-lang-2.1.pom (10 KB at 119.7 KB/sec)
Downloading: http://repo.maven.apache.org/maven2/org/apache/maven/maven-archiver/2.4.2/maven-archiver-2.4.2.jar
Downloading: http://repo.maven.apache.org/maven2/org/codehaus/plexus/plexus-archiver/2.0.1/plexus-archiver-2.0.1.jar
Downloading: http://repo.maven.apache.org/maven2/org/codehaus/plexus/plexus-io/2.0.1/plexus-io-2.0.1.jar
Downloading: http://repo.maven.apache.org/maven2/org/codehaus/plexus/plexus-utils/3.0/plexus-utils-3.0.jar
Downloading: http://repo.maven.apache.org/maven2/commons-lang/commons-lang/2.1/commons-lang-2.1.jar
Downloaded: http://repo.maven.apache.org/maven2/org/apache/maven/maven-archiver/2.4.2/maven-archiver-2.4.2.jar (20 KB at 229.6 KB/sec)
Downloaded: http://repo.maven.apache.org/maven2/org/codehaus/plexus/plexus-io/2.0.1/plexus-io-2.0.1.jar (57 KB at 465.1 KB/sec)
Downloaded: http://repo.maven.apache.org/maven2/org/codehaus/plexus/plexus-archiver/2.0.1/plexus-archiver-2.0.1.jar (176 KB at 1015.6 KB/sec)
Downloaded: http://repo.maven.apache.org/maven2/commons-lang/commons-lang/2.1/commons-lang-2.1.jar (203 KB at 1073.3 KB/sec)
Downloaded: http://repo.maven.apache.org/maven2/org/codehaus/plexus/plexus-utils/3.0/plexus-utils-3.0.jar (221 KB at 1149.9 KB/sec)
[INFO] Building jar: /home/ooxi/code/java/jOOQ/jOOQ/target/jooq-3.4.0-SNAPSHOT.jar
[INFO]                                                                         
[INFO] ------------------------------------------------------------------------
[INFO] Building jOOQ Meta 3.4.0-SNAPSHOT
[INFO] ------------------------------------------------------------------------
Downloading: http://repo.maven.apache.org/maven2/org/apache/maven/plugins/maven-jar-plugin/2.2/maven-jar-plugin-2.2.pom
Downloaded: http://repo.maven.apache.org/maven2/org/apache/maven/plugins/maven-jar-plugin/2.2/maven-jar-plugin-2.2.pom (9 KB at 119.4 KB/sec)
Downloading: http://repo.maven.apache.org/maven2/org/apache/maven/plugins/maven-plugins/10/maven-plugins-10.pom
Downloaded: http://repo.maven.apache.org/maven2/org/apache/maven/plugins/maven-plugins/10/maven-plugins-10.pom (8 KB at 113.7 KB/sec)
Downloading: http://repo.maven.apache.org/maven2/org/apache/maven/plugins/maven-jar-plugin/2.2/maven-jar-plugin-2.2.jar
Downloaded: http://repo.maven.apache.org/maven2/org/apache/maven/plugins/maven-jar-plugin/2.2/maven-jar-plugin-2.2.jar (27 KB at 276.8 KB/sec)
[INFO] 
[INFO] --- maven-clean-plugin:2.3:clean (default-clean) @ jooq-meta ---
[INFO] Deleting file set: /home/ooxi/code/java/jOOQ/jOOQ-meta/target (included: [**], excluded: [])
[INFO] 
[INFO] --- maven-enforcer-plugin:1.0:enforce (enforce-maven) @ jooq-meta ---
[INFO] 
[INFO] --- maven-jaxb2-plugin:0.8.1:generate (configuration) @ jooq-meta ---
[INFO] 
[INFO] --- maven-resources-plugin:2.5:resources (default-resources) @ jooq-meta ---
[debug] execute contextualize
[INFO] Using 'UTF-8' encoding to copy filtered resources.
[INFO] Copying 12 resources
[INFO] Copying 1 resource
[INFO] 
[INFO] --- maven-compiler-plugin:2.3.2:compile (default-compile) @ jooq-meta ---
[INFO] Compiling 188 source files to /home/ooxi/code/java/jOOQ/jOOQ-meta/target/classes
[INFO] 
[INFO] --- build-helper-maven-plugin:1.7:add-test-source (add-test-sources) @ jooq-meta ---
[INFO] Test Source directory: /home/ooxi/code/java/jOOQ/jOOQ-meta/target/generated-test-sources/jooq-h2 added.
[INFO] 
[INFO] --- maven-resources-plugin:2.5:testResources (default-testResources) @ jooq-meta ---
[debug] execute contextualize
[INFO] Using 'UTF-8' encoding to copy filtered resources.
[INFO] skip non existing resourceDirectory /home/ooxi/code/java/jOOQ/jOOQ-meta/src/test/resources
[INFO] 
[INFO] --- maven-compiler-plugin:2.3.2:testCompile (default-testCompile) @ jooq-meta ---
[INFO] No sources to compile
[INFO] 
[INFO] --- maven-surefire-plugin:2.10:test (default-test) @ jooq-meta ---
[INFO] No tests to run.
[INFO] Surefire report directory: /home/ooxi/code/java/jOOQ/jOOQ-meta/target/surefire-reports
Downloading: http://repo.maven.apache.org/maven2/org/apache/maven/surefire/surefire-junit3/2.10/surefire-junit3-2.10.pom
Downloaded: http://repo.maven.apache.org/maven2/org/apache/maven/surefire/surefire-junit3/2.10/surefire-junit3-2.10.pom (2 KB at 26.4 KB/sec)
Downloading: http://repo.maven.apache.org/maven2/org/apache/maven/surefire/surefire-junit3/2.10/surefire-junit3-2.10.jar
Downloaded: http://repo.maven.apache.org/maven2/org/apache/maven/surefire/surefire-junit3/2.10/surefire-junit3-2.10.jar (26 KB at 290.1 KB/sec)

-------------------------------------------------------
 T E S T S
-------------------------------------------------------

Results :

Tests run: 0, Failures: 0, Errors: 0, Skipped: 0

[INFO] 
[INFO] --- maven-jar-plugin:2.2:jar (default-jar) @ jooq-meta ---
Downloading: http://repo.maven.apache.org/maven2/org/apache/maven/maven-archiver/2.3/maven-archiver-2.3.pom
Downloaded: http://repo.maven.apache.org/maven2/org/apache/maven/maven-archiver/2.3/maven-archiver-2.3.pom (4 KB at 51.7 KB/sec)
Downloading: http://repo.maven.apache.org/maven2/org/codehaus/plexus/plexus-archiver/1.0-alpha-9/plexus-archiver-1.0-alpha-9.pom
Downloaded: http://repo.maven.apache.org/maven2/org/codehaus/plexus/plexus-archiver/1.0-alpha-9/plexus-archiver-1.0-alpha-9.pom (2 KB at 24.7 KB/sec)
Downloading: http://repo.maven.apache.org/maven2/org/codehaus/plexus/plexus-components/1.1.9/plexus-components-1.1.9.pom
Downloaded: http://repo.maven.apache.org/maven2/org/codehaus/plexus/plexus-components/1.1.9/plexus-components-1.1.9.pom (3 KB at 32.9 KB/sec)
Downloading: http://repo.maven.apache.org/maven2/org/codehaus/plexus/plexus/1.0.10/plexus-1.0.10.pom
Downloaded: http://repo.maven.apache.org/maven2/org/codehaus/plexus/plexus/1.0.10/plexus-1.0.10.pom (9 KB at 125.9 KB/sec)
Downloading: http://repo.maven.apache.org/maven2/org/codehaus/plexus/plexus-container-default/1.0-alpha-15/plexus-container-default-1.0-alpha-15.pom
Downloaded: http://repo.maven.apache.org/maven2/org/codehaus/plexus/plexus-container-default/1.0-alpha-15/plexus-container-default-1.0-alpha-15.pom (2 KB at 25.7 KB/sec)
Downloading: http://repo.maven.apache.org/maven2/org/codehaus/plexus/plexus-containers/1.0-alpha-15/plexus-containers-1.0-alpha-15.pom
Downloaded: http://repo.maven.apache.org/maven2/org/codehaus/plexus/plexus-containers/1.0-alpha-15/plexus-containers-1.0-alpha-15.pom (2 KB at 28.9 KB/sec)
Downloading: http://repo.maven.apache.org/maven2/org/codehaus/plexus/plexus/1.0.9/plexus-1.0.9.pom
Downloaded: http://repo.maven.apache.org/maven2/org/codehaus/plexus/plexus/1.0.9/plexus-1.0.9.pom (8 KB at 111.9 KB/sec)
Downloading: http://repo.maven.apache.org/maven2/org/codehaus/plexus/plexus-component-api/1.0-alpha-15/plexus-component-api-1.0-alpha-15.pom
Downloaded: http://repo.maven.apache.org/maven2/org/codehaus/plexus/plexus-component-api/1.0-alpha-15/plexus-component-api-1.0-alpha-15.pom (948 B at 13.0 KB/sec)
Downloading: http://repo.maven.apache.org/maven2/org/codehaus/plexus/plexus-classworlds/1.2-alpha-6/plexus-classworlds-1.2-alpha-6.pom
Downloaded: http://repo.maven.apache.org/maven2/org/codehaus/plexus/plexus-classworlds/1.2-alpha-6/plexus-classworlds-1.2-alpha-6.pom (3 KB at 38.0 KB/sec)
Downloading: http://repo.maven.apache.org/maven2/org/codehaus/plexus/plexus-utils/1.3/plexus-utils-1.3.pom
Downloaded: http://repo.maven.apache.org/maven2/org/codehaus/plexus/plexus-utils/1.3/plexus-utils-1.3.pom (2 KB at 15.3 KB/sec)
Downloading: http://repo.maven.apache.org/maven2/org/codehaus/plexus/plexus-io/1.0-alpha-1/plexus-io-1.0-alpha-1.pom
Downloaded: http://repo.maven.apache.org/maven2/org/codehaus/plexus/plexus-io/1.0-alpha-1/plexus-io-1.0-alpha-1.pom (2 KB at 19.0 KB/sec)
Downloading: http://repo.maven.apache.org/maven2/org/codehaus/plexus/plexus-component-api/1.0-alpha-16/plexus-component-api-1.0-alpha-16.pom
Downloaded: http://repo.maven.apache.org/maven2/org/codehaus/plexus/plexus-component-api/1.0-alpha-16/plexus-component-api-1.0-alpha-16.pom (3 KB at 32.8 KB/sec)
Downloading: http://repo.maven.apache.org/maven2/org/codehaus/plexus/plexus-containers/1.0-alpha-16/plexus-containers-1.0-alpha-16.pom
Downloaded: http://repo.maven.apache.org/maven2/org/codehaus/plexus/plexus-containers/1.0-alpha-16/plexus-containers-1.0-alpha-16.pom (2 KB at 27.9 KB/sec)
Downloading: http://repo.maven.apache.org/maven2/org/codehaus/plexus/plexus-classworlds/1.2-alpha-7/plexus-classworlds-1.2-alpha-7.pom
Downloaded: http://repo.maven.apache.org/maven2/org/codehaus/plexus/plexus-classworlds/1.2-alpha-7/plexus-classworlds-1.2-alpha-7.pom (3 KB at 36.8 KB/sec)
Downloading: http://repo.maven.apache.org/maven2/org/codehaus/plexus/plexus-utils/1.4.9/plexus-utils-1.4.9.pom
Downloaded: http://repo.maven.apache.org/maven2/org/codehaus/plexus/plexus-utils/1.4.9/plexus-utils-1.4.9.pom (3 KB at 32.0 KB/sec)
Downloading: http://repo.maven.apache.org/maven2/org/apache/maven/maven-archiver/2.3/maven-archiver-2.3.jar
Downloading: http://repo.maven.apache.org/maven2/org/codehaus/plexus/plexus-archiver/1.0-alpha-9/plexus-archiver-1.0-alpha-9.jar
Downloading: http://repo.maven.apache.org/maven2/org/codehaus/plexus/plexus-io/1.0-alpha-1/plexus-io-1.0-alpha-1.jar
Downloading: http://repo.maven.apache.org/maven2/org/codehaus/plexus/plexus-utils/1.4.9/plexus-utils-1.4.9.jar
Downloaded: http://repo.maven.apache.org/maven2/org/codehaus/plexus/plexus-io/1.0-alpha-1/plexus-io-1.0-alpha-1.jar (12 KB at 165.9 KB/sec)
Downloaded: http://repo.maven.apache.org/maven2/org/apache/maven/maven-archiver/2.3/maven-archiver-2.3.jar (18 KB at 192.5 KB/sec)
Downloaded: http://repo.maven.apache.org/maven2/org/codehaus/plexus/plexus-archiver/1.0-alpha-9/plexus-archiver-1.0-alpha-9.jar (154 KB at 1022.6 KB/sec)
Downloaded: http://repo.maven.apache.org/maven2/org/codehaus/plexus/plexus-utils/1.4.9/plexus-utils-1.4.9.jar (200 KB at 1277.1 KB/sec)
[INFO] Building jar: /home/ooxi/code/java/jOOQ/jOOQ-meta/target/jooq-meta-3.4.0-SNAPSHOT.jar
[INFO]                                                                         
[INFO] ------------------------------------------------------------------------
[INFO] Building jOOQ Codegen 3.4.0-SNAPSHOT
[INFO] ------------------------------------------------------------------------
[INFO] 
[INFO] --- maven-clean-plugin:2.3:clean (default-clean) @ jooq-codegen ---
[INFO] Deleting file set: /home/ooxi/code/java/jOOQ/jOOQ-codegen/target (included: [**], excluded: [])
[INFO] 
[INFO] --- maven-enforcer-plugin:1.0:enforce (enforce-maven) @ jooq-codegen ---
[INFO] 
[INFO] --- maven-resources-plugin:2.5:resources (default-resources) @ jooq-codegen ---
[debug] execute contextualize
[INFO] Using 'UTF-8' encoding to copy filtered resources.
[INFO] Copying 2 resources
[INFO] 
[INFO] --- maven-compiler-plugin:2.3.2:compile (default-compile) @ jooq-codegen ---
[INFO] Compiling 17 source files to /home/ooxi/code/java/jOOQ/jOOQ-codegen/target/classes
[INFO] 
[INFO] --- build-helper-maven-plugin:1.7:add-test-source (add-test-sources) @ jooq-codegen ---
[INFO] Test Source directory: /home/ooxi/code/java/jOOQ/jOOQ-codegen/target/generated-test-sources/jooq-h2 added.
[INFO] 
[INFO] --- maven-resources-plugin:2.5:testResources (default-testResources) @ jooq-codegen ---
[debug] execute contextualize
[INFO] Using 'UTF-8' encoding to copy filtered resources.
[INFO] skip non existing resourceDirectory /home/ooxi/code/java/jOOQ/jOOQ-codegen/src/test/resources
[INFO] 
[INFO] --- maven-compiler-plugin:2.3.2:testCompile (default-testCompile) @ jooq-codegen ---
[INFO] No sources to compile
[INFO] 
[INFO] --- maven-surefire-plugin:2.10:test (default-test) @ jooq-codegen ---
[INFO] No tests to run.
[INFO] Surefire report directory: /home/ooxi/code/java/jOOQ/jOOQ-codegen/target/surefire-reports

-------------------------------------------------------
 T E S T S
-------------------------------------------------------

Results :

Tests run: 0, Failures: 0, Errors: 0, Skipped: 0

[INFO] 
[INFO] --- maven-jar-plugin:2.2:jar (default-jar) @ jooq-codegen ---
[INFO] Building jar: /home/ooxi/code/java/jOOQ/jOOQ-codegen/target/jooq-codegen-3.4.0-SNAPSHOT.jar
[INFO]                                                                         
[INFO] ------------------------------------------------------------------------
[INFO] Building jOOQ Codegen Maven 3.4.0-SNAPSHOT
[INFO] ------------------------------------------------------------------------
Downloading: http://repo.maven.apache.org/maven2/org/apache/maven/plugins/maven-plugin-plugin/2.9/maven-plugin-plugin-2.9.pom
Downloaded: http://repo.maven.apache.org/maven2/org/apache/maven/plugins/maven-plugin-plugin/2.9/maven-plugin-plugin-2.9.pom (11 KB at 163.2 KB/sec)
Downloading: http://repo.maven.apache.org/maven2/org/apache/maven/plugins/maven-plugins/22/maven-plugins-22.pom
Downloaded: http://repo.maven.apache.org/maven2/org/apache/maven/plugins/maven-plugins/22/maven-plugins-22.pom (13 KB at 205.4 KB/sec)
Downloading: http://repo.maven.apache.org/maven2/org/apache/maven/maven-parent/21/maven-parent-21.pom
Downloaded: http://repo.maven.apache.org/maven2/org/apache/maven/maven-parent/21/maven-parent-21.pom (26 KB at 302.8 KB/sec)
Downloading: http://repo.maven.apache.org/maven2/org/apache/apache/10/apache-10.pom
Downloaded: http://repo.maven.apache.org/maven2/org/apache/apache/10/apache-10.pom (15 KB at 174.1 KB/sec)
Downloading: http://repo.maven.apache.org/maven2/org/apache/maven/plugins/maven-plugin-plugin/2.9/maven-plugin-plugin-2.9.jar
Downloaded: http://repo.maven.apache.org/maven2/org/apache/maven/plugins/maven-plugin-plugin/2.9/maven-plugin-plugin-2.9.jar (42 KB at 353.4 KB/sec)
Downloading: http://repo.maven.apache.org/maven2/org/apache/maven/maven-plugin-api/2.2.1/maven-plugin-api-2.2.1.pom
Downloaded: http://repo.maven.apache.org/maven2/org/apache/maven/maven-plugin-api/2.2.1/maven-plugin-api-2.2.1.pom (2 KB at 21.6 KB/sec)
Downloading: http://repo.maven.apache.org/maven2/org/apache/maven/maven/2.2.1/maven-2.2.1.pom
Downloaded: http://repo.maven.apache.org/maven2/org/apache/maven/maven/2.2.1/maven-2.2.1.pom (22 KB at 263.7 KB/sec)
Downloading: http://repo.maven.apache.org/maven2/org/apache/maven/maven-project/2.2.1/maven-project-2.2.1.pom
Downloaded: http://repo.maven.apache.org/maven2/org/apache/maven/maven-project/2.2.1/maven-project-2.2.1.pom (3 KB at 39.8 KB/sec)
Downloading: http://repo.maven.apache.org/maven2/org/apache/maven/maven-settings/2.2.1/maven-settings-2.2.1.pom
Downloaded: http://repo.maven.apache.org/maven2/org/apache/maven/maven-settings/2.2.1/maven-settings-2.2.1.pom (3 KB at 28.4 KB/sec)
Downloading: http://repo.maven.apache.org/maven2/org/apache/maven/maven-model/2.2.1/maven-model-2.2.1.pom
Downloaded: http://repo.maven.apache.org/maven2/org/apache/maven/maven-model/2.2.1/maven-model-2.2.1.pom (4 KB at 45.9 KB/sec)
Downloading: http://repo.maven.apache.org/maven2/org/codehaus/plexus/plexus-interpolation/1.11/plexus-interpolation-1.11.pom
Downloaded: http://repo.maven.apache.org/maven2/org/codehaus/plexus/plexus-interpolation/1.11/plexus-interpolation-1.11.pom (889 B at 12.8 KB/sec)
Downloading: http://repo.maven.apache.org/maven2/org/apache/maven/maven-profile/2.2.1/maven-profile-2.2.1.pom
Downloaded: http://repo.maven.apache.org/maven2/org/apache/maven/maven-profile/2.2.1/maven-profile-2.2.1.pom (3 KB at 31.6 KB/sec)
Downloading: http://repo.maven.apache.org/maven2/org/apache/maven/maven-artifact-manager/2.2.1/maven-artifact-manager-2.2.1.pom
Downloaded: http://repo.maven.apache.org/maven2/org/apache/maven/maven-artifact-manager/2.2.1/maven-artifact-manager-2.2.1.pom (4 KB at 50.5 KB/sec)
Downloading: http://repo.maven.apache.org/maven2/org/apache/maven/maven-repository-metadata/2.2.1/maven-repository-metadata-2.2.1.pom
Downloaded: http://repo.maven.apache.org/maven2/org/apache/maven/maven-repository-metadata/2.2.1/maven-repository-metadata-2.2.1.pom (2 KB at 28.1 KB/sec)
Downloading: http://repo.maven.apache.org/maven2/org/apache/maven/maven-artifact/2.2.1/maven-artifact-2.2.1.pom
Downloaded: http://repo.maven.apache.org/maven2/org/apache/maven/maven-artifact/2.2.1/maven-artifact-2.2.1.pom (2 KB at 23.8 KB/sec)
Downloading: http://repo.maven.apache.org/maven2/org/apache/maven/wagon/wagon-provider-api/1.0-beta-6/wagon-provider-api-1.0-beta-6.pom
Downloaded: http://repo.maven.apache.org/maven2/org/apache/maven/wagon/wagon-provider-api/1.0-beta-6/wagon-provider-api-1.0-beta-6.pom (2 KB at 25.7 KB/sec)
Downloading: http://repo.maven.apache.org/maven2/org/apache/maven/wagon/wagon/1.0-beta-6/wagon-1.0-beta-6.pom
Downloaded: http://repo.maven.apache.org/maven2/org/apache/maven/wagon/wagon/1.0-beta-6/wagon-1.0-beta-6.pom (13 KB at 186.1 KB/sec)
Downloading: http://repo.maven.apache.org/maven2/org/codehaus/plexus/plexus-utils/1.4.2/plexus-utils-1.4.2.pom
Downloaded: http://repo.maven.apache.org/maven2/org/codehaus/plexus/plexus-utils/1.4.2/plexus-utils-1.4.2.pom (2 KB at 30.4 KB/sec)
Downloading: http://repo.maven.apache.org/maven2/backport-util-concurrent/backport-util-concurrent/3.1/backport-util-concurrent-3.1.pom
Downloaded: http://repo.maven.apache.org/maven2/backport-util-concurrent/backport-util-concurrent/3.1/backport-util-concurrent-3.1.pom (880 B at 13.0 KB/sec)
Downloading: http://repo.maven.apache.org/maven2/org/apache/maven/maven-plugin-registry/2.2.1/maven-plugin-registry-2.2.1.pom
Downloaded: http://repo.maven.apache.org/maven2/org/apache/maven/maven-plugin-registry/2.2.1/maven-plugin-registry-2.2.1.pom (2 KB at 29.4 KB/sec)
Downloading: http://repo.maven.apache.org/maven2/org/apache/maven/maven-plugin-api/2.2.1/maven-plugin-api-2.2.1.jar
Downloading: http://repo.maven.apache.org/maven2/org/apache/maven/maven-project/2.2.1/maven-project-2.2.1.jar
Downloading: http://repo.maven.apache.org/maven2/org/apache/maven/maven-settings/2.2.1/maven-settings-2.2.1.jar
Downloading: http://repo.maven.apache.org/maven2/org/apache/maven/maven-profile/2.2.1/maven-profile-2.2.1.jar
Downloading: http://repo.maven.apache.org/maven2/org/apache/maven/maven-model/2.2.1/maven-model-2.2.1.jar
Downloaded: http://repo.maven.apache.org/maven2/org/apache/maven/maven-plugin-api/2.2.1/maven-plugin-api-2.2.1.jar (13 KB at 156.9 KB/sec)
Downloading: http://repo.maven.apache.org/maven2/org/apache/maven/maven-artifact-manager/2.2.1/maven-artifact-manager-2.2.1.jar
Downloaded: http://repo.maven.apache.org/maven2/org/apache/maven/maven-profile/2.2.1/maven-profile-2.2.1.jar (35 KB at 325.8 KB/sec)
Downloading: http://repo.maven.apache.org/maven2/org/apache/maven/maven-repository-metadata/2.2.1/maven-repository-metadata-2.2.1.jar
Downloaded: http://repo.maven.apache.org/maven2/org/apache/maven/maven-settings/2.2.1/maven-settings-2.2.1.jar (48 KB at 427.6 KB/sec)
Downloading: http://repo.maven.apache.org/maven2/org/apache/maven/wagon/wagon-provider-api/1.0-beta-6/wagon-provider-api-1.0-beta-6.jar
Downloaded: http://repo.maven.apache.org/maven2/org/apache/maven/maven-model/2.2.1/maven-model-2.2.1.jar (86 KB at 668.2 KB/sec)
Downloading: http://repo.maven.apache.org/maven2/backport-util-concurrent/backport-util-concurrent/3.1/backport-util-concurrent-3.1.jar
Downloaded: http://repo.maven.apache.org/maven2/org/apache/maven/maven-project/2.2.1/maven-project-2.2.1.jar (153 KB at 972.1 KB/sec)
Downloading: http://repo.maven.apache.org/maven2/org/apache/maven/maven-plugin-registry/2.2.1/maven-plugin-registry-2.2.1.jar
Downloaded: http://repo.maven.apache.org/maven2/org/apache/maven/maven-repository-metadata/2.2.1/maven-repository-metadata-2.2.1.jar (26 KB at 404.1 KB/sec)
Downloading: http://repo.maven.apache.org/maven2/org/codehaus/plexus/plexus-interpolation/1.11/plexus-interpolation-1.11.jar
Downloaded: http://repo.maven.apache.org/maven2/org/apache/maven/maven-artifact-manager/2.2.1/maven-artifact-manager-2.2.1.jar (66 KB at 694.6 KB/sec)
Downloading: http://repo.maven.apache.org/maven2/org/apache/maven/maven-artifact/2.2.1/maven-artifact-2.2.1.jar
Downloaded: http://repo.maven.apache.org/maven2/org/apache/maven/wagon/wagon-provider-api/1.0-beta-6/wagon-provider-api-1.0-beta-6.jar (52 KB at 721.4 KB/sec)
Downloading: http://repo.maven.apache.org/maven2/org/codehaus/plexus/plexus-container-default/1.0-alpha-9-stable-1/plexus-container-default-1.0-alpha-9-stable-1.jar
Downloaded: http://repo.maven.apache.org/maven2/org/apache/maven/maven-plugin-registry/2.2.1/maven-plugin-registry-2.2.1.jar (30 KB at 537.3 KB/sec)
Downloading: http://repo.maven.apache.org/maven2/classworlds/classworlds/1.1-alpha-2/classworlds-1.1-alpha-2.jar
Downloaded: http://repo.maven.apache.org/maven2/org/codehaus/plexus/plexus-interpolation/1.11/plexus-interpolation-1.11.jar (50 KB at 742.4 KB/sec)
Downloaded: http://repo.maven.apache.org/maven2/org/apache/maven/maven-artifact/2.2.1/maven-artifact-2.2.1.jar (79 KB at 871.5 KB/sec)
Downloaded: http://repo.maven.apache.org/maven2/classworlds/classworlds/1.1-alpha-2/classworlds-1.1-alpha-2.jar (37 KB at 666.1 KB/sec)
Downloaded: http://repo.maven.apache.org/maven2/backport-util-concurrent/backport-util-concurrent/3.1/backport-util-concurrent-3.1.jar (324 KB at 2330.5 KB/sec)
Downloaded: http://repo.maven.apache.org/maven2/org/codehaus/plexus/plexus-container-default/1.0-alpha-9-stable-1/plexus-container-default-1.0-alpha-9-stable-1.jar (190 KB at 1663.5 KB/sec)
[INFO] 
[INFO] --- maven-clean-plugin:2.3:clean (default-clean) @ jooq-codegen-maven ---
[INFO] Deleting file set: /home/ooxi/code/java/jOOQ/jOOQ-codegen-maven/target (included: [**], excluded: [])
[INFO] 
[INFO] --- maven-enforcer-plugin:1.0:enforce (enforce-maven) @ jooq-codegen-maven ---
[INFO] 
[INFO] --- maven-plugin-plugin:2.9:descriptor (default-descriptor) @ jooq-codegen-maven ---
Downloading: http://repo.maven.apache.org/maven2/org/apache/maven/doxia/doxia-sink-api/1.2/doxia-sink-api-1.2.pom
Downloaded: http://repo.maven.apache.org/maven2/org/apache/maven/doxia/doxia-sink-api/1.2/doxia-sink-api-1.2.pom (2 KB at 24.3 KB/sec)
Downloading: http://repo.maven.apache.org/maven2/org/apache/maven/doxia/doxia/1.2/doxia-1.2.pom
Downloaded: http://repo.maven.apache.org/maven2/org/apache/maven/doxia/doxia/1.2/doxia-1.2.pom (19 KB at 227.0 KB/sec)
Downloading: http://repo.maven.apache.org/maven2/org/apache/maven/doxia/doxia-logging-api/1.2/doxia-logging-api-1.2.pom
Downloaded: http://repo.maven.apache.org/maven2/org/apache/maven/doxia/doxia-logging-api/1.2/doxia-logging-api-1.2.pom (2 KB at 24.4 KB/sec)
Downloading: http://repo.maven.apache.org/maven2/org/codehaus/plexus/plexus-container-default/1.0-alpha-30/plexus-container-default-1.0-alpha-30.pom
Downloaded: http://repo.maven.apache.org/maven2/org/codehaus/plexus/plexus-container-default/1.0-alpha-30/plexus-container-default-1.0-alpha-30.pom (4 KB at 53.9 KB/sec)
Downloading: http://repo.maven.apache.org/maven2/org/codehaus/plexus/plexus-containers/1.0-alpha-30/plexus-containers-1.0-alpha-30.pom
Downloaded: http://repo.maven.apache.org/maven2/org/codehaus/plexus/plexus-containers/1.0-alpha-30/plexus-containers-1.0-alpha-30.pom (2 KB at 25.7 KB/sec)
Downloading: http://repo.maven.apache.org/maven2/org/codehaus/plexus/plexus-classworlds/1.2-alpha-9/plexus-classworlds-1.2-alpha-9.pom
Downloaded: http://repo.maven.apache.org/maven2/org/codehaus/plexus/plexus-classworlds/1.2-alpha-9/plexus-classworlds-1.2-alpha-9.pom (4 KB at 47.0 KB/sec)
Downloading: http://repo.maven.apache.org/maven2/org/apache/maven/doxia/doxia-site-renderer/1.2/doxia-site-renderer-1.2.pom
Downloaded: http://repo.maven.apache.org/maven2/org/apache/maven/doxia/doxia-site-renderer/1.2/doxia-site-renderer-1.2.pom (7 KB at 85.8 KB/sec)
Downloading: http://repo.maven.apache.org/maven2/org/apache/maven/doxia/doxia-sitetools/1.2/doxia-sitetools-1.2.pom
Downloaded: http://repo.maven.apache.org/maven2/org/apache/maven/doxia/doxia-sitetools/1.2/doxia-sitetools-1.2.pom (16 KB at 180.3 KB/sec)
Downloading: http://repo.maven.apache.org/maven2/org/apache/maven/doxia/doxia-core/1.2/doxia-core-1.2.pom
Downloaded: http://repo.maven.apache.org/maven2/org/apache/maven/doxia/doxia-core/1.2/doxia-core-1.2.pom (4 KB at 57.6 KB/sec)
Downloading: http://repo.maven.apache.org/maven2/xerces/xercesImpl/2.9.1/xercesImpl-2.9.1.pom
Downloaded: http://repo.maven.apache.org/maven2/xerces/xercesImpl/2.9.1/xercesImpl-2.9.1.pom (2 KB at 21.1 KB/sec)
Downloading: http://repo.maven.apache.org/maven2/xml-apis/xml-apis/1.3.04/xml-apis-1.3.04.pom
Downloaded: http://repo.maven.apache.org/maven2/xml-apis/xml-apis/1.3.04/xml-apis-1.3.04.pom (2 KB at 27.4 KB/sec)
Downloading: http://repo.maven.apache.org/maven2/org/apache/httpcomponents/httpclient/4.0.2/httpclient-4.0.2.pom
Downloaded: http://repo.maven.apache.org/maven2/org/apache/httpcomponents/httpclient/4.0.2/httpclient-4.0.2.pom (8 KB at 114.4 KB/sec)
Downloading: http://repo.maven.apache.org/maven2/org/apache/httpcomponents/httpcomponents-client/4.0.2/httpcomponents-client-4.0.2.pom
Downloaded: http://repo.maven.apache.org/maven2/org/apache/httpcomponents/httpcomponents-client/4.0.2/httpcomponents-client-4.0.2.pom (9 KB at 141.2 KB/sec)
Downloading: http://repo.maven.apache.org/maven2/org/apache/httpcomponents/project/4.1/project-4.1.pom
Downloaded: http://repo.maven.apache.org/maven2/org/apache/httpcomponents/project/4.1/project-4.1.pom (16 KB at 190.5 KB/sec)
Downloading: http://repo.maven.apache.org/maven2/org/apache/httpcomponents/httpcore/4.0.1/httpcore-4.0.1.pom
Downloaded: http://repo.maven.apache.org/maven2/org/apache/httpcomponents/httpcore/4.0.1/httpcore-4.0.1.pom (5 KB at 67.2 KB/sec)
Downloading: http://repo.maven.apache.org/maven2/org/apache/httpcomponents/httpcomponents-core/4.0.1/httpcomponents-core-4.0.1.pom
Downloaded: http://repo.maven.apache.org/maven2/org/apache/httpcomponents/httpcomponents-core/4.0.1/httpcomponents-core-4.0.1.pom (10 KB at 140.5 KB/sec)
Downloading: http://repo.maven.apache.org/maven2/org/apache/httpcomponents/project/4.0/project-4.0.pom
Downloaded: http://repo.maven.apache.org/maven2/org/apache/httpcomponents/project/4.0/project-4.0.pom (13 KB at 180.4 KB/sec)
Downloading: http://repo.maven.apache.org/maven2/commons-codec/commons-codec/1.3/commons-codec-1.3.pom
Downloaded: http://repo.maven.apache.org/maven2/commons-codec/commons-codec/1.3/commons-codec-1.3.pom (6 KB at 96.1 KB/sec)
Downloading: http://repo.maven.apache.org/maven2/org/apache/maven/doxia/doxia-decoration-model/1.2/doxia-decoration-model-1.2.pom
Downloaded: http://repo.maven.apache.org/maven2/org/apache/maven/doxia/doxia-decoration-model/1.2/doxia-decoration-model-1.2.pom (3 KB at 45.9 KB/sec)
Downloading: http://repo.maven.apache.org/maven2/org/apache/maven/doxia/doxia-module-xhtml/1.2/doxia-module-xhtml-1.2.pom
Downloaded: http://repo.maven.apache.org/maven2/org/apache/maven/doxia/doxia-module-xhtml/1.2/doxia-module-xhtml-1.2.pom (2 KB at 22.3 KB/sec)
Downloading: http://repo.maven.apache.org/maven2/org/apache/maven/doxia/doxia-modules/1.2/doxia-modules-1.2.pom
Downloaded: http://repo.maven.apache.org/maven2/org/apache/maven/doxia/doxia-modules/1.2/doxia-modules-1.2.pom (3 KB at 34.4 KB/sec)
Downloading: http://repo.maven.apache.org/maven2/org/apache/maven/doxia/doxia-module-fml/1.2/doxia-module-fml-1.2.pom
Downloaded: http://repo.maven.apache.org/maven2/org/apache/maven/doxia/doxia-module-fml/1.2/doxia-module-fml-1.2.pom (6 KB at 82.0 KB/sec)
Downloading: http://repo.maven.apache.org/maven2/org/codehaus/plexus/plexus-i18n/1.0-beta-7/plexus-i18n-1.0-beta-7.pom
Downloaded: http://repo.maven.apache.org/maven2/org/codehaus/plexus/plexus-i18n/1.0-beta-7/plexus-i18n-1.0-beta-7.pom (2 KB at 16.2 KB/sec)
Downloading: http://repo.maven.apache.org/maven2/org/codehaus/plexus/plexus-components/1.1.12/plexus-components-1.1.12.pom
Downloaded: http://repo.maven.apache.org/maven2/org/codehaus/plexus/plexus-components/1.1.12/plexus-components-1.1.12.pom (3 KB at 49.7 KB/sec)
Downloading: http://repo.maven.apache.org/maven2/org/codehaus/plexus/plexus-velocity/1.1.7/plexus-velocity-1.1.7.pom
Downloaded: http://repo.maven.apache.org/maven2/org/codehaus/plexus/plexus-velocity/1.1.7/plexus-velocity-1.1.7.pom (2 KB at 29.4 KB/sec)
Downloading: http://repo.maven.apache.org/maven2/org/apache/velocity/velocity/1.5/velocity-1.5.pom
Downloaded: http://repo.maven.apache.org/maven2/org/apache/velocity/velocity/1.5/velocity-1.5.pom (8 KB at 98.5 KB/sec)
Downloading: http://repo.maven.apache.org/maven2/commons-collections/commons-collections/3.1/commons-collections-3.1.pom
Downloaded: http://repo.maven.apache.org/maven2/commons-collections/commons-collections/3.1/commons-collections-3.1.pom (6 KB at 84.9 KB/sec)
Downloading: http://repo.maven.apache.org/maven2/oro/oro/2.0.8/oro-2.0.8.pom
Downloaded: http://repo.maven.apache.org/maven2/oro/oro/2.0.8/oro-2.0.8.pom (140 B at 1.8 KB/sec)
Downloading: http://repo.maven.apache.org/maven2/org/apache/maven/plugin-tools/maven-plugin-tools-api/2.9/maven-plugin-tools-api-2.9.pom
Downloaded: http://repo.maven.apache.org/maven2/org/apache/maven/plugin-tools/maven-plugin-tools-api/2.9/maven-plugin-tools-api-2.9.pom (5 KB at 72.0 KB/sec)
Downloading: http://repo.maven.apache.org/maven2/org/apache/maven/plugin-tools/maven-plugin-tools/2.9/maven-plugin-tools-2.9.pom
Downloaded: http://repo.maven.apache.org/maven2/org/apache/maven/plugin-tools/maven-plugin-tools/2.9/maven-plugin-tools-2.9.pom (10 KB at 153.2 KB/sec)
Downloading: http://repo.maven.apache.org/maven2/net/sf/jtidy/jtidy/r938/jtidy-r938.pom
Downloaded: http://repo.maven.apache.org/maven2/net/sf/jtidy/jtidy/r938/jtidy-r938.pom (10 KB at 134.4 KB/sec)
Downloading: http://repo.maven.apache.org/maven2/org/apache/maven/reporting/maven-reporting-impl/2.0.5/maven-reporting-impl-2.0.5.pom
Downloaded: http://repo.maven.apache.org/maven2/org/apache/maven/reporting/maven-reporting-impl/2.0.5/maven-reporting-impl-2.0.5.pom (5 KB at 59.8 KB/sec)
Downloading: http://repo.maven.apache.org/maven2/org/apache/maven/shared/maven-shared-components/15/maven-shared-components-15.pom
Downloaded: http://repo.maven.apache.org/maven2/org/apache/maven/shared/maven-shared-components/15/maven-shared-components-15.pom (10 KB at 140.3 KB/sec)
Downloading: http://repo.maven.apache.org/maven2/org/apache/maven/reporting/maven-reporting-api/3.0/maven-reporting-api-3.0.pom
Downloaded: http://repo.maven.apache.org/maven2/org/apache/maven/reporting/maven-reporting-api/3.0/maven-reporting-api-3.0.pom (3 KB at 39.3 KB/sec)
Downloading: http://repo.maven.apache.org/maven2/org/apache/maven/doxia/doxia-sink-api/1.0/doxia-sink-api-1.0.pom
Downloaded: http://repo.maven.apache.org/maven2/org/apache/maven/doxia/doxia-sink-api/1.0/doxia-sink-api-1.0.pom (2 KB at 21.5 KB/sec)
Downloading: http://repo.maven.apache.org/maven2/org/apache/maven/doxia/doxia/1.0/doxia-1.0.pom
Downloaded: http://repo.maven.apache.org/maven2/org/apache/maven/doxia/doxia/1.0/doxia-1.0.pom (10 KB at 142.7 KB/sec)
Downloading: http://repo.maven.apache.org/maven2/org/apache/maven/maven-parent/10/maven-parent-10.pom
Downloaded: http://repo.maven.apache.org/maven2/org/apache/maven/maven-parent/10/maven-parent-10.pom (31 KB at 351.1 KB/sec)
Downloading: http://repo.maven.apache.org/maven2/org/apache/maven/doxia/doxia-core/1.0/doxia-core-1.0.pom
Downloaded: http://repo.maven.apache.org/maven2/org/apache/maven/doxia/doxia-core/1.0/doxia-core-1.0.pom (3 KB at 39.0 KB/sec)
Downloading: http://repo.maven.apache.org/maven2/org/apache/maven/doxia/doxia-site-renderer/1.0/doxia-site-renderer-1.0.pom
Downloaded: http://repo.maven.apache.org/maven2/org/apache/maven/doxia/doxia-site-renderer/1.0/doxia-site-renderer-1.0.pom (5 KB at 62.7 KB/sec)
Downloading: http://repo.maven.apache.org/maven2/org/apache/maven/doxia/doxia-sitetools/1.0/doxia-sitetools-1.0.pom
Downloaded: http://repo.maven.apache.org/maven2/org/apache/maven/doxia/doxia-sitetools/1.0/doxia-sitetools-1.0.pom (10 KB at 137.7 KB/sec)
Downloading: http://repo.maven.apache.org/maven2/org/codehaus/plexus/plexus-container-default/1.0-alpha-20/plexus-container-default-1.0-alpha-20.pom
Downloaded: http://repo.maven.apache.org/maven2/org/codehaus/plexus/plexus-container-default/1.0-alpha-20/plexus-container-default-1.0-alpha-20.pom (3 KB at 45.6 KB/sec)
Downloading: http://repo.maven.apache.org/maven2/org/codehaus/plexus/plexus-containers/1.0-alpha-20/plexus-containers-1.0-alpha-20.pom
Downloaded: http://repo.maven.apache.org/maven2/org/codehaus/plexus/plexus-containers/1.0-alpha-20/plexus-containers-1.0-alpha-20.pom (2 KB at 22.7 KB/sec)
Downloading: http://repo.maven.apache.org/maven2/org/apache/maven/doxia/doxia-decoration-model/1.0/doxia-decoration-model-1.0.pom
Downloaded: http://repo.maven.apache.org/maven2/org/apache/maven/doxia/doxia-decoration-model/1.0/doxia-decoration-model-1.0.pom (4 KB at 46.7 KB/sec)
Downloading: http://repo.maven.apache.org/maven2/commons-collections/commons-collections/3.2/commons-collections-3.2.pom
Downloaded: http://repo.maven.apache.org/maven2/commons-collections/commons-collections/3.2/commons-collections-3.2.pom (11 KB at 151.8 KB/sec)
Downloading: http://repo.maven.apache.org/maven2/org/apache/maven/doxia/doxia-module-apt/1.0/doxia-module-apt-1.0.pom
Downloaded: http://repo.maven.apache.org/maven2/org/apache/maven/doxia/doxia-module-apt/1.0/doxia-module-apt-1.0.pom (3 KB at 32.4 KB/sec)
Downloading: http://repo.maven.apache.org/maven2/org/apache/maven/doxia/doxia-modules/1.0/doxia-modules-1.0.pom
Downloaded: http://repo.maven.apache.org/maven2/org/apache/maven/doxia/doxia-modules/1.0/doxia-modules-1.0.pom (3 KB at 35.4 KB/sec)
Downloading: http://repo.maven.apache.org/maven2/org/apache/maven/doxia/doxia-module-fml/1.0/doxia-module-fml-1.0.pom
Downloaded: http://repo.maven.apache.org/maven2/org/apache/maven/doxia/doxia-module-fml/1.0/doxia-module-fml-1.0.pom (3 KB at 39.8 KB/sec)
Downloading: http://repo.maven.apache.org/maven2/org/apache/maven/doxia/doxia-module-xdoc/1.0/doxia-module-xdoc-1.0.pom
Downloaded: http://repo.maven.apache.org/maven2/org/apache/maven/doxia/doxia-module-xdoc/1.0/doxia-module-xdoc-1.0.pom (3 KB at 27.0 KB/sec)
Downloading: http://repo.maven.apache.org/maven2/org/apache/maven/doxia/doxia-module-xhtml/1.0/doxia-module-xhtml-1.0.pom
Downloaded: http://repo.maven.apache.org/maven2/org/apache/maven/doxia/doxia-module-xhtml/1.0/doxia-module-xhtml-1.0.pom (2 KB at 23.0 KB/sec)
Downloading: http://repo.maven.apache.org/maven2/org/apache/maven/shared/maven-doxia-tools/1.0.2/maven-doxia-tools-1.0.2.pom
Downloaded: http://repo.maven.apache.org/maven2/org/apache/maven/shared/maven-doxia-tools/1.0.2/maven-doxia-tools-1.0.2.pom (6 KB at 90.9 KB/sec)
Downloading: http://repo.maven.apache.org/maven2/commons-io/commons-io/1.4/commons-io-1.4.pom
Downloaded: http://repo.maven.apache.org/maven2/commons-io/commons-io/1.4/commons-io-1.4.pom (13 KB at 183.7 KB/sec)
Downloading: http://repo.maven.apache.org/maven2/org/apache/commons/commons-parent/7/commons-parent-7.pom
Downloaded: http://repo.maven.apache.org/maven2/org/apache/commons/commons-parent/7/commons-parent-7.pom (18 KB at 205.9 KB/sec)
Downloading: http://repo.maven.apache.org/maven2/commons-validator/commons-validator/1.2.0/commons-validator-1.2.0.pom
Downloaded: http://repo.maven.apache.org/maven2/commons-validator/commons-validator/1.2.0/commons-validator-1.2.0.pom (9 KB at 140.8 KB/sec)
Downloading: http://repo.maven.apache.org/maven2/commons-digester/commons-digester/1.6/commons-digester-1.6.pom
Downloaded: http://repo.maven.apache.org/maven2/commons-digester/commons-digester/1.6/commons-digester-1.6.pom (974 B at 14.9 KB/sec)
Downloading: http://repo.maven.apache.org/maven2/commons-beanutils/commons-beanutils/1.6/commons-beanutils-1.6.pom
Downloaded: http://repo.maven.apache.org/maven2/commons-beanutils/commons-beanutils/1.6/commons-beanutils-1.6.pom (3 KB at 35.8 KB/sec)
Downloading: http://repo.maven.apache.org/maven2/commons-logging/commons-logging/1.0/commons-logging-1.0.pom
Downloaded: http://repo.maven.apache.org/maven2/commons-logging/commons-logging/1.0/commons-logging-1.0.pom (163 B at 2.3 KB/sec)
Downloading: http://repo.maven.apache.org/maven2/commons-collections/commons-collections/2.0/commons-collections-2.0.pom
Downloaded: http://repo.maven.apache.org/maven2/commons-collections/commons-collections/2.0/commons-collections-2.0.pom (171 B at 2.2 KB/sec)
Downloading: http://repo.maven.apache.org/maven2/commons-collections/commons-collections/2.1/commons-collections-2.1.pom
Downloaded: http://repo.maven.apache.org/maven2/commons-collections/commons-collections/2.1/commons-collections-2.1.pom (4 KB at 45.2 KB/sec)
Downloading: http://repo.maven.apache.org/maven2/xml-apis/xml-apis/1.0.b2/xml-apis-1.0.b2.pom
Downloaded: http://repo.maven.apache.org/maven2/xml-apis/xml-apis/1.0.b2/xml-apis-1.0.b2.pom (3 KB at 34.9 KB/sec)
Downloading: http://repo.maven.apache.org/maven2/commons-logging/commons-logging/1.0.4/commons-logging-1.0.4.pom
Downloaded: http://repo.maven.apache.org/maven2/commons-logging/commons-logging/1.0.4/commons-logging-1.0.4.pom (6 KB at 80.3 KB/sec)
Downloading: http://repo.maven.apache.org/maven2/xml-apis/xml-apis/2.0.2/xml-apis-2.0.2.pom
Downloaded: http://repo.maven.apache.org/maven2/xml-apis/xml-apis/2.0.2/xml-apis-2.0.2.pom (346 B at 5.3 KB/sec)
Downloading: http://repo.maven.apache.org/maven2/org/apache/maven/plugin-tools/maven-plugin-tools-java/2.9/maven-plugin-tools-java-2.9.pom
Downloaded: http://repo.maven.apache.org/maven2/org/apache/maven/plugin-tools/maven-plugin-tools-java/2.9/maven-plugin-tools-java-2.9.pom (3 KB at 39.6 KB/sec)
Downloading: http://repo.maven.apache.org/maven2/com/thoughtworks/qdox/qdox/1.11/qdox-1.11.pom
Downloaded: http://repo.maven.apache.org/maven2/com/thoughtworks/qdox/qdox/1.11/qdox-1.11.pom (19 KB at 214.9 KB/sec)
Downloading: http://repo.maven.apache.org/maven2/org/apache/maven/plugin-tools/maven-plugin-tools-beanshell/2.9/maven-plugin-tools-beanshell-2.9.pom
Downloaded: http://repo.maven.apache.org/maven2/org/apache/maven/plugin-tools/maven-plugin-tools-beanshell/2.9/maven-plugin-tools-beanshell-2.9.pom (3 KB at 33.8 KB/sec)
Downloading: http://repo.maven.apache.org/maven2/bsh/bsh/1.3.0/bsh-1.3.0.pom
Downloaded: http://repo.maven.apache.org/maven2/bsh/bsh/1.3.0/bsh-1.3.0.pom (210 B at 3.2 KB/sec)
Downloading: http://repo.maven.apache.org/maven2/org/apache/maven/doxia/doxia-logging-api/1.2/doxia-logging-api-1.2.jar
Downloading: http://repo.maven.apache.org/maven2/org/apache/maven/doxia/doxia-sink-api/1.2/doxia-sink-api-1.2.jar
Downloading: http://repo.maven.apache.org/maven2/org/apache/maven/doxia/doxia-site-renderer/1.2/doxia-site-renderer-1.2.jar
Downloading: http://repo.maven.apache.org/maven2/org/apache/maven/doxia/doxia-core/1.2/doxia-core-1.2.jar
Downloading: http://repo.maven.apache.org/maven2/xerces/xercesImpl/2.9.1/xercesImpl-2.9.1.jar
Downloaded: http://repo.maven.apache.org/maven2/org/apache/maven/doxia/doxia-logging-api/1.2/doxia-logging-api-1.2.jar (12 KB at 163.0 KB/sec)
Downloading: http://repo.maven.apache.org/maven2/org/apache/httpcomponents/httpclient/4.0.2/httpclient-4.0.2.jar
Downloaded: http://repo.maven.apache.org/maven2/org/apache/maven/doxia/doxia-sink-api/1.2/doxia-sink-api-1.2.jar (11 KB at 152.5 KB/sec)
Downloading: http://repo.maven.apache.org/maven2/org/apache/httpcomponents/httpcore/4.0.1/httpcore-4.0.1.jar
Downloaded: http://repo.maven.apache.org/maven2/org/apache/maven/doxia/doxia-site-renderer/1.2/doxia-site-renderer-1.2.jar (51 KB at 434.8 KB/sec)
Downloading: http://repo.maven.apache.org/maven2/commons-codec/commons-codec/1.3/commons-codec-1.3.jar
Downloaded: http://repo.maven.apache.org/maven2/org/apache/maven/doxia/doxia-core/1.2/doxia-core-1.2.jar (151 KB at 1017.0 KB/sec)
Downloading: http://repo.maven.apache.org/maven2/org/apache/maven/doxia/doxia-decoration-model/1.2/doxia-decoration-model-1.2.jar
Downloaded: http://repo.maven.apache.org/maven2/commons-codec/commons-codec/1.3/commons-codec-1.3.jar (46 KB at 642.7 KB/sec)
Downloading: http://repo.maven.apache.org/maven2/org/apache/maven/doxia/doxia-module-xhtml/1.2/doxia-module-xhtml-1.2.jar
Downloaded: http://repo.maven.apache.org/maven2/org/apache/maven/doxia/doxia-decoration-model/1.2/doxia-decoration-model-1.2.jar (59 KB at 897.5 KB/sec)
Downloading: http://repo.maven.apache.org/maven2/org/apache/maven/doxia/doxia-module-fml/1.2/doxia-module-fml-1.2.jar
Downloaded: http://repo.maven.apache.org/maven2/org/apache/httpcomponents/httpcore/4.0.1/httpcore-4.0.1.jar (169 KB at 1017.1 KB/sec)
Downloading: http://repo.maven.apache.org/maven2/org/codehaus/plexus/plexus-i18n/1.0-beta-7/plexus-i18n-1.0-beta-7.jar
Downloaded: http://repo.maven.apache.org/maven2/org/apache/httpcomponents/httpclient/4.0.2/httpclient-4.0.2.jar (287 KB at 1430.1 KB/sec)
Downloading: http://repo.maven.apache.org/maven2/org/codehaus/plexus/plexus-velocity/1.1.7/plexus-velocity-1.1.7.jar
Downloaded: http://repo.maven.apache.org/maven2/org/apache/maven/doxia/doxia-module-xhtml/1.2/doxia-module-xhtml-1.2.jar (15 KB at 186.6 KB/sec)
Downloading: http://repo.maven.apache.org/maven2/org/apache/velocity/velocity/1.5/velocity-1.5.jar
Downloaded: http://repo.maven.apache.org/maven2/org/codehaus/plexus/plexus-i18n/1.0-beta-7/plexus-i18n-1.0-beta-7.jar (11 KB at 186.6 KB/sec)
Downloading: http://repo.maven.apache.org/maven2/oro/oro/2.0.8/oro-2.0.8.jar
Downloaded: http://repo.maven.apache.org/maven2/org/apache/maven/doxia/doxia-module-fml/1.2/doxia-module-fml-1.2.jar (37 KB at 429.9 KB/sec)
Downloading: http://repo.maven.apache.org/maven2/org/apache/maven/plugin-tools/maven-plugin-tools-api/2.9/maven-plugin-tools-api-2.9.jar
Downloaded: http://repo.maven.apache.org/maven2/org/codehaus/plexus/plexus-velocity/1.1.7/plexus-velocity-1.1.7.jar (8 KB at 141.3 KB/sec)
Downloading: http://repo.maven.apache.org/maven2/net/sf/jtidy/jtidy/r938/jtidy-r938.jar
Downloaded: http://repo.maven.apache.org/maven2/org/apache/maven/plugin-tools/maven-plugin-tools-api/2.9/maven-plugin-tools-api-2.9.jar (56 KB at 1020.1 KB/sec)
Downloading: http://repo.maven.apache.org/maven2/org/apache/maven/reporting/maven-reporting-impl/2.0.5/maven-reporting-impl-2.0.5.jar
Downloaded: http://repo.maven.apache.org/maven2/oro/oro/2.0.8/oro-2.0.8.jar (64 KB at 716.1 KB/sec)
Downloading: http://repo.maven.apache.org/maven2/org/apache/maven/shared/maven-doxia-tools/1.0.2/maven-doxia-tools-1.0.2.jar
Downloaded: http://repo.maven.apache.org/maven2/org/apache/maven/reporting/maven-reporting-impl/2.0.5/maven-reporting-impl-2.0.5.jar (21 KB at 353.2 KB/sec)
Downloading: http://repo.maven.apache.org/maven2/commons-io/commons-io/1.4/commons-io-1.4.jar
Downloaded: http://repo.maven.apache.org/maven2/net/sf/jtidy/jtidy/r938/jtidy-r938.jar (245 KB at 2324.4 KB/sec)
Downloading: http://repo.maven.apache.org/maven2/commons-validator/commons-validator/1.2.0/commons-validator-1.2.0.jar
Downloaded: http://repo.maven.apache.org/maven2/org/apache/maven/shared/maven-doxia-tools/1.0.2/maven-doxia-tools-1.0.2.jar (41 KB at 818.8 KB/sec)
Downloading: http://repo.maven.apache.org/maven2/commons-digester/commons-digester/1.6/commons-digester-1.6.jar
Downloaded: http://repo.maven.apache.org/maven2/org/apache/velocity/velocity/1.5/velocity-1.5.jar (383 KB at 1629.5 KB/sec)
Downloading: http://repo.maven.apache.org/maven2/commons-logging/commons-logging/1.0.4/commons-logging-1.0.4.jar
Downloaded: http://repo.maven.apache.org/maven2/commons-io/commons-io/1.4/commons-io-1.4.jar (107 KB at 1267.7 KB/sec)
Downloading: http://repo.maven.apache.org/maven2/xml-apis/xml-apis/1.0.b2/xml-apis-1.0.b2.jar
Downloaded: http://repo.maven.apache.org/maven2/commons-validator/commons-validator/1.2.0/commons-validator-1.2.0.jar (89 KB at 1072.0 KB/sec)
Downloading: http://repo.maven.apache.org/maven2/org/apache/maven/reporting/maven-reporting-api/3.0/maven-reporting-api-3.0.jar
Downloaded: http://repo.maven.apache.org/maven2/xerces/xercesImpl/2.9.1/xercesImpl-2.9.1.jar (1201 KB at 2367.5 KB/sec)
Downloading: http://repo.maven.apache.org/maven2/org/apache/maven/plugin-tools/maven-plugin-tools-java/2.9/maven-plugin-tools-java-2.9.jar
Downloaded: http://repo.maven.apache.org/maven2/commons-digester/commons-digester/1.6/commons-digester-1.6.jar (165 KB at 525.6 KB/sec)
Downloading: http://repo.maven.apache.org/maven2/com/thoughtworks/qdox/qdox/1.11/qdox-1.11.jar
Downloaded: http://repo.maven.apache.org/maven2/org/apache/maven/reporting/maven-reporting-api/3.0/maven-reporting-api-3.0.jar (11 KB at 41.2 KB/sec)
Downloading: http://repo.maven.apache.org/maven2/org/apache/maven/plugin-tools/maven-plugin-tools-beanshell/2.9/maven-plugin-tools-beanshell-2.9.jar
Downloaded: http://repo.maven.apache.org/maven2/org/apache/maven/plugin-tools/maven-plugin-tools-java/2.9/maven-plugin-tools-java-2.9.jar (17 KB at 64.0 KB/sec)
Downloaded: http://repo.maven.apache.org/maven2/commons-logging/commons-logging/1.0.4/commons-logging-1.0.4.jar (38 KB at 136.5 KB/sec)
Downloading: http://repo.maven.apache.org/maven2/bsh/bsh/1.3.0/bsh-1.3.0.jar
Downloaded: http://repo.maven.apache.org/maven2/xml-apis/xml-apis/1.0.b2/xml-apis-1.0.b2.jar (107 KB at 381.3 KB/sec)
Downloaded: http://repo.maven.apache.org/maven2/org/apache/maven/plugin-tools/maven-plugin-tools-beanshell/2.9/maven-plugin-tools-beanshell-2.9.jar (14 KB at 267.1 KB/sec)
Downloaded: http://repo.maven.apache.org/maven2/com/thoughtworks/qdox/qdox/1.11/qdox-1.11.jar (172 KB at 1650.9 KB/sec)
Downloaded: http://repo.maven.apache.org/maven2/bsh/bsh/1.3.0/bsh-1.3.0.jar (237 KB at 2111.4 KB/sec)
[INFO] Using 'UTF-8' encoding to read mojo metadata.
[INFO] Applying mojo extractor for language: java
[INFO] Mojo extractor for language: java found 1 mojo descriptors.
[INFO] Applying mojo extractor for language: bsh
[INFO] Mojo extractor for language: bsh found 0 mojo descriptors.
[INFO] 
[INFO] --- maven-resources-plugin:2.5:resources (default-resources) @ jooq-codegen-maven ---
[debug] execute contextualize
[INFO] Using 'UTF-8' encoding to copy filtered resources.
[INFO] Copying 3 resources
[INFO] 
[INFO] --- maven-compiler-plugin:2.3.2:compile (default-compile) @ jooq-codegen-maven ---
[INFO] Compiling 1 source file to /home/ooxi/code/java/jOOQ/jOOQ-codegen-maven/target/classes
[INFO] 
[INFO] --- build-helper-maven-plugin:1.7:add-test-source (add-test-sources) @ jooq-codegen-maven ---
[INFO] Test Source directory: /home/ooxi/code/java/jOOQ/jOOQ-codegen-maven/target/generated-test-sources/jooq-h2 added.
[INFO] 
[INFO] --- maven-resources-plugin:2.5:testResources (default-testResources) @ jooq-codegen-maven ---
[debug] execute contextualize
[INFO] Using 'UTF-8' encoding to copy filtered resources.
[INFO] skip non existing resourceDirectory /home/ooxi/code/java/jOOQ/jOOQ-codegen-maven/src/test/resources
[INFO] 
[INFO] --- maven-compiler-plugin:2.3.2:testCompile (default-testCompile) @ jooq-codegen-maven ---
[INFO] No sources to compile
[INFO] 
[INFO] --- maven-surefire-plugin:2.10:test (default-test) @ jooq-codegen-maven ---
[INFO] No tests to run.
[INFO] Surefire report directory: /home/ooxi/code/java/jOOQ/jOOQ-codegen-maven/target/surefire-reports

-------------------------------------------------------
 T E S T S
-------------------------------------------------------

Results :

Tests run: 0, Failures: 0, Errors: 0, Skipped: 0

[INFO] 
[INFO] --- maven-jar-plugin:2.2:jar (default-jar) @ jooq-codegen-maven ---
[INFO] Building jar: /home/ooxi/code/java/jOOQ/jOOQ-codegen-maven/target/jooq-codegen-maven-3.4.0-SNAPSHOT.jar
[INFO] 
[INFO] --- maven-plugin-plugin:2.9:addPluginArtifactMetadata (default-addPluginArtifactMetadata) @ jooq-codegen-maven ---
[INFO]                                                                         
[INFO] ------------------------------------------------------------------------
[INFO] Building jOOQ Scala 3.4.0-SNAPSHOT
[INFO] ------------------------------------------------------------------------
Downloading: http://repo.maven.apache.org/maven2/org/scala-tools/maven-scala-plugin/2.15.2/maven-scala-plugin-2.15.2.pom
Downloaded: http://repo.maven.apache.org/maven2/org/scala-tools/maven-scala-plugin/2.15.2/maven-scala-plugin-2.15.2.pom (15 KB at 169.5 KB/sec)
Downloading: http://repo.maven.apache.org/maven2/org/scala-tools/maven-scala-plugin/2.15.2/maven-scala-plugin-2.15.2.jar
Downloaded: http://repo.maven.apache.org/maven2/org/scala-tools/maven-scala-plugin/2.15.2/maven-scala-plugin-2.15.2.jar (113 KB at 727.8 KB/sec)
Downloading: http://repo.maven.apache.org/maven2/org/codehaus/mojo/sql-maven-plugin/1.5/sql-maven-plugin-1.5.pom
Downloaded: http://repo.maven.apache.org/maven2/org/codehaus/mojo/sql-maven-plugin/1.5/sql-maven-plugin-1.5.pom (9 KB at 102.9 KB/sec)
Downloading: http://repo.maven.apache.org/maven2/org/codehaus/mojo/sql-maven-plugin/1.5/sql-maven-plugin-1.5.jar
Downloaded: http://repo.maven.apache.org/maven2/org/codehaus/mojo/sql-maven-plugin/1.5/sql-maven-plugin-1.5.jar (68 KB at 542.7 KB/sec)
Downloading: http://repo.maven.apache.org/maven2/org/scala-lang/scala-library/2.10.4/scala-library-2.10.4.pom
Downloaded: http://repo.maven.apache.org/maven2/org/scala-lang/scala-library/2.10.4/scala-library-2.10.4.pom (2 KB at 25.0 KB/sec)
Downloading: http://repo.maven.apache.org/maven2/org/scala-lang/scala-compiler/2.10.4/scala-compiler-2.10.4.pom
Downloaded: http://repo.maven.apache.org/maven2/org/scala-lang/scala-compiler/2.10.4/scala-compiler-2.10.4.pom (3 KB at 33.4 KB/sec)
Downloading: http://repo.maven.apache.org/maven2/org/scala-lang/scala-reflect/2.10.4/scala-reflect-2.10.4.pom
Downloaded: http://repo.maven.apache.org/maven2/org/scala-lang/scala-reflect/2.10.4/scala-reflect-2.10.4.pom (2 KB at 27.9 KB/sec)
Downloading: http://repo.maven.apache.org/maven2/com/h2database/h2/1.3.174/h2-1.3.174.pom
Downloaded: http://repo.maven.apache.org/maven2/com/h2database/h2/1.3.174/h2-1.3.174.pom (973 B at 13.8 KB/sec)
Downloading: http://repo.maven.apache.org/maven2/org/scalatest/scalatest_2.10/2.1.3/scalatest_2.10-2.1.3.pom
Downloaded: http://repo.maven.apache.org/maven2/org/scalatest/scalatest_2.10/2.1.3/scalatest_2.10-2.1.3.pom (8 KB at 106.7 KB/sec)
Downloading: http://repo.maven.apache.org/maven2/org/scala-lang/scala-library/2.10.3/scala-library-2.10.3.pom
Downloaded: http://repo.maven.apache.org/maven2/org/scala-lang/scala-library/2.10.3/scala-library-2.10.3.pom (2 KB at 30.2 KB/sec)
Downloading: http://repo.maven.apache.org/maven2/org/scala-lang/scala-reflect/2.10.3/scala-reflect-2.10.3.pom
Downloaded: http://repo.maven.apache.org/maven2/org/scala-lang/scala-reflect/2.10.3/scala-reflect-2.10.3.pom (2 KB at 29.2 KB/sec)
Downloading: http://repo.maven.apache.org/maven2/junit/junit/4.8.2/junit-4.8.2.pom
Downloaded: http://repo.maven.apache.org/maven2/junit/junit/4.8.2/junit-4.8.2.pom (2 KB at 23.0 KB/sec)
Downloading: http://repo.maven.apache.org/maven2/org/scala-lang/scala-library/2.10.4/scala-library-2.10.4.jar
Downloading: http://repo.maven.apache.org/maven2/org/scala-lang/scala-compiler/2.10.4/scala-compiler-2.10.4.jar
Downloading: http://repo.maven.apache.org/maven2/org/scala-lang/scala-reflect/2.10.4/scala-reflect-2.10.4.jar
Downloading: http://repo.maven.apache.org/maven2/org/scalatest/scalatest_2.10/2.1.3/scalatest_2.10-2.1.3.jar
Downloading: http://repo.maven.apache.org/maven2/com/h2database/h2/1.3.174/h2-1.3.174.jar
Downloaded: http://repo.maven.apache.org/maven2/com/h2database/h2/1.3.174/h2-1.3.174.jar (1569 KB at 2142.4 KB/sec)
Downloading: http://repo.maven.apache.org/maven2/junit/junit/4.8.2/junit-4.8.2.jar
Downloaded: http://repo.maven.apache.org/maven2/org/scala-lang/scala-reflect/2.10.4/scala-reflect-2.10.4.jar (3129 KB at 3663.2 KB/sec)
Downloaded: http://repo.maven.apache.org/maven2/junit/junit/4.8.2/junit-4.8.2.jar (232 KB at 1609.6 KB/sec)
Downloaded: http://repo.maven.apache.org/maven2/org/scalatest/scalatest_2.10/2.1.3/scalatest_2.10-2.1.3.jar (7038 KB at 2788.2 KB/sec)
Downloaded: http://repo.maven.apache.org/maven2/org/scala-lang/scala-library/2.10.4/scala-library-2.10.4.jar (6960 KB at 2194.0 KB/sec)
Downloaded: http://repo.maven.apache.org/maven2/org/scala-lang/scala-compiler/2.10.4/scala-compiler-2.10.4.jar (14108 KB at 3275.4 KB/sec)
[INFO] 
[INFO] --- maven-clean-plugin:2.3:clean (default-clean) @ jooq-scala ---
[INFO] Deleting file set: /home/ooxi/code/java/jOOQ/jOOQ-scala/target (included: [**], excluded: [])
[INFO] 
[INFO] --- maven-enforcer-plugin:1.0:enforce (enforce-maven) @ jooq-scala ---
[INFO] 
[INFO] --- maven-resources-plugin:2.5:resources (default-resources) @ jooq-scala ---
[debug] execute contextualize
[INFO] Using 'UTF-8' encoding to copy filtered resources.
[INFO] Copying 2 resources
[INFO] 
[INFO] --- maven-compiler-plugin:2.3.2:compile (default-compile) @ jooq-scala ---
[INFO] Nothing to compile - all classes are up to date
[INFO] 
[INFO] --- maven-scala-plugin:2.15.2:compile (default) @ jooq-scala ---
Downloading: http://repo.maven.apache.org/maven2/org/apache/maven/reporting/maven-reporting-api/2.2.1/maven-reporting-api-2.2.1.pom
Downloaded: http://repo.maven.apache.org/maven2/org/apache/maven/reporting/maven-reporting-api/2.2.1/maven-reporting-api-2.2.1.pom (2 KB at 21.5 KB/sec)
Downloading: http://repo.maven.apache.org/maven2/org/apache/maven/reporting/maven-reporting/2.2.1/maven-reporting-2.2.1.pom
Downloaded: http://repo.maven.apache.org/maven2/org/apache/maven/reporting/maven-reporting/2.2.1/maven-reporting-2.2.1.pom (2 KB at 21.7 KB/sec)
Downloading: http://repo.maven.apache.org/maven2/org/apache/maven/doxia/doxia-sink-api/1.1/doxia-sink-api-1.1.pom
Downloaded: http://repo.maven.apache.org/maven2/org/apache/maven/doxia/doxia-sink-api/1.1/doxia-sink-api-1.1.pom (2 KB at 33.2 KB/sec)
Downloading: http://repo.maven.apache.org/maven2/org/apache/maven/doxia/doxia/1.1/doxia-1.1.pom
Downloaded: http://repo.maven.apache.org/maven2/org/apache/maven/doxia/doxia/1.1/doxia-1.1.pom (15 KB at 157.7 KB/sec)
Downloading: http://repo.maven.apache.org/maven2/org/apache/maven/doxia/doxia-logging-api/1.1/doxia-logging-api-1.1.pom
Downloaded: http://repo.maven.apache.org/maven2/org/apache/maven/doxia/doxia-logging-api/1.1/doxia-logging-api-1.1.pom (2 KB at 23.0 KB/sec)
Downloading: http://repo.maven.apache.org/maven2/org/codehaus/plexus/plexus-utils/1.4.5/plexus-utils-1.4.5.pom
Downloaded: http://repo.maven.apache.org/maven2/org/codehaus/plexus/plexus-utils/1.4.5/plexus-utils-1.4.5.pom (3 KB at 35.1 KB/sec)
Downloading: http://repo.maven.apache.org/maven2/org/apache/maven/maven-core/2.2.1/maven-core-2.2.1.pom
Downloaded: http://repo.maven.apache.org/maven2/org/apache/maven/maven-core/2.2.1/maven-core-2.2.1.pom (12 KB at 167.1 KB/sec)
Downloading: http://repo.maven.apache.org/maven2/org/apache/maven/maven-plugin-parameter-documenter/2.2.1/maven-plugin-parameter-documenter-2.2.1.pom
Downloaded: http://repo.maven.apache.org/maven2/org/apache/maven/maven-plugin-parameter-documenter/2.2.1/maven-plugin-parameter-documenter-2.2.1.pom (2 KB at 30.3 KB/sec)
Downloading: http://repo.maven.apache.org/maven2/org/slf4j/slf4j-jdk14/1.5.6/slf4j-jdk14-1.5.6.pom
Downloaded: http://repo.maven.apache.org/maven2/org/slf4j/slf4j-jdk14/1.5.6/slf4j-jdk14-1.5.6.pom (2 KB at 29.9 KB/sec)
Downloading: http://repo.maven.apache.org/maven2/org/slf4j/slf4j-parent/1.5.6/slf4j-parent-1.5.6.pom
Downloaded: http://repo.maven.apache.org/maven2/org/slf4j/slf4j-parent/1.5.6/slf4j-parent-1.5.6.pom (8 KB at 128.9 KB/sec)
Downloading: http://repo.maven.apache.org/maven2/org/slf4j/slf4j-api/1.5.6/slf4j-api-1.5.6.pom
Downloaded: http://repo.maven.apache.org/maven2/org/slf4j/slf4j-api/1.5.6/slf4j-api-1.5.6.pom (3 KB at 45.5 KB/sec)
Downloading: http://repo.maven.apache.org/maven2/org/slf4j/jcl-over-slf4j/1.5.6/jcl-over-slf4j-1.5.6.pom
Downloaded: http://repo.maven.apache.org/maven2/org/slf4j/jcl-over-slf4j/1.5.6/jcl-over-slf4j-1.5.6.pom (3 KB at 31.6 KB/sec)
Downloading: http://repo.maven.apache.org/maven2/org/apache/maven/maven-error-diagnostics/2.2.1/maven-error-diagnostics-2.2.1.pom
Downloaded: http://repo.maven.apache.org/maven2/org/apache/maven/maven-error-diagnostics/2.2.1/maven-error-diagnostics-2.2.1.pom (2 KB at 26.1 KB/sec)
Downloading: http://repo.maven.apache.org/maven2/commons-cli/commons-cli/1.2/commons-cli-1.2.pom
Downloaded: http://repo.maven.apache.org/maven2/commons-cli/commons-cli/1.2/commons-cli-1.2.pom (8 KB at 114.6 KB/sec)
Downloading: http://repo.maven.apache.org/maven2/org/apache/commons/commons-parent/11/commons-parent-11.pom
Downloaded: http://repo.maven.apache.org/maven2/org/apache/commons/commons-parent/11/commons-parent-11.pom (25 KB at 308.6 KB/sec)
Downloading: http://repo.maven.apache.org/maven2/org/apache/maven/maven-plugin-descriptor/2.2.1/maven-plugin-descriptor-2.2.1.pom
Downloaded: http://repo.maven.apache.org/maven2/org/apache/maven/maven-plugin-descriptor/2.2.1/maven-plugin-descriptor-2.2.1.pom (3 KB at 32.0 KB/sec)
Downloading: http://repo.maven.apache.org/maven2/org/apache/maven/maven-monitor/2.2.1/maven-monitor-2.2.1.pom
Downloaded: http://repo.maven.apache.org/maven2/org/apache/maven/maven-monitor/2.2.1/maven-monitor-2.2.1.pom (2 KB at 19.5 KB/sec)
Downloading: http://repo.maven.apache.org/maven2/org/sonatype/plexus/plexus-sec-dispatcher/1.3/plexus-sec-dispatcher-1.3.pom
Downloaded: http://repo.maven.apache.org/maven2/org/sonatype/plexus/plexus-sec-dispatcher/1.3/plexus-sec-dispatcher-1.3.pom (3 KB at 42.5 KB/sec)
Downloading: http://repo.maven.apache.org/maven2/org/sonatype/spice/spice-parent/12/spice-parent-12.pom
Downloaded: http://repo.maven.apache.org/maven2/org/sonatype/spice/spice-parent/12/spice-parent-12.pom (7 KB at 103.7 KB/sec)
Downloading: http://repo.maven.apache.org/maven2/org/sonatype/forge/forge-parent/4/forge-parent-4.pom
Downloaded: http://repo.maven.apache.org/maven2/org/sonatype/forge/forge-parent/4/forge-parent-4.pom (9 KB at 124.2 KB/sec)
Downloading: http://repo.maven.apache.org/maven2/org/sonatype/plexus/plexus-cipher/1.4/plexus-cipher-1.4.pom
Downloaded: http://repo.maven.apache.org/maven2/org/sonatype/plexus/plexus-cipher/1.4/plexus-cipher-1.4.pom (3 KB at 25.5 KB/sec)
Downloading: http://repo.maven.apache.org/maven2/org/apache/commons/commons-exec/1.0.1/commons-exec-1.0.1.pom
Downloaded: http://repo.maven.apache.org/maven2/org/apache/commons/commons-exec/1.0.1/commons-exec-1.0.1.pom (8 KB at 103.5 KB/sec)
Downloading: http://repo.maven.apache.org/maven2/org/yaml/snakeyaml/1.4/snakeyaml-1.4.pom
Downloaded: http://repo.maven.apache.org/maven2/org/yaml/snakeyaml/1.4/snakeyaml-1.4.pom (8 KB at 103.6 KB/sec)
Downloading: http://repo.maven.apache.org/maven2/org/codehaus/plexus/plexus-utils/2.0.1/plexus-utils-2.0.1.pom
Downloaded: http://repo.maven.apache.org/maven2/org/codehaus/plexus/plexus-utils/2.0.1/plexus-utils-2.0.1.pom (4 KB at 51.8 KB/sec)
Downloading: http://repo.maven.apache.org/maven2/org/apache/maven/doxia/doxia-sink-api/1.1.2/doxia-sink-api-1.1.2.pom
Downloaded: http://repo.maven.apache.org/maven2/org/apache/maven/doxia/doxia-sink-api/1.1.2/doxia-sink-api-1.1.2.pom (2 KB at 24.4 KB/sec)
Downloading: http://repo.maven.apache.org/maven2/org/apache/maven/doxia/doxia/1.1.2/doxia-1.1.2.pom
Downloaded: http://repo.maven.apache.org/maven2/org/apache/maven/doxia/doxia/1.1.2/doxia-1.1.2.pom (18 KB at 211.1 KB/sec)
Downloading: http://repo.maven.apache.org/maven2/org/apache/maven/maven-parent/15/maven-parent-15.pom
Downloaded: http://repo.maven.apache.org/maven2/org/apache/maven/maven-parent/15/maven-parent-15.pom (24 KB at 260.4 KB/sec)
Downloading: http://repo.maven.apache.org/maven2/org/apache/maven/doxia/doxia-logging-api/1.1.2/doxia-logging-api-1.1.2.pom
Downloaded: http://repo.maven.apache.org/maven2/org/apache/maven/doxia/doxia-logging-api/1.1.2/doxia-logging-api-1.1.2.pom (2 KB at 22.7 KB/sec)
Downloading: http://repo.maven.apache.org/maven2/org/codehaus/jackson/jackson-core-asl/1.6.1/jackson-core-asl-1.6.1.pom
Downloaded: http://repo.maven.apache.org/maven2/org/codehaus/jackson/jackson-core-asl/1.6.1/jackson-core-asl-1.6.1.pom (1016 B at 15.3 KB/sec)
Downloading: http://repo.maven.apache.org/maven2/org/codehaus/jackson/jackson-mapper-asl/1.6.1/jackson-mapper-asl-1.6.1.pom
Downloaded: http://repo.maven.apache.org/maven2/org/codehaus/jackson/jackson-mapper-asl/1.6.1/jackson-mapper-asl-1.6.1.pom (2 KB at 15.5 KB/sec)
Downloading: http://repo.maven.apache.org/maven2/org/apache/maven/shared/maven-invoker/2.0.11/maven-invoker-2.0.11.pom
Downloaded: http://repo.maven.apache.org/maven2/org/apache/maven/shared/maven-invoker/2.0.11/maven-invoker-2.0.11.pom (5 KB at 81.2 KB/sec)
Downloading: http://repo.maven.apache.org/maven2/org/slf4j/jcl-over-slf4j/1.5.6/jcl-over-slf4j-1.5.6.jar
Downloading: http://repo.maven.apache.org/maven2/org/slf4j/slf4j-api/1.5.6/slf4j-api-1.5.6.jar
Downloading: http://repo.maven.apache.org/maven2/org/slf4j/slf4j-jdk14/1.5.6/slf4j-jdk14-1.5.6.jar
Downloading: http://repo.maven.apache.org/maven2/org/apache/maven/doxia/doxia-logging-api/1.1/doxia-logging-api-1.1.jar
Downloading: http://repo.maven.apache.org/maven2/org/apache/maven/reporting/maven-reporting-api/2.2.1/maven-reporting-api-2.2.1.jar
Downloaded: http://repo.maven.apache.org/maven2/org/apache/maven/doxia/doxia-logging-api/1.1/doxia-logging-api-1.1.jar (12 KB at 167.7 KB/sec)
Downloading: http://repo.maven.apache.org/maven2/commons-cli/commons-cli/1.2/commons-cli-1.2.jar
Downloaded: http://repo.maven.apache.org/maven2/org/slf4j/slf4j-jdk14/1.5.6/slf4j-jdk14-1.5.6.jar (9 KB at 128.5 KB/sec)
Downloading: http://repo.maven.apache.org/maven2/org/sonatype/plexus/plexus-sec-dispatcher/1.3/plexus-sec-dispatcher-1.3.jar
Downloaded: http://repo.maven.apache.org/maven2/org/apache/maven/reporting/maven-reporting-api/2.2.1/maven-reporting-api-2.2.1.jar (10 KB at 138.5 KB/sec)
Downloading: http://repo.maven.apache.org/maven2/org/sonatype/plexus/plexus-cipher/1.4/plexus-cipher-1.4.jar
Downloaded: http://repo.maven.apache.org/maven2/org/slf4j/jcl-over-slf4j/1.5.6/jcl-over-slf4j-1.5.6.jar (17 KB at 196.7 KB/sec)
Downloading: http://repo.maven.apache.org/maven2/org/apache/commons/commons-exec/1.0.1/commons-exec-1.0.1.jar
Downloaded: http://repo.maven.apache.org/maven2/org/slf4j/slf4j-api/1.5.6/slf4j-api-1.5.6.jar (22 KB at 234.6 KB/sec)
Downloading: http://repo.maven.apache.org/maven2/org/yaml/snakeyaml/1.4/snakeyaml-1.4.jar
Downloaded: http://repo.maven.apache.org/maven2/org/sonatype/plexus/plexus-sec-dispatcher/1.3/plexus-sec-dispatcher-1.3.jar (28 KB at 442.6 KB/sec)
Downloaded: http://repo.maven.apache.org/maven2/org/sonatype/plexus/plexus-cipher/1.4/plexus-cipher-1.4.jar (14 KB at 219.6 KB/sec)
Downloading: http://repo.maven.apache.org/maven2/org/codehaus/plexus/plexus-utils/2.0.1/plexus-utils-2.0.1.jar
Downloading: http://repo.maven.apache.org/maven2/org/apache/maven/doxia/doxia-sink-api/1.1.2/doxia-sink-api-1.1.2.jar
Downloaded: http://repo.maven.apache.org/maven2/commons-cli/commons-cli/1.2/commons-cli-1.2.jar (41 KB at 514.9 KB/sec)
Downloading: http://repo.maven.apache.org/maven2/org/codehaus/jackson/jackson-core-asl/1.6.1/jackson-core-asl-1.6.1.jar
Downloaded: http://repo.maven.apache.org/maven2/org/apache/commons/commons-exec/1.0.1/commons-exec-1.0.1.jar (49 KB at 601.3 KB/sec)
Downloading: http://repo.maven.apache.org/maven2/org/codehaus/jackson/jackson-mapper-asl/1.6.1/jackson-mapper-asl-1.6.1.jar
Downloaded: http://repo.maven.apache.org/maven2/org/apache/maven/doxia/doxia-sink-api/1.1.2/doxia-sink-api-1.1.2.jar (13 KB at 247.9 KB/sec)
Downloading: http://repo.maven.apache.org/maven2/org/apache/maven/shared/maven-invoker/2.0.11/maven-invoker-2.0.11.jar
Downloaded: http://repo.maven.apache.org/maven2/org/yaml/snakeyaml/1.4/snakeyaml-1.4.jar (213 KB at 1278.4 KB/sec)
Downloaded: http://repo.maven.apache.org/maven2/org/apache/maven/shared/maven-invoker/2.0.11/maven-invoker-2.0.11.jar (29 KB at 357.4 KB/sec)
Downloaded: http://repo.maven.apache.org/maven2/org/codehaus/jackson/jackson-core-asl/1.6.1/jackson-core-asl-1.6.1.jar (197 KB at 1422.2 KB/sec)
Downloaded: http://repo.maven.apache.org/maven2/org/codehaus/plexus/plexus-utils/2.0.1/plexus-utils-2.0.1.jar (217 KB at 1414.8 KB/sec)
Downloaded: http://repo.maven.apache.org/maven2/org/codehaus/jackson/jackson-mapper-asl/1.6.1/jackson-mapper-asl-1.6.1.jar (530 KB at 2225.0 KB/sec)
[INFO] Checking for multiple versions of scala
[WARNING]  Expected all dependencies to require Scala version: 2.10.4
[WARNING]  org.jooq:jooq-scala:3.4.0-SNAPSHOT requires scala version: 2.10.4
[WARNING]  org.jooq:jooq-scala:3.4.0-SNAPSHOT requires scala version: 2.10.4
[WARNING]  org.scala-lang:scala-compiler:2.10.4 requires scala version: 2.10.4
[WARNING]  org.scala-lang:scala-reflect:2.10.4 requires scala version: 2.10.4
[WARNING]  org.scalatest:scalatest_2.10:2.1.3 requires scala version: 2.10.3
[WARNING] Multiple versions of scala libraries detected!
[INFO] includes = [**/*.scala,**/*.java,]
[INFO] excludes = []
[INFO] /home/ooxi/code/java/jOOQ/jOOQ-scala/src/main/scala:-1: info: compiling
[INFO] Compiling 1 source files to /home/ooxi/code/java/jOOQ/jOOQ-scala/target/classes at 1401177808663
[WARNING] warning: there were 2 deprecation warning(s); re-run with -deprecation for details
[WARNING] warning: there were 71 feature warning(s); re-run with -feature for details
[WARNING] two warnings found
[INFO] prepare-compile in 0 s
[INFO] compile in 14 s
[INFO] 
[INFO] --- build-helper-maven-plugin:1.7:add-test-source (add-test-sources) @ jooq-scala ---
[INFO] Test Source directory: /home/ooxi/code/java/jOOQ/jOOQ-scala/target/generated-test-sources/jooq-h2 added.
[INFO] 
[INFO] --- sql-maven-plugin:1.5:execute (create-database) @ jooq-scala ---
Downloading: http://repo.maven.apache.org/maven2/com/h2database/h2/1.3.168/h2-1.3.168.pom
Downloaded: http://repo.maven.apache.org/maven2/com/h2database/h2/1.3.168/h2-1.3.168.pom (670 B at 9.9 KB/sec)
Downloading: http://repo.maven.apache.org/maven2/org/apache/maven/shared/maven-filtering/1.0-beta-3/maven-filtering-1.0-beta-3.pom
Downloaded: http://repo.maven.apache.org/maven2/org/apache/maven/shared/maven-filtering/1.0-beta-3/maven-filtering-1.0-beta-3.pom (6 KB at 72.7 KB/sec)
Downloading: http://repo.maven.apache.org/maven2/com/h2database/h2/1.3.168/h2-1.3.168.jar
Downloading: http://repo.maven.apache.org/maven2/org/apache/maven/shared/maven-filtering/1.0-beta-3/maven-filtering-1.0-beta-3.jar
Downloading: http://repo.maven.apache.org/maven2/org/codehaus/plexus/plexus-interpolation/1.12/plexus-interpolation-1.12.jar
Downloaded: http://repo.maven.apache.org/maven2/org/apache/maven/shared/maven-filtering/1.0-beta-3/maven-filtering-1.0-beta-3.jar (34 KB at 369.2 KB/sec)
Downloaded: http://repo.maven.apache.org/maven2/org/codehaus/plexus/plexus-interpolation/1.12/plexus-interpolation-1.12.jar (60 KB at 522.2 KB/sec)
Downloaded: http://repo.maven.apache.org/maven2/com/h2database/h2/1.3.168/h2-1.3.168.jar (1251 KB at 2655.5 KB/sec)
[INFO] Executing file: /tmp/db.1566767828sql
[INFO] 12 of 12 SQL statements executed successfully
[INFO] 
[INFO] --- jooq-codegen-maven:3.4.0-SNAPSHOT:generate (exec1) @ jooq-scala ---
[INFO] ------------------------------------------------------------------------
[INFO] Reactor Summary:
[INFO] 
[INFO] jOOQ Parent ....................................... SUCCESS [7.795s]
[INFO] jOOQ .............................................. SUCCESS [58.926s]
[INFO] jOOQ Meta ......................................... SUCCESS [8.247s]
[INFO] jOOQ Codegen ...................................... SUCCESS [2.648s]
[INFO] jOOQ Codegen Maven ................................ SUCCESS [9.314s]
[INFO] jOOQ Scala ........................................ FAILURE [24.143s]
[INFO] ------------------------------------------------------------------------
[INFO] BUILD FAILURE
[INFO] ------------------------------------------------------------------------
[INFO] Total time: 1:58.028s
[INFO] Finished at: Tue May 27 10:03:44 CEST 2014
[INFO] Final Memory: 17M/92M
[INFO] ------------------------------------------------------------------------
[ERROR] Failed to execute goal org.jooq:jooq-codegen-maven:3.4.0-SNAPSHOT:generate (exec1) on project jooq-scala: The parameters 'project' for goal org.jooq:jooq-codegen-maven:3.4.0-SNAPSHOT:generate are missing or invalid -> [Help 1]
[ERROR] 
[ERROR] To see the full stack trace of the errors, re-run Maven with the -e switch.
[ERROR] Re-run Maven using the -X switch to enable full debug logging.
[ERROR] 
[ERROR] For more information about the errors and possible solutions, please read the following articles:
[ERROR] [Help 1] http://cwiki.apache.org/confluence/display/MAVEN/PluginParameterException
[ERROR] 
[ERROR] After correcting the problems, you can resume the build with the command
[ERROR]   mvn <goals> -rf :jooq-scala

